 DLL

 Timestamp is 69187c29 (Sat Nov 15 16:12:09 2025)

 Preferred load address is 0000000180000000

 Start         Length     Name                   Class
 0001:00000000 00000714H .text                   CODE
 0001:00000720 00000023H .text$_Z3powB6v15007IiiENSt3__19enable_ifIXaasr3std13is_arithmeticIT_EE5valuesr3std13is_arithmeticIT0_EE5valueENS0_9__promoteIS2_S3_vEEE4type4typeES2_S3_ CODE
 0001:00000750 00001984H .text                   CODE
 0002:00000000 00000008H .rdata$.refptr.__dyn_tls_init_callback DATA
 0002:00000008 00000008H .rdata$.refptr.__mingw_app_type DATA
 0002:00000010 00000008H .rdata$.refptr.__native_dllmain_reason DATA
 0002:00000018 00000008H .rdata$.refptr.__native_startup_lock DATA
 0002:00000020 00000008H .rdata$.refptr.__native_startup_state DATA
 0002:00000028 00000008H .rdata$.refptr.__xc_a   DATA
 0002:00000030 00000008H .rdata$.refptr.__xc_z   DATA
 0002:00000038 00000008H .rdata$.refptr.__xi_a   DATA
 0002:00000040 00000008H .rdata$.refptr.__xi_z   DATA
 0002:00000048 00000008H .rdata$.refptr._hInstance DATA
 0002:00000050 00000012H .rdata                  DATA
 0002:00000068 00000008H .rdata$.refptr.__imp__tzset DATA
 0002:00000070 00000008H .rdata$.refptr.__mingw_module_is_dll DATA
 0002:00000078 00000008H .rdata$.refptr.__CTOR_LIST__ DATA
 0002:00000080 00000030H .rdata                  DATA
 0002:000000b0 00000008H .rdata$.refptr._CRT_MT  DATA
 0002:000000b8 00000143H .rdata                  DATA
 0002:00000200 00000008H .rdata$.refptr.__RUNTIME_PSEUDO_RELOC_LIST_END__ DATA
 0002:00000208 00000008H .rdata$.refptr.__RUNTIME_PSEUDO_RELOC_LIST__ DATA
 0002:00000210 00000008H .rdata$.refptr.__image_base__ DATA
 0002:00000218 00000008H .CRT$XCA                DATA
 0002:00000220 00000008H .CRT$XCZ                DATA
 0002:00000228 00000008H .CRT$XDA                DATA
 0002:00000230 00000008H .CRT$XDZ                DATA
 0002:00000238 00000008H .CRT$XIA                DATA
 0002:00000240 00000008H .CRT$XIAA               DATA
 0002:00000248 00000008H .CRT$XIZ                DATA
 0002:00000250 00000008H .CRT$XLA                DATA
 0002:00000258 00000008H .CRT$XLC                DATA
 0002:00000260 00000008H .CRT$XLD                DATA
 0002:00000268 00000008H .CRT$XLZ                DATA
 0002:00000a90 00000048H .xdata                  DATA
 0002:00000ad8 00000008H .xdata$_Z3powB6v15007IiiENSt3__19enable_ifIXaasr3std13is_arithmeticIT_EE5valuesr3std13is_arithmeticIT0_EE5valueENS0_9__promoteIS2_S3_vEEE4type4typeES2_S3_ DATA
 0002:00000ae0 00000134H .xdata                  DATA
 0004:00000000 000000d8H .data                   DATA
 0004:000000d8 000000acH .bss                    DATA
 0005:00000000 0000006cH .pdata                  DATA
 0005:0000006c 0000000cH .pdata$_Z3powB6v15007IiiENSt3__19enable_ifIXaasr3std13is_arithmeticIT_EE5valuesr3std13is_arithmeticIT0_EE5valueENS0_9__promoteIS2_S3_vEEE4type4typeES2_S3_ DATA
 0005:00000078 000001c8H .pdata                  DATA
 0006:00000000 00000008H .tls                    DATA
 0006:00000008 00000008H .tls$ZZZ                DATA
 0007:00000000 000000c0H .rsrc$01                DATA
 0007:000000c0 000001e8H .rsrc$02                DATA

  Address         Publics by Value              Rva+Base               Lib:Object

 0000:00000000       __ImageBase                0000000180000000     <linker-defined>
 0001:00000020       _CRT_INIT                  0000000180001020     dllcrt2.o
 0001:00000280       DllMainCRTStartup          0000000180001280     dllcrt2.o
 0001:000004a0       atexit                     00000001800014a0     dllcrt2.o
 0001:000004c0       __System__GetTls           00000001800014c0     crtbegin.o
 0001:000004d6       _ZN7Sysinit7_GetTlsEv      00000001800014d6     crtbegin.o
 0001:000004f0       _Z6GetBithi                00000001800014f0     uDLL.o
 0001:00000530       _Z10ChangeBytehi           0000000180001530     uDLL.o
 0001:000005e0       Crypt                      00000001800015e0     uDLL.o
 0001:00000690       Decrypt                    0000000180001690     uDLL.o
 0001:00000720       _Z3powB6v15007IiiENSt3__19enable_ifIXaasr3std13is_arithmeticIT_EE5valuesr3std13is_arithmeticIT0_EE5valueENS0_9__promoteIS2_S3_vEEE4type4typeES2_S3_ 0000000180001720     uDLL.o
 0001:00000750       __getmainargs              0000000180001750     libucrt:lib64_libucrt_extra_a-ucrtbase_compat.o
 0001:000007e0       __wgetmainargs             00000001800017e0     libucrt:lib64_libucrt_extra_a-ucrtbase_compat.o
 0001:00000870       _onexit                    0000000180001870     libucrt:lib64_libucrt_extra_a-ucrtbase_compat.o
 0001:000008c0       at_quick_exit              00000001800018c0     libucrt:lib64_libucrt_extra_a-ucrtbase_compat.o
 0001:00000900       _amsg_exit                 0000000180001900     libucrt:lib64_libucrt_extra_a-ucrtbase_compat.o
 0001:00000940       _get_output_format         0000000180001940     libucrt:lib64_libucrt_extra_a-ucrtbase_compat.o
 0001:00000950       _tzset                     0000000180001950     libucrt:lib64_libucrt_extra_a-ucrtbase_compat.o
 0001:00000990       tzset                      0000000180001990     libucrt:lib64_libucrt_extra_a-ucrtbase_compat.o
 0001:000009a0       __ms_fwprintf              00000001800019a0     libucrt:lib64_libucrt_extra_a-ucrtbase_compat.o
 0001:00000a00       __do_global_dtors          0000000180001a00     libmingw32:lib64_libmingw32_a-gccmain.o
 0001:00000a40       __do_global_ctors          0000000180001a40     libmingw32:lib64_libmingw32_a-gccmain.o
 0001:00000af0       __main                     0000000180001af0     libmingw32:lib64_libmingw32_a-gccmain.o
 0001:00000b20       __dyn_tls_init             0000000180001b20     libmingw32:lib64_libmingw32_a-tlssup.o
 0001:00000c00       __tlregdtor                0000000180001c00     libmingw32:lib64_libmingw32_a-tlssup.o
 0001:00000ca0       _pei386_runtime_relocator  0000000180001ca0     libmingw32:lib64_libmingw32_a-pseudo-reloc.o
 0001:00001580       DllEntryPoint              0000000180002580     libmingwex:lib64_libmingwex_a-dllentry.o
 0001:000015b0       DllMain                    00000001800025b0     libmingwex:lib64_libmingwex_a-dllmain.o
 0001:000015e0       fprintf                    00000001800025e0     libucrt:lib64_libucrt_extra_a-ucrt_fprintf.o
 0001:00001640       ___w64_mingwthr_add_key_dtor 0000000180002640     libmingw32:lib64_libmingw32_a-tlsthrd.o
 0001:00001700       ___w64_mingwthr_remove_key_dtor 0000000180002700     libmingw32:lib64_libmingw32_a-tlsthrd.o
 0001:000017e0       __mingw_TLScallback        00000001800027e0     libmingw32:lib64_libmingw32_a-tlsthrd.o
 0001:000019a0       _ValidateImageBase         00000001800029a0     libmingw32:lib64_libmingw32_a-pesect.o
 0001:00001a50       _FindPESection             0000000180002a50     libmingw32:lib64_libmingw32_a-pesect.o
 0001:00001b30       _FindPESectionByName       0000000180002b30     libmingw32:lib64_libmingw32_a-pesect.o
 0001:00001c40       __mingw_GetSectionForAddress 0000000180002c40     libmingw32:lib64_libmingw32_a-pesect.o
 0001:00001cb0       __mingw_GetSectionCount    0000000180002cb0     libmingw32:lib64_libmingw32_a-pesect.o
 0001:00001d10       _FindPESectionExec         0000000180002d10     libmingw32:lib64_libmingw32_a-pesect.o
 0001:00001e10       _GetPEImageBase            0000000180002e10     libmingw32:lib64_libmingw32_a-pesect.o
 0001:00001e60       _IsNonwritableInCurrentImage 0000000180002e60     libmingw32:lib64_libmingw32_a-pesect.o
 0001:00001f00       __mingw_enum_import_library_names 0000000180002f00     libmingw32:lib64_libmingw32_a-pesect.o
 0001:0000204c       ___chkstk_ms               000000018000304c     libclang_rt.builtins-x86_64:chkstk.S.obj
 0001:00002080       vfprintf                   0000000180003080     libucrt:lib64_libucrt_extra_a-ucrt_vfprintf.o
 0001:000020c0       .weak._libmain.default     00000001800030c0     libmingw32:lib64_libmingw32_a-_libmain.o
 0001:000020c0       .weak._libmain.default     00000001800030c0     libmingw32:lib64_libmingw32_a-_libmain.o
 0001:000020d0       _fpreset                   00000001800030d0     libmingw32:lib64_libmingw32_a-CRT_fp10.o
 0001:000020d0       fpreset                    00000001800030d0     libmingw32:lib64_libmingw32_a-CRT_fp10.o
 0001:000020e0       pow                        00000001800030e0     libucrt:api-ms-win-crt-math-l1-1-0.dll
 0001:000020f0       _execute_onexit_table      00000001800030f0     libucrt:api-ms-win-crt-runtime-l1-1-0.dll
 0001:00002100       _initialize_onexit_table   0000000180003100     libucrt:api-ms-win-crt-runtime-l1-1-0.dll
 0001:00002110       _initterm                  0000000180003110     libucrt:api-ms-win-crt-runtime-l1-1-0.dll
 0001:00002120       _register_onexit_function  0000000180003120     libucrt:api-ms-win-crt-runtime-l1-1-0.dll
 0001:00002130       Sleep                      0000000180003130     import64:KERNEL32.dll
 0001:00002140       _initialize_narrow_environment 0000000180003140     libucrt:api-ms-win-crt-runtime-l1-1-0.dll
 0001:00002150       _configure_narrow_argv     0000000180003150     libucrt:api-ms-win-crt-runtime-l1-1-0.dll
 0001:00002160       __p___argc                 0000000180003160     libucrt:api-ms-win-crt-runtime-l1-1-0.dll
 0001:00002170       __p___argv                 0000000180003170     libucrt:api-ms-win-crt-runtime-l1-1-0.dll
 0001:00002180       __p__environ               0000000180003180     libucrt:api-ms-win-crt-environment-l1-1-0.dll
 0001:00002190       _set_new_mode              0000000180003190     libucrt:api-ms-win-crt-heap-l1-1-0.dll
 0001:000021a0       _initialize_wide_environment 00000001800031a0     libucrt:api-ms-win-crt-runtime-l1-1-0.dll
 0001:000021b0       _configure_wide_argv       00000001800031b0     libucrt:api-ms-win-crt-runtime-l1-1-0.dll
 0001:000021c0       __p___wargv                00000001800031c0     libucrt:api-ms-win-crt-runtime-l1-1-0.dll
 0001:000021d0       __p__wenviron              00000001800031d0     libucrt:api-ms-win-crt-environment-l1-1-0.dll
 0001:000021e0       _crt_atexit                00000001800031e0     libucrt:api-ms-win-crt-runtime-l1-1-0.dll
 0001:000021f0       _crt_at_quick_exit         00000001800031f0     libucrt:api-ms-win-crt-runtime-l1-1-0.dll
 0001:00002200       __acrt_iob_func            0000000180003200     libucrt:api-ms-win-crt-stdio-l1-1-0.dll
 0001:00002210       _exit                      0000000180003210     libucrt:api-ms-win-crt-runtime-l1-1-0.dll
 0001:00002220       __tzname                   0000000180003220     libucrt:api-ms-win-crt-time-l1-1-0.dll
 0001:00002230       __timezone                 0000000180003230     libucrt:api-ms-win-crt-time-l1-1-0.dll
 0001:00002240       __daylight                 0000000180003240     libucrt:api-ms-win-crt-time-l1-1-0.dll
 0001:00002250       __stdio_common_vfwprintf   0000000180003250     libucrt:api-ms-win-crt-stdio-l1-1-0.dll
 0001:00002260       VirtualProtect             0000000180003260     import64:KERNEL32.dll
 0001:00002270       memcpy                     0000000180003270     libucrt:api-ms-win-crt-private-l1-1-0.dll
 0001:00002280       abort                      0000000180003280     libucrt:api-ms-win-crt-runtime-l1-1-0.dll
 0001:00002290       VirtualQuery               0000000180003290     import64:KERNEL32.dll
 0001:000022a0       GetLastError               00000001800032a0     import64:KERNEL32.dll
 0001:000022b0       __stdio_common_vfprintf    00000001800032b0     libucrt:api-ms-win-crt-stdio-l1-1-0.dll
 0001:000022c0       calloc                     00000001800032c0     libucrt:api-ms-win-crt-heap-l1-1-0.dll
 0001:000022d0       EnterCriticalSection       00000001800032d0     import64:KERNEL32.dll
 0001:000022e0       LeaveCriticalSection       00000001800032e0     import64:KERNEL32.dll
 0001:000022f0       free                       00000001800032f0     libucrt:api-ms-win-crt-heap-l1-1-0.dll
 0001:00002300       InitializeCriticalSection  0000000180003300     import64:KERNEL32.dll
 0001:00002310       DeleteCriticalSection      0000000180003310     import64:KERNEL32.dll
 0001:00002320       TlsGetValue                0000000180003320     import64:KERNEL32.dll
 0001:00002330       strlen                     0000000180003330     libucrt:api-ms-win-crt-string-l1-1-0.dll
 0001:00002340       strncmp                    0000000180003340     libucrt:api-ms-win-crt-string-l1-1-0.dll
 0002:00000000       .refptr.__dyn_tls_init_callback 0000000180004000     dllcrt2.o
 0002:00000008       .refptr.__mingw_app_type   0000000180004008     dllcrt2.o
 0002:00000010       .refptr.__native_dllmain_reason 0000000180004010     dllcrt2.o
 0002:00000018       .refptr.__native_startup_lock 0000000180004018     dllcrt2.o
 0002:00000020       .refptr.__native_startup_state 0000000180004020     dllcrt2.o
 0002:00000028       .refptr.__xc_a             0000000180004028     dllcrt2.o
 0002:00000030       .refptr.__xc_z             0000000180004030     dllcrt2.o
 0002:00000038       .refptr.__xi_a             0000000180004038     dllcrt2.o
 0002:00000040       .refptr.__xi_z             0000000180004040     dllcrt2.o
 0002:00000048       .refptr._hInstance         0000000180004048     dllcrt2.o
 0002:00000068       .refptr.__imp__tzset       0000000180004068     libucrt:lib64_libucrt_extra_a-ucrtbase_compat.o
 0002:00000070       .refptr.__mingw_module_is_dll 0000000180004070     libucrt:lib64_libucrt_extra_a-ucrtbase_compat.o
 0002:00000078       .refptr.__CTOR_LIST__      0000000180004078     libmingw32:lib64_libmingw32_a-gccmain.o
 0002:00000080       _tls_used                  0000000180004080     libmingw32:lib64_libmingw32_a-tlssup.o
 0002:000000a8       __dyn_tls_init_callback    00000001800040a8     libmingw32:lib64_libmingw32_a-tlssup.o
 0002:000000b0       .refptr._CRT_MT            00000001800040b0     libmingw32:lib64_libmingw32_a-tlssup.o
 0002:00000200       .refptr.__RUNTIME_PSEUDO_RELOC_LIST_END__ 0000000180004200     libmingw32:lib64_libmingw32_a-pseudo-reloc.o
 0002:00000208       .refptr.__RUNTIME_PSEUDO_RELOC_LIST__ 0000000180004208     libmingw32:lib64_libmingw32_a-pseudo-reloc.o
 0002:00000210       .refptr.__image_base__     0000000180004210     libmingw32:lib64_libmingw32_a-pseudo-reloc.o
 0002:00000218       __xc_a                     0000000180004218     libmingw32:lib64_libmingw32_a-cinitexe.o
 0000:00000000       __RUNTIME_PSEUDO_RELOC_LIST_END__ 0000000180004218     <linker-defined>
 0000:00000000       __RUNTIME_PSEUDO_RELOC_LIST__ 0000000180004218     <linker-defined>
 0002:00000220       __xc_z                     0000000180004220     libmingw32:lib64_libmingw32_a-cinitexe.o
 0002:00000238       __xi_a                     0000000180004238     libmingw32:lib64_libmingw32_a-cinitexe.o
 0002:00000240       pcinit                     0000000180004240     dllcrt2.o
 0002:00000248       __xi_z                     0000000180004248     libmingw32:lib64_libmingw32_a-cinitexe.o
 0002:00000250       __xl_a                     0000000180004250     libmingw32:lib64_libmingw32_a-tlssup.o
 0002:00000258       __xl_c                     0000000180004258     libmingw32:lib64_libmingw32_a-tlssup.o
 0002:00000260       __xl_d                     0000000180004260     libmingw32:lib64_libmingw32_a-tlssup.o
 0002:00000268       __xl_z                     0000000180004268     libmingw32:lib64_libmingw32_a-tlssup.o
 0000:00000000       __CTOR_LIST__              0000000180004270     <linker-defined>
 0000:00000000       __DTOR_LIST__              0000000180004280     <linker-defined>
 0002:00000538       __imp_pow                  0000000180004538     libucrt:api-ms-win-crt-math-l1-1-0.dll
 0002:00000548       __imp___p___argc           0000000180004548     libucrt:api-ms-win-crt-runtime-l1-1-0.dll
 0002:00000550       __imp___p___argv           0000000180004550     libucrt:api-ms-win-crt-runtime-l1-1-0.dll
 0002:00000558       __imp___p___wargv          0000000180004558     libucrt:api-ms-win-crt-runtime-l1-1-0.dll
 0002:00000560       __imp__configure_narrow_argv 0000000180004560     libucrt:api-ms-win-crt-runtime-l1-1-0.dll
 0002:00000568       __imp__configure_wide_argv 0000000180004568     libucrt:api-ms-win-crt-runtime-l1-1-0.dll
 0002:00000570       __imp__crt_at_quick_exit   0000000180004570     libucrt:api-ms-win-crt-runtime-l1-1-0.dll
 0002:00000578       __imp__crt_atexit          0000000180004578     libucrt:api-ms-win-crt-runtime-l1-1-0.dll
 0002:00000580       __imp__execute_onexit_table 0000000180004580     libucrt:api-ms-win-crt-runtime-l1-1-0.dll
 0002:00000588       __imp__exit                0000000180004588     libucrt:api-ms-win-crt-runtime-l1-1-0.dll
 0002:00000590       __imp__initialize_narrow_environment 0000000180004590     libucrt:api-ms-win-crt-runtime-l1-1-0.dll
 0002:00000598       __imp__initialize_onexit_table 0000000180004598     libucrt:api-ms-win-crt-runtime-l1-1-0.dll
 0002:000005a0       __imp__initialize_wide_environment 00000001800045a0     libucrt:api-ms-win-crt-runtime-l1-1-0.dll
 0002:000005a8       __imp__initterm            00000001800045a8     libucrt:api-ms-win-crt-runtime-l1-1-0.dll
 0002:000005b0       __imp__register_onexit_function 00000001800045b0     libucrt:api-ms-win-crt-runtime-l1-1-0.dll
 0002:000005b8       __imp_abort                00000001800045b8     libucrt:api-ms-win-crt-runtime-l1-1-0.dll
 0002:000005c8       __imp_DeleteCriticalSection 00000001800045c8     import64:KERNEL32.dll
 0002:000005d0       __imp_EnterCriticalSection 00000001800045d0     import64:KERNEL32.dll
 0002:000005d8       __imp_GetLastError         00000001800045d8     import64:KERNEL32.dll
 0002:000005e0       __imp_InitializeCriticalSection 00000001800045e0     import64:KERNEL32.dll
 0002:000005e8       __imp_LeaveCriticalSection 00000001800045e8     import64:KERNEL32.dll
 0002:000005f0       __imp_Sleep                00000001800045f0     import64:KERNEL32.dll
 0002:000005f8       __imp_TlsGetValue          00000001800045f8     import64:KERNEL32.dll
 0002:00000600       __imp_VirtualProtect       0000000180004600     import64:KERNEL32.dll
 0002:00000608       __imp_VirtualQuery         0000000180004608     import64:KERNEL32.dll
 0002:00000618       __imp___p__environ         0000000180004618     libucrt:api-ms-win-crt-environment-l1-1-0.dll
 0002:00000620       __imp___p__wenviron        0000000180004620     libucrt:api-ms-win-crt-environment-l1-1-0.dll
 0002:00000630       __imp__set_new_mode        0000000180004630     libucrt:api-ms-win-crt-heap-l1-1-0.dll
 0002:00000638       __imp_calloc               0000000180004638     libucrt:api-ms-win-crt-heap-l1-1-0.dll
 0002:00000640       __imp_free                 0000000180004640     libucrt:api-ms-win-crt-heap-l1-1-0.dll
 0002:00000650       __imp___acrt_iob_func      0000000180004650     libucrt:api-ms-win-crt-stdio-l1-1-0.dll
 0002:00000658       __imp___stdio_common_vfprintf 0000000180004658     libucrt:api-ms-win-crt-stdio-l1-1-0.dll
 0002:00000660       __imp___stdio_common_vfwprintf 0000000180004660     libucrt:api-ms-win-crt-stdio-l1-1-0.dll
 0002:00000670       __imp___daylight           0000000180004670     libucrt:api-ms-win-crt-time-l1-1-0.dll
 0002:00000678       __imp___timezone           0000000180004678     libucrt:api-ms-win-crt-time-l1-1-0.dll
 0002:00000680       __imp___tzname             0000000180004680     libucrt:api-ms-win-crt-time-l1-1-0.dll
 0002:00000688       __imp__tzset               0000000180004688     libucrt:api-ms-win-crt-time-l1-1-0.dll
 0002:00000698       __imp_memcpy               0000000180004698     libucrt:api-ms-win-crt-private-l1-1-0.dll
 0002:000006a8       __imp_strlen               00000001800046a8     libucrt:api-ms-win-crt-string-l1-1-0.dll
 0002:000006b0       __imp_strncmp              00000001800046b0     libucrt:api-ms-win-crt-string-l1-1-0.dll
 0004:00000000       __isDLL                    0000000180006000     dllcrt2.o
 0004:00000001       __mingw_module_is_dll      0000000180006001     dllcrt2.o
 0004:00000030       __imp__onexit              0000000180006030     libucrt:lib64_libucrt_extra_a-ucrtbase_compat.o
 0004:00000038       __imp_at_quick_exit        0000000180006038     libucrt:lib64_libucrt_extra_a-ucrtbase_compat.o
 0004:00000050       __imp_tzname               0000000180006050     libucrt:lib64_libucrt_extra_a-ucrtbase_compat.o
 0004:00000060       __imp_timezone             0000000180006060     libucrt:lib64_libucrt_extra_a-ucrtbase_compat.o
 0004:00000070       __imp_daylight             0000000180006070     libucrt:lib64_libucrt_extra_a-ucrtbase_compat.o
 0004:00000078       __imp___getmainargs        0000000180006078     libucrt:lib64_libucrt_extra_a-ucrtbase_compat.o
 0004:00000080       __imp___wgetmainargs       0000000180006080     libucrt:lib64_libucrt_extra_a-ucrtbase_compat.o
 0004:00000088       __imp__amsg_exit           0000000180006088     libucrt:lib64_libucrt_extra_a-ucrtbase_compat.o
 0004:00000090       __imp__get_output_format   0000000180006090     libucrt:lib64_libucrt_extra_a-ucrtbase_compat.o
 0004:00000098       __imp_tzset                0000000180006098     libucrt:lib64_libucrt_extra_a-ucrtbase_compat.o
 0004:000000a0       __imp___ms_fwprintf        00000001800060a0     libucrt:lib64_libucrt_extra_a-ucrtbase_compat.o
 0004:000000b8       __native_dllmain_reason    00000001800060b8     libmingw32:lib64_libmingw32_a-natstart.o
 0004:000000bc       __native_vcclrit_reason    00000001800060bc     libmingw32:lib64_libmingw32_a-natstart.o
 0004:000000c0       __imp_fprintf              00000001800060c0     libucrt:lib64_libucrt_extra_a-ucrt_fprintf.o
 0004:000000c8       _CRT_MT                    00000001800060c8     libmingw32:lib64_libmingw32_a-tlsmcrt.o
 0004:000000d0       __imp_vfprintf             00000001800060d0     libucrt:lib64_libucrt_extra_a-ucrt_vfprintf.o
 0004:000000d8       __isGUI                    00000001800060d8     dllcrt2.o
 0004:000000d9       __isVCLPackage             00000001800060d9     dllcrt2.o
 0004:00000100       __native_startup_state     0000000180006100     libmingw32:lib64_libmingw32_a-natstart.o
 0004:00000108       __native_startup_lock      0000000180006108     libmingw32:lib64_libmingw32_a-natstart.o
 0004:00000110       _tls_index                 0000000180006110     libmingw32:lib64_libmingw32_a-tlssup.o
 0004:00000114       __mingw_initltsdrot_force  0000000180006114     libmingw32:lib64_libmingw32_a-tlssup.o
 0004:00000118       __mingw_initltsdyn_force   0000000180006118     libmingw32:lib64_libmingw32_a-tlssup.o
 0004:0000011c       __mingw_initltssuo_force   000000018000611c     libmingw32:lib64_libmingw32_a-tlssup.o
 0004:00000120       __mingw_app_type           0000000180006120     libmingw32:lib64_libmingw32_a-mingw_helpers.o
 0004:00000140       _hInstance                 0000000180006140     libmingw32:lib64_libmingw32_a-hinstance.o
 0006:00000000       _tls_start                 0000000180008000     libmingw32:lib64_libmingw32_a-tlssup.o
 0006:00000008       _tls_end                   0000000180008008     libmingw32:lib64_libmingw32_a-tlssup.o

 entry point at         0001:00000280

 Static symbols

 0001:00000000       pre_c_init                 0000000180001000     dllcrt2.o
 0001:000002d0       __DllMainCRTStartup        00000001800012d0     dllcrt2.o
 0001:00000c40       __dyn_tls_dtor             0000000180001c40     libmingw32:lib64_libmingw32_a-tlssup.o
 0001:00000d40       do_pseudo_reloc            0000000180001d40     libmingw32:lib64_libmingw32_a-pseudo-reloc.o
 0001:000011c0       restore_modified_sections  00000001800021c0     libmingw32:lib64_libmingw32_a-pseudo-reloc.o
 0001:00001260       __write_memory             0000000180002260     libmingw32:lib64_libmingw32_a-pseudo-reloc.o
 0001:000012b0       __report_error             00000001800022b0     libmingw32:lib64_libmingw32_a-pseudo-reloc.o
 0001:00001310       mark_section_writable      0000000180002310     libmingw32:lib64_libmingw32_a-pseudo-reloc.o
 0001:000018f0       __mingwthr_run_key_dtors   00000001800028f0     libmingw32:lib64_libmingw32_a-tlsthrd.o
 0002:00000228       __xd_a                     0000000180004228     libmingw32:lib64_libmingw32_a-tlssup.o
 0002:00000230       __xd_z                     0000000180004230     libmingw32:lib64_libmingw32_a-tlssup.o
 0004:00000010       version_string             0000000180006010     crtbegin.o
 0004:00000040       initial_tznames            0000000180006040     libucrt:lib64_libucrt_extra_a-ucrtbase_compat.o
 0004:00000058       initial_timezone           0000000180006058     libucrt:lib64_libucrt_extra_a-ucrtbase_compat.o
 0004:00000068       initial_daylight           0000000180006068     libucrt:lib64_libucrt_extra_a-ucrtbase_compat.o
 0004:000000a8       initial_tzname0            00000001800060a8     libucrt:lib64_libucrt_extra_a-ucrtbase_compat.o
 0004:000000ac       initial_tzname1            00000001800060ac     libucrt:lib64_libucrt_extra_a-ucrtbase_compat.o
 0004:000000b0       __do_global_dtors.p        00000001800060b0     libmingw32:lib64_libmingw32_a-gccmain.o
 0004:000000dc       __proc_attached            00000001800060dc     dllcrt2.o
 0004:000000e0       atexit_table               00000001800060e0     dllcrt2.o
 0004:000000f8       initialized                00000001800060f8     libmingw32:lib64_libmingw32_a-gccmain.o
 0004:00000128       _pei386_runtime_relocator.was_init 0000000180006128     libmingw32:lib64_libmingw32_a-pseudo-reloc.o
 0004:00000130       the_secs                   0000000180006130     libmingw32:lib64_libmingw32_a-pseudo-reloc.o
 0004:00000138       maxSections                0000000180006138     libmingw32:lib64_libmingw32_a-pseudo-reloc.o
 0004:00000148       __mingwthr_cs_init         0000000180006148     libmingw32:lib64_libmingw32_a-tlsthrd.o
 0004:00000150       __mingwthr_cs              0000000180006150     libmingw32:lib64_libmingw32_a-tlsthrd.o
 0004:00000178       key_dtor_list              0000000180006178     libmingw32:lib64_libmingw32_a-tlsthrd.o
 0007:000000c0       $R000000                   00000001800090c0     internal .obj file created from .res files
 0007:000002a0       $R000001                   00000001800092a0     internal .obj file created from .res files
