 STEGA

 Timestamp is 6903cbe9 (Thu Oct 30 23:34:49 2025)

 Preferred load address is 0000000140000000

 Start         Length     Name                   Class
 0001:00000000 00002484H .text                   CODE
 0001:00002490 00000023H .text$_ZN6System7Classes15TComponentClassC1EPNS_10TMetaClassE CODE
 0001:000024c0 0000000eH .text$__clang_call_terminate CODE
 0001:000024d0 00000023H .text$_ZN6System7Classes15TComponentClassC2EPNS_10TMetaClassE CODE
 0001:00002500 0000001eH .text$_ZN6System15DelphiMetaClassINS_7Classes15TComponentClassEEC2EPNS_10TMetaClassE CODE
 0001:00002520 00001986H .text                   CODE
 0001:00003eb0 00000075H .text$_ZN3Vcl5Forms5TFormC3EPN6System7Classes10TComponentE CODE
 0001:00003f30 00000019H .text$_ZN3pntC1Ev       CODE
 0001:00003f50 00000044H .text$_ZN6System11AnsiStringTILt0EEC1ERKNS_13UnicodeStringE CODE
 0001:00003fa0 00000044H .text$_ZN6System14AnsiStringBaseixEi CODE
 0001:00003ff0 00000019H .text$_ZN6System11AnsiStringTILt0EED1Ev CODE
 0001:00004010 00000023H .text$_ZNSt3__112basic_stringIcNS_11char_traitsIcEENS_9allocatorIcEEEC1B6v15007IDnEEPKc CODE
 0001:00004040 00000023H .text$_Z3powB6v15007IiiENSt3__19enable_ifIXaasr3std13is_arithmeticIT_EE5valuesr3std13is_arithmeticIT0_EE5valueENS0_9__promoteIS2_S3_vEEE4type4typeES2_S3_ CODE
 0001:00004070 00000114H .text$_ZNSt3__1plIcNS_11char_traitsIcEENS_9allocatorIcEEEENS_12basic_stringIT_T0_T1_EERKS9_S6_ CODE
 0001:00004190 00000031H .text$_ZNSt3__112basic_stringIcNS_11char_traitsIcEENS_9allocatorIcEEEaSB6v15007EOS5_ CODE
 0001:000041d0 00000019H .text$_ZNKSt3__112basic_stringIcNS_11char_traitsIcEENS_9allocatorIcEEE5c_strB6v15007Ev CODE
 0001:000041f0 0000004cH .text$_ZN6TForm1D0Ev    CODE
 0001:00004240 0000007fH .text$_ZN3Vcl5Forms5TFormC3EPN6System7Classes10TComponentEi CODE
 0001:000042c0 00000091H .text$_ZN3Vcl5Forms5TFormC3EPN6System7Classes10TComponentEii CODE
 0001:00004360 00000018H .text$_ZN3pntC2Ev       CODE
 0001:00004380 00000022H .text$_ZN6System14AnsiStringBase6UniqueEv CODE
 0001:000043b0 0000004cH .text$_ZN3Vcl5Forms5TFormD0Ev CODE
 0001:00004400 00000021H .text$_ZNKSt3__112basic_stringIcNS_11char_traitsIcEENS_9allocatorIcEEE4dataB6v15007Ev CODE
 0001:00004430 0000000bH .text$_ZNSt3__112__to_addressB6v15007IKcEEPT_S3_ CODE
 0001:00004440 00000052H .text$_ZNKSt3__112basic_stringIcNS_11char_traitsIcEENS_9allocatorIcEEE13__get_pointerB6v15007Ev CODE
 0001:000044a0 00000026H .text$_ZNKSt3__112basic_stringIcNS_11char_traitsIcEENS_9allocatorIcEEE9__is_longB6v15007Ev CODE
 0001:000044d0 0000001cH .text$_ZNKSt3__112basic_stringIcNS_11char_traitsIcEENS_9allocatorIcEEE18__get_long_pointerB6v15007Ev CODE
 0001:000044f0 00000025H .text$_ZNKSt3__112basic_stringIcNS_11char_traitsIcEENS_9allocatorIcEEE19__get_short_pointerB6v15007Ev CODE
 0001:00004520 00000019H .text$_ZNKSt3__117__compressed_pairINS_12basic_stringIcNS_11char_traitsIcEENS_9allocatorIcEEE5__repES5_E5firstB6v15007Ev CODE
 0001:00004540 0000000bH .text$_ZNKSt3__122__compressed_pair_elemINS_12basic_stringIcNS_11char_traitsIcEENS_9allocatorIcEEE5__repELi0ELb0EE5__getB6v15007Ev CODE
 0001:00004550 0000000bH .text$_ZNSt3__114pointer_traitsIPKcE10pointer_toB6v15007ERS1_ CODE
 0001:00004560 00000047H .text$_ZN6System11AnsiStringTILt0EEC2ERKNS_13UnicodeStringE CODE
 0001:000045b0 000000e9H .text$_ZN6System11AnsiStringTILt0EED2Ev CODE
 0001:000046a0 00000030H .text$_ZN6System11AnsiStringTILt0EEC1Ev CODE
 0001:000046d0 00000023H .text$_ZN6System11AnsiStringTILt0EEC1ERKS1_ CODE
 0001:00004700 00000030H .text$_ZN6System11AnsiStringTILt0EEC2Ev CODE
 0001:00004730 00000012H .text$_ZN6System14AnsiStringBaseC2Ev CODE
 0001:00004750 00000023H .text$_ZN6System11AnsiStringTILt0EEC2ERKS1_ CODE
 0001:00004780 0000005dH .text$_ZNSt3__112basic_stringIcNS_11char_traitsIcEENS_9allocatorIcEEEC2B6v15007IDnEEPKc CODE
 0001:000047e0 0000002dH .text$_ZNSt3__117__compressed_pairINS_12basic_stringIcNS_11char_traitsIcEENS_9allocatorIcEEE5__repES5_EC1B6v15007INS_18__default_init_tagESA_EEOT_OT0_ CODE
 0001:00004810 00000019H .text$_ZNSt3__111char_traitsIcE6lengthEPKc CODE
 0001:00004830 00000007H .text$_ZNSt3__119__debug_db_insert_cB6v15007INS_12basic_stringIcNS_11char_traitsIcEENS_9allocatorIcEEEEEEvPT_ CODE
 0001:00004840 0000003aH .text$_ZNSt3__117__compressed_pairINS_12basic_stringIcNS_11char_traitsIcEENS_9allocatorIcEEE5__repES5_EC2B6v15007INS_18__default_init_tagESA_EEOT_OT0_ CODE
 0001:00004880 00000011H .text$_ZNSt3__122__compressed_pair_elemINS_12basic_stringIcNS_11char_traitsIcEENS_9allocatorIcEEE5__repELi0ELb0EEC2B6v15007ENS_18__default_init_tagE CODE
 0001:000048a0 0000001dH .text$_ZNSt3__122__compressed_pair_elemINS_9allocatorIcEELi1ELb1EEC2B6v15007ENS_18__default_init_tagE CODE
 0001:000048c0 00000019H .text$_ZNSt3__19allocatorIcEC2B6v15007Ev CODE
 0001:000048e0 00000007H .text$_ZNSt3__116__non_trivial_ifILb1ENS_9allocatorIcEEEC2B6v15007Ev CODE
 0001:000048f0 00000052H .text$_ZNKSt3__112basic_stringIcNS_11char_traitsIcEENS_9allocatorIcEEE4sizeB6v15007Ev CODE
 0001:00004950 00000011H .text$_ZNSt3__116allocator_traitsINS_9allocatorIcEEE37select_on_container_copy_constructionB6v15007IS2_vvEES2_RKS2_ CODE
 0001:00004970 0000001cH .text$_ZNKSt3__112basic_stringIcNS_11char_traitsIcEENS_9allocatorIcEEE13get_allocatorB6v15007Ev CODE
 0001:00004990 00000035H .text$_ZNSt3__112basic_stringIcNS_11char_traitsIcEENS_9allocatorIcEEEC1B6v15007ENS_24__uninitialized_size_tagEyRKS4_ CODE
 0001:000049d0 0000000bH .text$_ZNSt3__112__to_addressB6v15007IcEEPT_S2_ CODE
 0001:000049e0 00000052H .text$_ZNSt3__112basic_stringIcNS_11char_traitsIcEENS_9allocatorIcEEE13__get_pointerB6v15007Ev CODE
 0001:00004a40 00000072H .text$_ZNSt3__111char_traitsIcE4copyEPcPKcy CODE
 0001:00004ac0 0000003fH .text$_ZNSt3__111char_traitsIcE6assignEPcyc CODE
 0001:00004b00 0000001cH .text$_ZNKSt3__112basic_stringIcNS_11char_traitsIcEENS_9allocatorIcEEE15__get_long_sizeB6v15007Ev CODE
 0001:00004b20 00000020H .text$_ZNKSt3__112basic_stringIcNS_11char_traitsIcEENS_9allocatorIcEEE16__get_short_sizeB6v15007Ev CODE
 0001:00004b40 00000019H .text$_ZNKSt3__112basic_stringIcNS_11char_traitsIcEENS_9allocatorIcEEE7__allocB6v15007Ev CODE
 0001:00004b60 00000019H .text$_ZNKSt3__117__compressed_pairINS_12basic_stringIcNS_11char_traitsIcEENS_9allocatorIcEEE5__repES5_E6secondB6v15007Ev CODE
 0001:00004b80 0000000bH .text$_ZNKSt3__122__compressed_pair_elemINS_9allocatorIcEELi1ELb1EE5__getB6v15007Ev CODE
 0001:00004b90 0000010fH .text$_ZNSt3__112basic_stringIcNS_11char_traitsIcEENS_9allocatorIcEEEC2B6v15007ENS_24__uninitialized_size_tagEyRKS4_ CODE
 0001:00004ca0 0000002dH .text$_ZNSt3__117__compressed_pairINS_12basic_stringIcNS_11char_traitsIcEENS_9allocatorIcEEE5__repES5_EC1B6v15007INS_18__default_init_tagERKS5_EEOT_OT0_ CODE
 0001:00004cd0 000000a0H .text$_ZNKSt3__112basic_stringIcNS_11char_traitsIcEENS_9allocatorIcEEE8max_sizeB6v15007Ev CODE
 0001:00004d70 00000016H .text$_ZNKSt3__112basic_stringIcNS_11char_traitsIcEENS_9allocatorIcEEE20__throw_length_errorB6v15007Ev CODE
 0001:00004d90 00000014H .text$_ZNSt3__112basic_stringIcNS_11char_traitsIcEENS_9allocatorIcEEE13__fits_in_ssoB6v15007Ey CODE
 0001:00004db0 0000004eH .text$_ZNSt3__112basic_stringIcNS_11char_traitsIcEENS_9allocatorIcEEE6__zeroB6v15007Ev CODE
 0001:00004e00 00000056H .text$_ZNSt3__112basic_stringIcNS_11char_traitsIcEENS_9allocatorIcEEE16__set_short_sizeB6v15007Ey CODE
 0001:00004e60 00000068H .text$_ZNSt3__112basic_stringIcNS_11char_traitsIcEENS_9allocatorIcEEE11__recommendB6v15007Ey CODE
 0001:00004ed0 00000023H .text$_ZNSt3__116allocator_traitsINS_9allocatorIcEEE8allocateB6v15007ERS2_y CODE
 0001:00004f00 00000019H .text$_ZNSt3__112basic_stringIcNS_11char_traitsIcEENS_9allocatorIcEEE7__allocB6v15007Ev CODE
 0001:00004f20 00000012H .text$_ZNSt3__112basic_stringIcNS_11char_traitsIcEENS_9allocatorIcEEE16__begin_lifetimeB6v15007EPcy CODE
 0001:00004f40 0000006bH .text$_ZNSt3__112basic_stringIcNS_11char_traitsIcEENS_9allocatorIcEEE14__set_long_capB6v15007Ey CODE
 0001:00004fb0 00000030H .text$_ZNSt3__112basic_stringIcNS_11char_traitsIcEENS_9allocatorIcEEE18__set_long_pointerB6v15007EPc CODE
 0001:00004fe0 00000030H .text$_ZNSt3__112basic_stringIcNS_11char_traitsIcEENS_9allocatorIcEEE15__set_long_sizeB6v15007Ey CODE
 0001:00005010 0000003bH .text$_ZNSt3__117__compressed_pairINS_12basic_stringIcNS_11char_traitsIcEENS_9allocatorIcEEE5__repES5_EC2B6v15007INS_18__default_init_tagERKS5_EEOT_OT0_ CODE
 0001:00005050 00000012H .text$_ZNSt3__122__compressed_pair_elemINS_9allocatorIcEELi1ELb1EEC2B6v15007IRKS2_vEEOT_ CODE
 0001:00005070 00000019H .text$_ZNSt3__116allocator_traitsINS_9allocatorIcEEE8max_sizeB6v15007IS2_vEEyRKS2_ CODE
 0001:00005090 0000000fH .text$_ZNSt3__114numeric_limitsIyE3maxB6v15007Ev CODE
 0001:000050a0 0000000eH .text$_ZNKSt3__19allocatorIcE8max_sizeB6v15007Ev CODE
 0001:000050b0 00000008H .text$_ZNSt3__123__libcpp_numeric_limitsIyLb1EE3maxB6v15007Ev CODE
 0001:000050c0 00000070H .text$_ZNSt3__120__throw_length_errorB6v15007EPKc CODE
 0001:00005130 00000023H .text$_ZNSt12length_errorC1B6v15007EPKc CODE
 0001:00005160 0000003aH .text$_ZNSt12length_errorC2B6v15007EPKc CODE
 0001:000051a0 00000019H .text$_ZNSt3__117__compressed_pairINS_12basic_stringIcNS_11char_traitsIcEENS_9allocatorIcEEE5__repES5_E5firstB6v15007Ev CODE
 0001:000051c0 0000000bH .text$_ZNSt3__122__compressed_pair_elemINS_12basic_stringIcNS_11char_traitsIcEENS_9allocatorIcEEE5__repELi0ELb0EE5__getB6v15007Ev CODE
 0001:000051d0 00000013H .text$_ZNSt3__112basic_stringIcNS_11char_traitsIcEENS_9allocatorIcEEE10__align_itB6v15007ILy16EEEyy CODE
 0001:000051f0 00000051H .text$_ZNSt3__19allocatorIcE8allocateB6v15007Ey CODE
 0001:00005250 00000034H .text$_ZSt28__throw_bad_array_new_lengthB6v15007v CODE
 0001:00005290 00000061H .text$_ZNSt3__117__libcpp_allocateB6v15007Eyy CODE
 0001:00005300 00000014H .text$_ZNSt3__124__is_overaligned_for_newB6v15007Ey CODE
 0001:00005320 00000023H .text$_ZNSt3__121__libcpp_operator_newB6v15007IJySt11align_val_tEEEPvDpT_ CODE
 0001:00005350 00000019H .text$_ZNSt3__121__libcpp_operator_newB6v15007IJyEEEPvDpT_ CODE
 0001:00005370 00000019H .text$_ZNSt3__117__compressed_pairINS_12basic_stringIcNS_11char_traitsIcEENS_9allocatorIcEEE5__repES5_E6secondB6v15007Ev CODE
 0001:00005390 0000000bH .text$_ZNSt3__122__compressed_pair_elemINS_9allocatorIcEELi1ELb1EE5__getB6v15007Ev CODE
 0001:000053a0 0000001cH .text$_ZNSt3__112basic_stringIcNS_11char_traitsIcEENS_9allocatorIcEEE18__get_long_pointerB6v15007Ev CODE
 0001:000053c0 00000025H .text$_ZNSt3__112basic_stringIcNS_11char_traitsIcEENS_9allocatorIcEEE19__get_short_pointerB6v15007Ev CODE
 0001:000053f0 0000000bH .text$_ZNSt3__114pointer_traitsIPcE10pointer_toB6v15007ERc CODE
 0001:00005400 0000003cH .text$_ZNSt3__16copy_nB6v15007IPKcyPcEENS_9enable_ifIXsr33__is_cpp17_random_access_iteratorIT_EE5valueET1_E4typeES5_T0_S6_ CODE
 0001:00005440 00000036H .text$_ZNSt3__14copyB6v15007IPKcPcEET0_T_S5_S4_ CODE
 0001:00005480 000000ccH .text$_ZNSt3__16__copyB6v15007IPKcS2_PcLi0EEENS_4pairIT_T1_EES5_T0_S6_ CODE
 0001:00005550 0000005cH .text$_ZNSt3__114__unwrap_rangeB6v15007IPKcS2_EENS_4pairIT0_S4_EET_S6_ CODE
 0001:000055b0 00000097H .text$_ZNSt3__111__copy_implB6v15007IKccvEENS_4pairIPT_PT0_EES4_S4_S6_ CODE
 0001:00005650 00000019H .text$_ZNSt3__113__unwrap_iterB6v15007IPcNS_18__unwrap_iter_implIS1_Lb1EEELi0EEEDTclsrT0_8__unwrapclsr3stdE7declvalIT_EEEES5_ CODE
 0001:00005670 00000034H .text$_ZNSt3__19make_pairB6v15007IPKcPcEENS_4pairINS_18__unwrap_ref_decayIT_E4typeENS5_IT0_E4typeEEEOS6_OS9_ CODE
 0001:000056b0 00000023H .text$_ZNSt3__114__rewrap_rangeB6v15007IPKcS2_EET_S3_T0_ CODE
 0001:000056e0 0000003aH .text$_ZNSt3__113__rewrap_iterB6v15007IPcS1_NS_18__unwrap_iter_implIS1_Lb1EEEEET_S4_T0_ CODE
 0001:00005720 00000034H .text$_ZNSt3__19make_pairB6v15007IPKcS2_EENS_4pairINS_18__unwrap_ref_decayIT_E4typeENS4_IT0_E4typeEEEOS5_OS8_ CODE
 0001:00005760 00000019H .text$_ZNSt3__113__unwrap_iterB6v15007IPKcNS_18__unwrap_iter_implIS2_Lb1EEELi0EEEDTclsrT0_8__unwrapclsr3stdE7declvalIT_EEEES6_ CODE
 0001:00005780 0000002dH .text$_ZNSt3__14pairIPKcS2_EC1B6v15007IS2_S2_LPv0EEEOT_OT0_ CODE
 0001:000057b0 00000032H .text$_ZNSt3__14pairIPKcS2_EC2B6v15007IS2_S2_LPv0EEEOT_OT0_ CODE
 0001:000057f0 00000019H .text$_ZNSt3__118__unwrap_iter_implIPKcLb1EE8__unwrapB6v15007ES2_ CODE
 0001:00005810 00000019H .text$_ZNSt3__118__unwrap_iter_implIPcLb1EE8__unwrapB6v15007ES1_ CODE
 0001:00005830 0000002dH .text$_ZNSt3__14pairIPKcPcEC1B6v15007IS2_S3_LPv0EEEOT_OT0_ CODE
 0001:00005860 00000032H .text$_ZNSt3__14pairIPKcPcEC2B6v15007IS2_S3_LPv0EEEOT_OT0_ CODE
 0001:000058a0 0000003aH .text$_ZNSt3__113__rewrap_iterB6v15007IPKcS2_NS_18__unwrap_iter_implIS2_Lb1EEEEET_S5_T0_ CODE
 0001:000058e0 00000044H .text$_ZNSt3__118__unwrap_iter_implIPKcLb1EE8__rewrapB6v15007ES2_S2_ CODE
 0001:00005930 00000044H .text$_ZNSt3__118__unwrap_iter_implIPcLb1EE8__rewrapB6v15007ES1_S1_ CODE
 0001:00005980 0000003fH .text$_ZNSt3__16fill_nB6v15007IPcycEET_S2_T0_RKT1_ CODE
 0001:000059c0 00000056H .text$_ZNSt3__18__fill_nB6v15007IPcycEET_S2_T0_RKT1_ CODE
 0001:00005a20 0000000bH .text$_ZNSt3__121__convert_to_integralB6v15007Ey CODE
 0001:00005a30 000000dcH .text$_ZNSt3__112basic_stringIcNS_11char_traitsIcEENS_9allocatorIcEEE13__move_assignB6v15007ERS5_NS_17integral_constantIbLb1EEE CODE
 0001:00005b10 0000002dH .text$_ZNSt3__116allocator_traitsINS_9allocatorIcEEE10deallocateB6v15007ERS2_Pcy CODE
 0001:00005b40 00000023H .text$_ZNKSt3__112basic_stringIcNS_11char_traitsIcEENS_9allocatorIcEEE14__get_long_capB6v15007Ev CODE
 0001:00005b70 00000028H .text$_ZNSt3__112basic_stringIcNS_11char_traitsIcEENS_9allocatorIcEEE19__move_assign_allocB6v15007ERS5_ CODE
 0001:00005ba0 0000001fH .text$_ZNSt3__111char_traitsIcE6assignERcRKc CODE
 0001:00005bc0 0000003bH .text$_ZNSt3__19allocatorIcE10deallocateB6v15007EPcy CODE
 0001:00005c00 00000062H .text$_ZNSt3__119__libcpp_deallocateB6v15007EPvyy CODE
 0001:00005c70 00000028H .text$_ZNSt3__127__do_deallocate_handle_sizeB6v15007IJSt11align_val_tEEEvPvyDpT_ CODE
 0001:00005ca0 0000001eH .text$_ZNSt3__127__do_deallocate_handle_sizeB6v15007IJEEEvPvyDpT_ CODE
 0001:00005cc0 00000023H .text$_ZNSt3__124__libcpp_operator_deleteB6v15007IJPvSt11align_val_tEEEvDpT_ CODE
 0001:00005cf0 00000019H .text$_ZNSt3__124__libcpp_operator_deleteB6v15007IJPvEEEvDpT_ CODE
 0001:00005d10 00000037H .text$_ZNSt3__112basic_stringIcNS_11char_traitsIcEENS_9allocatorIcEEE19__move_assign_allocB6v15007ERS5_NS_17integral_constantIbLb1EEE CODE
 0001:00005d50 00003c46H .text                   CODE
 0001:000099a0 000000d2H .text$_ZN6System8Sysutils11ERangeErrorC3ENS_13UnicodeStringE CODE
 0001:00009a80 0000004cH .text$_ZN6System8Sysutils11ERangeErrorD0Ev CODE
 0001:00009ad0 0000005bH .text$_ZN6System8_CharLenIwEEiPKT_ CODE
 0001:00009b30 0000005bH .text$_ZN6System8_CharLenIDsEEiPKT_ CODE
 0001:00009b90 00000023H .text$_ZN6System14AnsiStringBaseC2ILt0EEEONS_11AnsiStringTIXT_EEE CODE
 0001:00009bc0 0000002aH .text$_ZN6System13UnicodeStringC2ILt0EEERKNS_11AnsiStringTIXT_EEE CODE
 0001:00009bf0 0000004dH .text$_ZNK6System14AnsiStringBase8CodePageEv CODE
 0001:00009c40 0000003aH .text$_ZNK6System14AnsiStringBaseixEi CODE
 0001:00009c80 000000d2H .text$_ZN6System8Sysutils9EIntErrorC3ENS_13UnicodeStringE CODE
 0001:00009d60 000000d2H .text$_ZN6System8Sysutils9EExternalC3ENS_13UnicodeStringE CODE
 0001:00009e40 0000004cH .text$_ZN6System8Sysutils9EIntErrorD0Ev CODE
 0001:00009e90 0000004cH .text$_ZN6System8Sysutils9EExternalD0Ev CODE
 0001:00009ee0 00000f18H .text                   CODE
 0001:0000ae00 0000000bH .text$_ZN6System15DelphiInterfaceINS_10IInterfaceEEadEv CODE
 0001:0000ae10 0000004dH .text$_ZN6System15DelphiInterfaceINS_10IInterfaceEED2Ev CODE
 0001:0000ae60 00000029H .text$_ZNSt3__110lock_guardINS_5mutexEEC2B6v15007ERS1_ CODE
 0001:0000ae90 00000035H .text$_ZNSt3__113unordered_mapIPN6System7Typinfo9TTypeInfoEPSt9type_infoNS_4hashIS4_EENS_8equal_toIS4_EENS_9allocatorINS_4pairIKS4_S6_EEEEEC2B6v15007Ev CODE
 0001:0000aed0 00000019H .text$_ZNSt3__113unordered_mapIPN6System7Typinfo9TTypeInfoEPSt9type_infoNS_4hashIS4_EENS_8equal_toIS4_EENS_9allocatorINS_4pairIKS4_S6_EEEEED2B6v15007Ev CODE
 0001:0000aef0 00000084H .text$_ZNSt3__113unordered_mapIPN6System7Typinfo9TTypeInfoEPSt9type_infoNS_4hashIS4_EENS_8equal_toIS4_EENS_9allocatorINS_4pairIKS4_S6_EEEEEixERSD_ CODE
 0001:0000af80 0000004aH .text$_ZN6System11AnsiStringTILt65001EEC2ERKNS_13UnicodeStringE CODE
 0001:0000afd0 00000098H .text$_ZNK6System11AnsiStringTILt65001EEplERKS1_ CODE
 0001:0000b070 0000004aH .text$_ZN6System11AnsiStringTILt65001EEC2EPKc CODE
 0001:0000b0c0 00000030H .text$_ZN6System11AnsiStringTILt65001EEC2Ev CODE
 0001:0000b0f0 0000002cH .text$_ZN6System11AnsiStringTILt65001EEaSERKS1_ CODE
 0001:0000b120 00000019H .text$_ZN6System11AnsiStringTILt65001EED2Ev CODE
 0001:0000b140 00000030H .text$_ZN10__cxxabiv117__class_type_infoC2Ev CODE
 0001:0000b170 00000043H .text$_ZNK6System11AnsiStringTILt65001EE5c_strEv CODE
 0001:0000b1c0 0000001cH .text$_ZNSt3__110lock_guardINS_5mutexEED2B6v15007Ev CODE
 0001:0000b1e0 00000030H .text$_ZN10__cxxabiv116__shim_type_infoC2Ev CODE
 0001:0000b210 00000083H .text$_ZNSt3__112__hash_tableINS_17__hash_value_typeIPN6System7Typinfo9TTypeInfoEPSt9type_infoEENS_22__unordered_map_hasherIS5_S8_NS_4hashIS5_EENS_8equal_toIS5_EELb1EEENS_21__unordered_map_equalIS5_S8_SD_SB_Lb1EEENS_9allocatorIS8_EEEC2Ev CODE
 0001:0000b2a0 00000007H .text$_ZNSt3__119__debug_db_insert_cB6v15007INS_13unordered_mapIPN6System7Typinfo9TTypeInfoEPSt9type_infoNS_4hashIS5_EENS_8equal_toIS5_EENS_9allocatorINS_4pairIKS5_S7_EEEEEEEEvPT_ CODE
 0001:0000b2b0 00000030H .text$_ZNSt3__110unique_ptrIA_PNS_16__hash_node_baseIPNS_11__hash_nodeINS_17__hash_value_typeIPN6System7Typinfo9TTypeInfoEPSt9type_infoEEPvEEEENS_25__bucket_list_deallocatorINS_9allocatorISF_EEEEEC2B6v15007ILb1EvEEv CODE
 0001:0000b2e0 00000030H .text$_ZNSt3__117__compressed_pairINS_16__hash_node_baseIPNS_11__hash_nodeINS_17__hash_value_typeIPN6System7Typinfo9TTypeInfoEPSt9type_infoEEPvEEEENS_9allocatorISC_EEEC2B6v15007ILb1EvEEv CODE
 0001:0000b310 0000003bH .text$_ZNSt3__117__compressed_pairIyNS_22__unordered_map_hasherIPN6System7Typinfo9TTypeInfoENS_17__hash_value_typeIS5_PSt9type_infoEENS_4hashIS5_EENS_8equal_toIS5_EELb1EEEEC2B6v15007IiNS_18__default_init_tagEEEOT_OT0_ CODE
 0001:0000b350 0000003bH .text$_ZNSt3__117__compressed_pairIfNS_21__unordered_map_equalIPN6System7Typinfo9TTypeInfoENS_17__hash_value_typeIS5_PSt9type_infoEENS_8equal_toIS5_EENS_4hashIS5_EELb1EEEEC2B6v15007IfNS_18__default_init_tagEEEOT_OT0_ CODE
 0001:0000b390 0000003eH .text$_ZNSt3__117__compressed_pairIPPNS_16__hash_node_baseIPNS_11__hash_nodeINS_17__hash_value_typeIPN6System7Typinfo9TTypeInfoEPSt9type_infoEEPvEEEENS_25__bucket_list_deallocatorINS_9allocatorISF_EEEEEC2B6v15007INS_16__value_init_tagESN_EEOT_OT0_ CODE
 0001:0000b3d0 0000001cH .text$_ZNSt3__122__compressed_pair_elemIPPNS_16__hash_node_baseIPNS_11__hash_nodeINS_17__hash_value_typeIPN6System7Typinfo9TTypeInfoEPSt9type_infoEEPvEEEELi0ELb0EEC2B6v15007ENS_16__value_init_tagE CODE
 0001:0000b3f0 0000001dH .text$_ZNSt3__122__compressed_pair_elemINS_25__bucket_list_deallocatorINS_9allocatorIPNS_16__hash_node_baseIPNS_11__hash_nodeINS_17__hash_value_typeIPN6System7Typinfo9TTypeInfoEPSt9type_infoEEPvEEEEEEEELi1ELb0EEC2B6v15007ENS_16__value_init_tagE CODE
 0001:0000b410 00000038H .text$_ZNSt3__125__bucket_list_deallocatorINS_9allocatorIPNS_16__hash_node_baseIPNS_11__hash_nodeINS_17__hash_value_typeIPN6System7Typinfo9TTypeInfoEPSt9type_infoEEPvEEEEEEEC2B6v15007Ev CODE
 0001:0000b450 0000003bH .text$_ZNSt3__117__compressed_pairIyNS_9allocatorIPNS_16__hash_node_baseIPNS_11__hash_nodeINS_17__hash_value_typeIPN6System7Typinfo9TTypeInfoEPSt9type_infoEEPvEEEEEEEC2B6v15007IiNS_18__default_init_tagEEEOT_OT0_ CODE
 0001:0000b490 00000021H .text$_ZNSt3__122__compressed_pair_elemIyLi0ELb0EEC2B6v15007IivEEOT_ CODE
 0001:0000b4c0 0000001dH .text$_ZNSt3__122__compressed_pair_elemINS_9allocatorIPNS_16__hash_node_baseIPNS_11__hash_nodeINS_17__hash_value_typeIPN6System7Typinfo9TTypeInfoEPSt9type_infoEEPvEEEEEELi1ELb1EEC2B6v15007ENS_18__default_init_tagE CODE
 0001:0000b4e0 00000019H .text$_ZNSt3__19allocatorIPNS_16__hash_node_baseIPNS_11__hash_nodeINS_17__hash_value_typeIPN6System7Typinfo9TTypeInfoEPSt9type_infoEEPvEEEEEC2B6v15007Ev CODE
 0001:0000b500 00000007H .text$_ZNSt3__116__non_trivial_ifILb1ENS_9allocatorIPNS_16__hash_node_baseIPNS_11__hash_nodeINS_17__hash_value_typeIPN6System7Typinfo9TTypeInfoEPSt9type_infoEEPvEEEEEEEC2B6v15007Ev CODE
 0001:0000b510 0000001dH .text$_ZNSt3__122__compressed_pair_elemINS_16__hash_node_baseIPNS_11__hash_nodeINS_17__hash_value_typeIPN6System7Typinfo9TTypeInfoEPSt9type_infoEEPvEEEELi0ELb0EEC2B6v15007ENS_16__value_init_tagE CODE
 0001:0000b530 0000001dH .text$_ZNSt3__122__compressed_pair_elemINS_9allocatorINS_11__hash_nodeINS_17__hash_value_typeIPN6System7Typinfo9TTypeInfoEPSt9type_infoEEPvEEEELi1ELb1EEC2B6v15007ENS_16__value_init_tagE CODE
 0001:0000b550 00000012H .text$_ZNSt3__116__hash_node_baseIPNS_11__hash_nodeINS_17__hash_value_typeIPN6System7Typinfo9TTypeInfoEPSt9type_infoEEPvEEEC2B6v15007Ev CODE
 0001:0000b570 00000019H .text$_ZNSt3__19allocatorINS_11__hash_nodeINS_17__hash_value_typeIPN6System7Typinfo9TTypeInfoEPSt9type_infoEEPvEEEC2B6v15007Ev CODE
 0001:0000b590 00000007H .text$_ZNSt3__116__non_trivial_ifILb1ENS_9allocatorINS_11__hash_nodeINS_17__hash_value_typeIPN6System7Typinfo9TTypeInfoEPSt9type_infoEEPvEEEEEC2B6v15007Ev CODE
 0001:0000b5a0 0000001dH .text$_ZNSt3__122__compressed_pair_elemINS_22__unordered_map_hasherIPN6System7Typinfo9TTypeInfoENS_17__hash_value_typeIS5_PSt9type_infoEENS_4hashIS5_EENS_8equal_toIS5_EELb1EEELi1ELb1EEC2B6v15007ENS_18__default_init_tagE CODE
 0001:0000b5c0 00000007H .text$_ZNSt3__122__unordered_map_hasherIPN6System7Typinfo9TTypeInfoENS_17__hash_value_typeIS4_PSt9type_infoEENS_4hashIS4_EENS_8equal_toIS4_EELb1EEC2B6v15007Ev CODE
 0001:0000b5d0 00000023H .text$_ZNSt3__122__compressed_pair_elemIfLi0ELb0EEC2B6v15007IfvEEOT_ CODE
 0001:0000b600 0000001dH .text$_ZNSt3__122__compressed_pair_elemINS_21__unordered_map_equalIPN6System7Typinfo9TTypeInfoENS_17__hash_value_typeIS5_PSt9type_infoEENS_8equal_toIS5_EENS_4hashIS5_EELb1EEELi1ELb1EEC2B6v15007ENS_18__default_init_tagE CODE
 0001:0000b620 00000007H .text$_ZNSt3__121__unordered_map_equalIPN6System7Typinfo9TTypeInfoENS_17__hash_value_typeIS4_PSt9type_infoEENS_8equal_toIS4_EENS_4hashIS4_EELb1EEC2B6v15007Ev CODE
 0001:0000b630 00000051H .text$_ZNSt3__112__hash_tableINS_17__hash_value_typeIPN6System7Typinfo9TTypeInfoEPSt9type_infoEENS_22__unordered_map_hasherIS5_S8_NS_4hashIS5_EENS_8equal_toIS5_EELb1EEENS_21__unordered_map_equalIS5_S8_SD_SB_Lb1EEENS_9allocatorIS8_EEED2Ev CODE
 0001:0000b690 000000adH .text$_ZNSt3__112__hash_tableINS_17__hash_value_typeIPN6System7Typinfo9TTypeInfoEPSt9type_infoEENS_22__unordered_map_hasherIS5_S8_NS_4hashIS5_EENS_8equal_toIS5_EELb1EEENS_21__unordered_map_equalIS5_S8_SD_SB_Lb1EEENS_9allocatorIS8_EEE17__deallocate_nodeEPNS_16__hash_node_baseIPNS_11__hash_nodeIS8_PvEEEE CODE
 0001:0000b740 00000019H .text$_ZNSt3__117__compressed_pairINS_16__hash_node_baseIPNS_11__hash_nodeINS_17__hash_value_typeIPN6System7Typinfo9TTypeInfoEPSt9type_infoEEPvEEEENS_9allocatorISC_EEE5firstB6v15007Ev CODE
 0001:0000b760 00000007H .text$_ZNSt3__118__debug_db_erase_cB6v15007INS_12__hash_tableINS_17__hash_value_typeIPN6System7Typinfo9TTypeInfoEPSt9type_infoEENS_22__unordered_map_hasherIS6_S9_NS_4hashIS6_EENS_8equal_toIS6_EELb1EEENS_21__unordered_map_equalIS6_S9_SE_SC_Lb1EEENS_9allocatorIS9_EEEEEEvPT_ CODE
 0001:0000b770 0000001dH .text$_ZNSt3__110unique_ptrIA_PNS_16__hash_node_baseIPNS_11__hash_nodeINS_17__hash_value_typeIPN6System7Typinfo9TTypeInfoEPSt9type_infoEEPvEEEENS_25__bucket_list_deallocatorINS_9allocatorISF_EEEEED2B6v15007Ev CODE
 0001:0000b790 0000001dH .text$_ZNSt3__112__hash_tableINS_17__hash_value_typeIPN6System7Typinfo9TTypeInfoEPSt9type_infoEENS_22__unordered_map_hasherIS5_S8_NS_4hashIS5_EENS_8equal_toIS5_EELb1EEENS_21__unordered_map_equalIS5_S8_SD_SB_Lb1EEENS_9allocatorIS8_EEE12__node_allocB6v15007Ev CODE
 0001:0000b7b0 00000019H .text$_ZNSt3__116__hash_node_baseIPNS_11__hash_nodeINS_17__hash_value_typeIPN6System7Typinfo9TTypeInfoEPSt9type_infoEEPvEEE8__upcastB6v15007Ev CODE
 0001:0000b7d0 00000012H .text$_ZNSt3__116allocator_traitsINS_9allocatorINS_11__hash_nodeINS_17__hash_value_typeIPN6System7Typinfo9TTypeInfoEPSt9type_infoEEPvEEEEE7destroyB6v15007INS_4pairIKS7_S9_EEvvEEvRSD_PT_ CODE
 0001:0000b7f0 00000019H .text$_ZNSt3__122__hash_key_value_typesINS_17__hash_value_typeIPN6System7Typinfo9TTypeInfoEPSt9type_infoEEE9__get_ptrB6v15007ERS8_ CODE
 0001:0000b810 0000002dH .text$_ZNSt3__116allocator_traitsINS_9allocatorINS_11__hash_nodeINS_17__hash_value_typeIPN6System7Typinfo9TTypeInfoEPSt9type_infoEEPvEEEEE10deallocateB6v15007ERSD_PSC_y CODE
 0001:0000b840 00000019H .text$_ZNSt3__117__compressed_pairINS_16__hash_node_baseIPNS_11__hash_nodeINS_17__hash_value_typeIPN6System7Typinfo9TTypeInfoEPSt9type_infoEEPvEEEENS_9allocatorISC_EEE6secondB6v15007Ev CODE
 0001:0000b860 0000000bH .text$_ZNSt3__122__compressed_pair_elemINS_9allocatorINS_11__hash_nodeINS_17__hash_value_typeIPN6System7Typinfo9TTypeInfoEPSt9type_infoEEPvEEEELi1ELb1EE5__getB6v15007Ev CODE
 0001:0000b870 0000000bH .text$_ZNSt3__114pointer_traitsIPNS_16__hash_node_baseIPNS_11__hash_nodeINS_17__hash_value_typeIPN6System7Typinfo9TTypeInfoEPSt9type_infoEEPvEEEEE10pointer_toB6v15007ERSE_ CODE
 0001:0000b880 00000019H .text$_ZNSt3__117__hash_value_typeIPN6System7Typinfo9TTypeInfoEPSt9type_infoE11__get_valueB6v15007Ev CODE
 0001:0000b8a0 00000019H .text$_ZNSt3__17launderB6v15007INS_4pairIKPN6System7Typinfo9TTypeInfoEPSt9type_infoEEEEPT_SB_ CODE
 0001:0000b8c0 0000000bH .text$_ZNSt3__19__launderB6v15007INS_4pairIKPN6System7Typinfo9TTypeInfoEPSt9type_infoEEEEPT_SB_ CODE
 0001:0000b8d0 0000003fH .text$_ZNSt3__19allocatorINS_11__hash_nodeINS_17__hash_value_typeIPN6System7Typinfo9TTypeInfoEPSt9type_infoEEPvEEE10deallocateB6v15007EPSB_y CODE
 0001:0000b910 0000000bH .text$_ZNSt3__122__compressed_pair_elemINS_16__hash_node_baseIPNS_11__hash_nodeINS_17__hash_value_typeIPN6System7Typinfo9TTypeInfoEPSt9type_infoEEPvEEEELi0ELb0EE5__getB6v15007Ev CODE
 0001:0000b920 0000005fH .text$_ZNSt3__110unique_ptrIA_PNS_16__hash_node_baseIPNS_11__hash_nodeINS_17__hash_value_typeIPN6System7Typinfo9TTypeInfoEPSt9type_infoEEPvEEEENS_25__bucket_list_deallocatorINS_9allocatorISF_EEEEE5resetB6v15007EDn CODE
 0001:0000b980 00000019H .text$_ZNSt3__117__compressed_pairIPPNS_16__hash_node_baseIPNS_11__hash_nodeINS_17__hash_value_typeIPN6System7Typinfo9TTypeInfoEPSt9type_infoEEPvEEEENS_25__bucket_list_deallocatorINS_9allocatorISF_EEEEE5firstB6v15007Ev CODE
 0001:0000b9a0 0000001dH .text$_ZNSt3__117__compressed_pairIPPNS_16__hash_node_baseIPNS_11__hash_nodeINS_17__hash_value_typeIPN6System7Typinfo9TTypeInfoEPSt9type_infoEEPvEEEENS_25__bucket_list_deallocatorINS_9allocatorISF_EEEEE6secondB6v15007Ev CODE
 0001:0000b9c0 0000004eH .text$_ZNSt3__125__bucket_list_deallocatorINS_9allocatorIPNS_16__hash_node_baseIPNS_11__hash_nodeINS_17__hash_value_typeIPN6System7Typinfo9TTypeInfoEPSt9type_infoEEPvEEEEEEEclB6v15007EPSG_ CODE
 0001:0000ba10 0000000bH .text$_ZNSt3__122__compressed_pair_elemIPPNS_16__hash_node_baseIPNS_11__hash_nodeINS_17__hash_value_typeIPN6System7Typinfo9TTypeInfoEPSt9type_infoEEPvEEEELi0ELb0EE5__getB6v15007Ev CODE
 0001:0000ba20 0000000bH .text$_ZNSt3__122__compressed_pair_elemINS_25__bucket_list_deallocatorINS_9allocatorIPNS_16__hash_node_baseIPNS_11__hash_nodeINS_17__hash_value_typeIPN6System7Typinfo9TTypeInfoEPSt9type_infoEEPvEEEEEEEELi1ELb0EE5__getB6v15007Ev CODE
 0001:0000ba30 0000002dH .text$_ZNSt3__116allocator_traitsINS_9allocatorIPNS_16__hash_node_baseIPNS_11__hash_nodeINS_17__hash_value_typeIPN6System7Typinfo9TTypeInfoEPSt9type_infoEEPvEEEEEEE10deallocateB6v15007ERSH_PSG_y CODE
 0001:0000ba60 00000019H .text$_ZNSt3__125__bucket_list_deallocatorINS_9allocatorIPNS_16__hash_node_baseIPNS_11__hash_nodeINS_17__hash_value_typeIPN6System7Typinfo9TTypeInfoEPSt9type_infoEEPvEEEEEEE7__allocB6v15007Ev CODE
 0001:0000ba80 00000019H .text$_ZNSt3__125__bucket_list_deallocatorINS_9allocatorIPNS_16__hash_node_baseIPNS_11__hash_nodeINS_17__hash_value_typeIPN6System7Typinfo9TTypeInfoEPSt9type_infoEEPvEEEEEEE4sizeB6v15007Ev CODE
 0001:0000baa0 0000003fH .text$_ZNSt3__19allocatorIPNS_16__hash_node_baseIPNS_11__hash_nodeINS_17__hash_value_typeIPN6System7Typinfo9TTypeInfoEPSt9type_infoEEPvEEEEE10deallocateB6v15007EPSF_y CODE
 0001:0000bae0 00000019H .text$_ZNSt3__117__compressed_pairIyNS_9allocatorIPNS_16__hash_node_baseIPNS_11__hash_nodeINS_17__hash_value_typeIPN6System7Typinfo9TTypeInfoEPSt9type_infoEEPvEEEEEEE6secondB6v15007Ev CODE
 0001:0000bb00 0000000bH .text$_ZNSt3__122__compressed_pair_elemINS_9allocatorIPNS_16__hash_node_baseIPNS_11__hash_nodeINS_17__hash_value_typeIPN6System7Typinfo9TTypeInfoEPSt9type_infoEEPvEEEEEELi1ELb1EE5__getB6v15007Ev CODE
 0001:0000bb10 00000019H .text$_ZNSt3__117__compressed_pairIyNS_9allocatorIPNS_16__hash_node_baseIPNS_11__hash_nodeINS_17__hash_value_typeIPN6System7Typinfo9TTypeInfoEPSt9type_infoEEPvEEEEEEE5firstB6v15007Ev CODE
 0001:0000bb30 0000000bH .text$_ZNSt3__122__compressed_pair_elemIyLi0ELb0EE5__getB6v15007Ev CODE
 0001:0000bb40 0000076cH .text$_ZNSt3__112__hash_tableINS_17__hash_value_typeIPN6System7Typinfo9TTypeInfoEPSt9type_infoEENS_22__unordered_map_hasherIS5_S8_NS_4hashIS5_EENS_8equal_toIS5_EELb1EEENS_21__unordered_map_equalIS5_S8_SD_SB_Lb1EEENS_9allocatorIS8_EEE25__emplace_unique_key_argsIS5_JRKNS_21piecewise_construct_tENS_5tupleIJRKS5_EEENSO_IJEEEEEENS_4pairINS_15__hash_iteratorIPNS_11__hash_nodeIS8_PvEEEEbEERKT_DpOT0_ CODE
 0001:0000c2b0 00000022H .text$_ZNSt3__116forward_as_tupleB6v15007IJRKPN6System7Typinfo9TTypeInfoEEEENS_5tupleIJDpOT_EEESA_ CODE
 0001:0000c2e0 00000006H .text$_ZNSt3__116forward_as_tupleB6v15007IJEEENS_5tupleIJDpOT_EEES4_ CODE
 0001:0000c2f0 00000028H .text$_ZNKSt3__115__hash_iteratorIPNS_11__hash_nodeINS_17__hash_value_typeIPN6System7Typinfo9TTypeInfoEPSt9type_infoEEPvEEEptB6v15007Ev CODE
 0001:0000c320 0000001dH .text$_ZNSt3__112__hash_tableINS_17__hash_value_typeIPN6System7Typinfo9TTypeInfoEPSt9type_infoEENS_22__unordered_map_hasherIS5_S8_NS_4hashIS5_EENS_8equal_toIS5_EELb1EEENS_21__unordered_map_equalIS5_S8_SD_SB_Lb1EEENS_9allocatorIS8_EEE13hash_functionB6v15007Ev CODE
 0001:0000c340 00000026H .text$_ZNKSt3__122__unordered_map_hasherIPN6System7Typinfo9TTypeInfoENS_17__hash_value_typeIS4_PSt9type_infoEENS_4hashIS4_EENS_8equal_toIS4_EELb1EEclB6v15007ERKS4_ CODE
 0001:0000c370 00000021H .text$_ZNKSt3__112__hash_tableINS_17__hash_value_typeIPN6System7Typinfo9TTypeInfoEPSt9type_infoEENS_22__unordered_map_hasherIS5_S8_NS_4hashIS5_EENS_8equal_toIS5_EELb1EEENS_21__unordered_map_equalIS5_S8_SD_SB_Lb1EEENS_9allocatorIS8_EEE12bucket_countB6v15007Ev CODE
 0001:0000c3a0 00000087H .text$_ZNSt3__116__constrain_hashB6v15007Eyy CODE
 0001:0000c430 0000002cH .text$_ZNKSt3__110unique_ptrIA_PNS_16__hash_node_baseIPNS_11__hash_nodeINS_17__hash_value_typeIPN6System7Typinfo9TTypeInfoEPSt9type_infoEEPvEEEENS_25__bucket_list_deallocatorINS_9allocatorISF_EEEEEixB6v15007Ey CODE
 0001:0000c460 0000000fH .text$_ZNKSt3__116__hash_node_baseIPNS_11__hash_nodeINS_17__hash_value_typeIPN6System7Typinfo9TTypeInfoEPSt9type_infoEEPvEEE6__hashB6v15007Ev CODE
 0001:0000c470 0000001dH .text$_ZNSt3__112__hash_tableINS_17__hash_value_typeIPN6System7Typinfo9TTypeInfoEPSt9type_infoEENS_22__unordered_map_hasherIS5_S8_NS_4hashIS5_EENS_8equal_toIS5_EELb1EEENS_21__unordered_map_equalIS5_S8_SD_SB_Lb1EEENS_9allocatorIS8_EEE6key_eqB6v15007Ev CODE
 0001:0000c490 00000043H .text$_ZNKSt3__121__unordered_map_equalIPN6System7Typinfo9TTypeInfoENS_17__hash_value_typeIS4_PSt9type_infoEENS_8equal_toIS4_EENS_4hashIS4_EELb1EEclB6v15007ERKS8_RKS4_ CODE
 0001:0000c4e0 000001a9H .text$_ZNSt3__112__hash_tableINS_17__hash_value_typeIPN6System7Typinfo9TTypeInfoEPSt9type_infoEENS_22__unordered_map_hasherIS5_S8_NS_4hashIS5_EENS_8equal_toIS5_EELb1EEENS_21__unordered_map_equalIS5_S8_SD_SB_Lb1EEENS_9allocatorIS8_EEE21__construct_node_hashIRKNS_21piecewise_construct_tEJNS_5tupleIJRKS5_EEENSO_IJEEEEEENS_10unique_ptrINS_11__hash_nodeIS8_PvEENS_22__hash_node_destructorINSH_ISW_EEEEEEyOT_DpOT0_ CODE
 0001:0000c690 0000001dH .text$_ZNSt3__112__hash_tableINS_17__hash_value_typeIPN6System7Typinfo9TTypeInfoEPSt9type_infoEENS_22__unordered_map_hasherIS5_S8_NS_4hashIS5_EENS_8equal_toIS5_EELb1EEENS_21__unordered_map_equalIS5_S8_SD_SB_Lb1EEENS_9allocatorIS8_EEE4sizeB6v15007Ev CODE
 0001:0000c6b0 0000001dH .text$_ZNSt3__112__hash_tableINS_17__hash_value_typeIPN6System7Typinfo9TTypeInfoEPSt9type_infoEENS_22__unordered_map_hasherIS5_S8_NS_4hashIS5_EENS_8equal_toIS5_EELb1EEENS_21__unordered_map_equalIS5_S8_SD_SB_Lb1EEENS_9allocatorIS8_EEE15max_load_factorB6v15007Ev CODE
 0001:0000c6d0 00000023H .text$_ZNSt3__112__hash_tableINS_17__hash_value_typeIPN6System7Typinfo9TTypeInfoEPSt9type_infoEENS_22__unordered_map_hasherIS5_S8_NS_4hashIS5_EENS_8equal_toIS5_EELb1EEENS_21__unordered_map_equalIS5_S8_SD_SB_Lb1EEENS_9allocatorIS8_EEE15__rehash_uniqueB6v15007Ey CODE
 0001:0000c700 00000028H .text$_ZNSt3__13maxB6v15007IyEERKT_S3_S3_ CODE
 0001:0000c730 00000047H .text$_ZNSt3__116__is_hash_power2B6v15007Ey CODE
 0001:0000c780 0000001bH .text$_Z4ceilB6v15007f  CODE
 0001:0000c7a0 00000019H .text$_ZNSt3__116__hash_node_baseIPNS_11__hash_nodeINS_17__hash_value_typeIPN6System7Typinfo9TTypeInfoEPSt9type_infoEEPvEEE5__ptrB6v15007Ev CODE
 0001:0000c7c0 0000001bH .text$_ZNKSt3__110unique_ptrINS_11__hash_nodeINS_17__hash_value_typeIPN6System7Typinfo9TTypeInfoEPSt9type_infoEEPvEENS_22__hash_node_destructorINS_9allocatorISB_EEEEEptB6v15007Ev CODE
 0001:0000c7e0 0000001bH .text$_ZNKSt3__110unique_ptrINS_11__hash_nodeINS_17__hash_value_typeIPN6System7Typinfo9TTypeInfoEPSt9type_infoEEPvEENS_22__hash_node_destructorINS_9allocatorISB_EEEEE3getB6v15007Ev CODE
 0001:0000c800 0000003bH .text$_ZNSt3__110unique_ptrINS_11__hash_nodeINS_17__hash_value_typeIPN6System7Typinfo9TTypeInfoEPSt9type_infoEEPvEENS_22__hash_node_destructorINS_9allocatorISB_EEEEE7releaseB6v15007Ev CODE
 0001:0000c840 0000001dH .text$_ZNSt3__110unique_ptrINS_11__hash_nodeINS_17__hash_value_typeIPN6System7Typinfo9TTypeInfoEPSt9type_infoEEPvEENS_22__hash_node_destructorINS_9allocatorISB_EEEEED2B6v15007Ev CODE
 0001:0000c860 00000024H .text$_ZNSt3__115__hash_iteratorIPNS_11__hash_nodeINS_17__hash_value_typeIPN6System7Typinfo9TTypeInfoEPSt9type_infoEEPvEEEC2B6v15007EPNS_16__hash_node_baseISC_EEPKv CODE
 0001:0000c890 00000033H .text$_ZNSt3__14pairINS_15__hash_iteratorIPNS_11__hash_nodeINS_17__hash_value_typeIPN6System7Typinfo9TTypeInfoEPSt9type_infoEEPvEEEEbEC2B6v15007ISE_RbLSB_0EEEOT_OT0_ CODE
 0001:0000c8d0 00000019H .text$_ZNSt3__117__compressed_pairIyNS_22__unordered_map_hasherIPN6System7Typinfo9TTypeInfoENS_17__hash_value_typeIS5_PSt9type_infoEENS_4hashIS5_EENS_8equal_toIS5_EELb1EEEE6secondB6v15007Ev CODE
 0001:0000c8f0 0000000bH .text$_ZNSt3__122__compressed_pair_elemINS_22__unordered_map_hasherIPN6System7Typinfo9TTypeInfoENS_17__hash_value_typeIS5_PSt9type_infoEENS_4hashIS5_EENS_8equal_toIS5_EELb1EEELi1ELb1EE5__getB6v15007Ev CODE
 0001:0000c900 0000004aH .text$_ZNKSt3__14hashIPN6System7Typinfo9TTypeInfoEEclB6v15007ES4_ CODE
 0001:0000c950 00000501H .text$_ZNSt3__121__murmur2_or_cityhashIyLy64EEclEPKvy CODE
 0001:0000ce60 0000019dH .text$_ZNSt3__121__murmur2_or_cityhashIyLy64EE18__hash_len_0_to_16EPKcy CODE
 0001:0000d000 0000010cH .text$_ZNSt3__121__murmur2_or_cityhashIyLy64EE19__hash_len_17_to_32EPKcy CODE
 0001:0000d110 00000339H .text$_ZNSt3__121__murmur2_or_cityhashIyLy64EE19__hash_len_33_to_64EPKcy CODE
 0001:0000d450 0000001eH .text$_ZNSt3__110__loadwordB6v15007IyEET_PKv CODE
 0001:0000d470 00000095H .text$_ZNSt3__121__murmur2_or_cityhashIyLy64EE13__hash_len_16Eyy CODE
 0001:0000d510 000000b0H .text$_ZNSt3__121__murmur2_or_cityhashIyLy64EE29__weak_hash_len_32_with_seedsEPKcyy CODE
 0001:0000d5c0 00000058H .text$_ZNSt3__121__murmur2_or_cityhashIyLy64EE8__rotateEyi CODE
 0001:0000d620 0000002dH .text$_ZNSt3__14pairIyyEaSB6v15007EOS1_ CODE
 0001:0000d650 0000003bH .text$_ZNSt3__14swapB6v15007IyEENS_9enable_ifIXaasr21is_move_constructibleIT_EE5valuesr18is_move_assignableIS2_EE5valueEvE4typeERS2_S5_ CODE
 0001:0000d690 00000016H .text$_ZNSt3__121__murmur2_or_cityhashIyLy64EE11__shift_mixEy CODE
 0001:0000d6b0 00000037H .text$_ZNSt3__121__murmur2_or_cityhashIyLy64EE22__rotate_by_at_least_1Eyi CODE
 0001:0000d6f0 0000001dH .text$_ZNSt3__110__loadwordB6v15007IjEET_PKv CODE
 0001:0000d710 0000011aH .text$_ZNSt3__121__murmur2_or_cityhashIyLy64EE29__weak_hash_len_32_with_seedsEyyyyyy CODE
 0001:0000d830 00000032H .text$_ZNSt3__14pairIyyEC2B6v15007IyyLPv0EEEOT_OT0_ CODE
 0001:0000d870 00000019H .text$_ZNKSt3__110unique_ptrIA_PNS_16__hash_node_baseIPNS_11__hash_nodeINS_17__hash_value_typeIPN6System7Typinfo9TTypeInfoEPSt9type_infoEEPvEEEENS_25__bucket_list_deallocatorINS_9allocatorISF_EEEEE11get_deleterB6v15007Ev CODE
 0001:0000d890 0000001bH .text$_ZNKSt3__125__bucket_list_deallocatorINS_9allocatorIPNS_16__hash_node_baseIPNS_11__hash_nodeINS_17__hash_value_typeIPN6System7Typinfo9TTypeInfoEPSt9type_infoEEPvEEEEEEE4sizeB6v15007Ev CODE
 0001:0000d8b0 0000001dH .text$_ZNKSt3__117__compressed_pairIPPNS_16__hash_node_baseIPNS_11__hash_nodeINS_17__hash_value_typeIPN6System7Typinfo9TTypeInfoEPSt9type_infoEEPvEEEENS_25__bucket_list_deallocatorINS_9allocatorISF_EEEEE6secondB6v15007Ev CODE
 0001:0000d8d0 0000000bH .text$_ZNKSt3__122__compressed_pair_elemINS_25__bucket_list_deallocatorINS_9allocatorIPNS_16__hash_node_baseIPNS_11__hash_nodeINS_17__hash_value_typeIPN6System7Typinfo9TTypeInfoEPSt9type_infoEEPvEEEEEEEELi1ELb0EE5__getB6v15007Ev CODE
 0001:0000d8e0 00000019H .text$_ZNKSt3__117__compressed_pairIyNS_9allocatorIPNS_16__hash_node_baseIPNS_11__hash_nodeINS_17__hash_value_typeIPN6System7Typinfo9TTypeInfoEPSt9type_infoEEPvEEEEEEE5firstB6v15007Ev CODE
 0001:0000d900 0000000bH .text$_ZNKSt3__122__compressed_pair_elemIyLi0ELb0EE5__getB6v15007Ev CODE
 0001:0000d910 00000019H .text$_ZNKSt3__117__compressed_pairIPPNS_16__hash_node_baseIPNS_11__hash_nodeINS_17__hash_value_typeIPN6System7Typinfo9TTypeInfoEPSt9type_infoEEPvEEEENS_25__bucket_list_deallocatorINS_9allocatorISF_EEEEE5firstB6v15007Ev CODE
 0001:0000d930 0000000bH .text$_ZNKSt3__122__compressed_pair_elemIPPNS_16__hash_node_baseIPNS_11__hash_nodeINS_17__hash_value_typeIPN6System7Typinfo9TTypeInfoEPSt9type_infoEEPvEEEELi0ELb0EE5__getB6v15007Ev CODE
 0001:0000d940 00000019H .text$_ZNSt3__117__compressed_pairIfNS_21__unordered_map_equalIPN6System7Typinfo9TTypeInfoENS_17__hash_value_typeIS5_PSt9type_infoEENS_8equal_toIS5_EENS_4hashIS5_EELb1EEEE6secondB6v15007Ev CODE
 0001:0000d960 0000000bH .text$_ZNSt3__122__compressed_pair_elemINS_21__unordered_map_equalIPN6System7Typinfo9TTypeInfoENS_17__hash_value_typeIS5_PSt9type_infoEENS_8equal_toIS5_EENS_4hashIS5_EELb1EEELi1ELb1EE5__getB6v15007Ev CODE
 0001:0000d970 0000002eH .text$_ZNKSt3__18equal_toIPN6System7Typinfo9TTypeInfoEEclB6v15007ERKS4_S7_ CODE
 0001:0000d9a0 00000019H .text$_ZNKSt3__117__hash_value_typeIPN6System7Typinfo9TTypeInfoEPSt9type_infoE11__get_valueB6v15007Ev CODE
 0001:0000d9c0 00000019H .text$_ZNSt3__17launderB6v15007IKNS_4pairIKPN6System7Typinfo9TTypeInfoEPSt9type_infoEEEEPT_SC_ CODE
 0001:0000d9e0 0000000bH .text$_ZNSt3__19__launderB6v15007IKNS_4pairIKPN6System7Typinfo9TTypeInfoEPSt9type_infoEEEEPT_SC_ CODE
 0001:0000d9f0 00000023H .text$_ZNSt3__116allocator_traitsINS_9allocatorINS_11__hash_nodeINS_17__hash_value_typeIPN6System7Typinfo9TTypeInfoEPSt9type_infoEEPvEEEEE8allocateB6v15007ERSD_y CODE
 0001:0000da20 00000033H .text$_ZNSt3__122__hash_node_destructorINS_9allocatorINS_11__hash_nodeINS_17__hash_value_typeIPN6System7Typinfo9TTypeInfoEPSt9type_infoEEPvEEEEEC2B6v15007ERSD_b CODE
 0001:0000da60 0000003aH .text$_ZNSt3__110unique_ptrINS_11__hash_nodeINS_17__hash_value_typeIPN6System7Typinfo9TTypeInfoEPSt9type_infoEEPvEENS_22__hash_node_destructorINS_9allocatorISB_EEEEEC2B6v15007ILb1EvEEPSB_NS_16__dependent_typeINS_27__unique_ptr_deleter_sfinaeISF_EEXT_EE20__good_rval_ref_typeE CODE
 0001:0000daa0 00000046H .text$_ZNSt3__116allocator_traitsINS_9allocatorINS_11__hash_nodeINS_17__hash_value_typeIPN6System7Typinfo9TTypeInfoEPSt9type_infoEEPvEEEEE9constructB6v15007INS_4pairIKS7_S9_EEJRKNS_21piecewise_construct_tENS_5tupleIJRSH_EEENSM_IJEEEEvEEvRSD_PT_DpOT0_ CODE
 0001:0000daf0 00000019H .text$_ZNSt3__110unique_ptrINS_11__hash_nodeINS_17__hash_value_typeIPN6System7Typinfo9TTypeInfoEPSt9type_infoEEPvEENS_22__hash_node_destructorINS_9allocatorISB_EEEEE11get_deleterB6v15007Ev CODE
 0001:0000db10 00000051H .text$_ZNSt3__19allocatorINS_11__hash_nodeINS_17__hash_value_typeIPN6System7Typinfo9TTypeInfoEPSt9type_infoEEPvEEE8allocateB6v15007Ey CODE
 0001:0000db70 00000019H .text$_ZNSt3__116allocator_traitsINS_9allocatorINS_11__hash_nodeINS_17__hash_value_typeIPN6System7Typinfo9TTypeInfoEPSt9type_infoEEPvEEEEE8max_sizeB6v15007ISD_vEEyRKSD_ CODE
 0001:0000db90 00000011H .text$_ZNKSt3__19allocatorINS_11__hash_nodeINS_17__hash_value_typeIPN6System7Typinfo9TTypeInfoEPSt9type_infoEEPvEEE8max_sizeB6v15007Ev CODE
 0001:0000dbb0 00000040H .text$_ZNSt3__117__compressed_pairIPNS_11__hash_nodeINS_17__hash_value_typeIPN6System7Typinfo9TTypeInfoEPSt9type_infoEEPvEENS_22__hash_node_destructorINS_9allocatorISB_EEEEEC2B6v15007IRSC_SG_EEOT_OT0_ CODE
 0001:0000dbf0 00000021H .text$_ZNSt3__122__compressed_pair_elemIPNS_11__hash_nodeINS_17__hash_value_typeIPN6System7Typinfo9TTypeInfoEPSt9type_infoEEPvEELi0ELb0EEC2B6v15007IRSC_vEEOT_ CODE
 0001:0000dc20 00000029H .text$_ZNSt3__122__compressed_pair_elemINS_22__hash_node_destructorINS_9allocatorINS_11__hash_nodeINS_17__hash_value_typeIPN6System7Typinfo9TTypeInfoEPSt9type_infoEEPvEEEEEELi1ELb0EEC2B6v15007ISF_vEEOT_ CODE
 0001:0000dc50 0000004bH .text$_ZNSt3__19allocatorINS_11__hash_nodeINS_17__hash_value_typeIPN6System7Typinfo9TTypeInfoEPSt9type_infoEEPvEEE9constructB6v15007INS_4pairIKS6_S8_EEJRKNS_21piecewise_construct_tENS_5tupleIJRSF_EEENSK_IJEEEEEEvPT_DpOT0_ CODE
 0001:0000dca0 00000057H .text$_ZNSt3__14pairIKPN6System7Typinfo9TTypeInfoEPSt9type_infoEC2B6v15007IJRS5_EJEEENS_21piecewise_construct_tENS_5tupleIJDpT_EEENSC_IJDpT0_EEE CODE
 0001:0000dd00 00000060H .text$_ZNSt3__14pairIKPN6System7Typinfo9TTypeInfoEPSt9type_infoEC2B6v15007IJRS5_EJEJLy0EEJEEENS_21piecewise_construct_tERNS_5tupleIJDpT_EEERNSC_IJDpT0_EEENS_15__tuple_indicesIJXspT1_EEEENSL_IJXspT2_EEEE CODE
 0001:0000dd60 00000019H .text$_ZNSt3__13getB6v15007ILy0EJRKPN6System7Typinfo9TTypeInfoEEEERNS_13tuple_elementIXT_ENS_5tupleIJDpT0_EEEE4typeERSB_ CODE
 0001:0000dd80 0000000eH .text$_ZNSt3__112__tuple_leafILy0ERKPN6System7Typinfo9TTypeInfoELb0EE3getB6v15007Ev CODE
 0001:0000dd90 0000001dH .text$_ZNSt3__117__compressed_pairIPNS_11__hash_nodeINS_17__hash_value_typeIPN6System7Typinfo9TTypeInfoEPSt9type_infoEEPvEENS_22__hash_node_destructorINS_9allocatorISB_EEEEE6secondB6v15007Ev CODE
 0001:0000ddb0 0000000bH .text$_ZNSt3__122__compressed_pair_elemINS_22__hash_node_destructorINS_9allocatorINS_11__hash_nodeINS_17__hash_value_typeIPN6System7Typinfo9TTypeInfoEPSt9type_infoEEPvEEEEEELi1ELb0EE5__getB6v15007Ev CODE
 0001:0000ddc0 00000019H .text$_ZNSt3__117__compressed_pairIyNS_22__unordered_map_hasherIPN6System7Typinfo9TTypeInfoENS_17__hash_value_typeIS5_PSt9type_infoEENS_4hashIS5_EENS_8equal_toIS5_EELb1EEEE5firstB6v15007Ev CODE
 0001:0000dde0 00000019H .text$_ZNSt3__117__compressed_pairIfNS_21__unordered_map_equalIPN6System7Typinfo9TTypeInfoENS_17__hash_value_typeIS5_PSt9type_infoEENS_8equal_toIS5_EENS_4hashIS5_EELb1EEEE5firstB6v15007Ev CODE
 0001:0000de00 0000000bH .text$_ZNSt3__122__compressed_pair_elemIfLi0ELb0EE5__getB6v15007Ev CODE
 0001:0000de10 00000255H .text$_ZNSt3__112__hash_tableINS_17__hash_value_typeIPN6System7Typinfo9TTypeInfoEPSt9type_infoEENS_22__unordered_map_hasherIS5_S8_NS_4hashIS5_EENS_8equal_toIS5_EELb1EEENS_21__unordered_map_equalIS5_S8_SD_SB_Lb1EEENS_9allocatorIS8_EEE8__rehashILb1EEEvy CODE
 0001:0000e070 000002c2H .text$_ZNSt3__112__hash_tableINS_17__hash_value_typeIPN6System7Typinfo9TTypeInfoEPSt9type_infoEENS_22__unordered_map_hasherIS5_S8_NS_4hashIS5_EENS_8equal_toIS5_EELb1EEENS_21__unordered_map_equalIS5_S8_SD_SB_Lb1EEENS_9allocatorIS8_EEE11__do_rehashILb1EEEvy CODE
 0001:0000e340 00000056H .text$_ZNSt3__116__next_hash_pow2B6v15007Ey CODE
 0001:0000e3a0 00000007H .text$_ZNSt3__125__debug_db_invalidate_allB6v15007INS_12__hash_tableINS_17__hash_value_typeIPN6System7Typinfo9TTypeInfoEPSt9type_infoEENS_22__unordered_map_hasherIS6_S9_NS_4hashIS6_EENS_8equal_toIS6_EELb1EEENS_21__unordered_map_equalIS6_S9_SE_SC_Lb1EEENS_9allocatorIS9_EEEEEEvPT_ CODE
 0001:0000e3b0 00000019H .text$_ZNSt3__110unique_ptrIA_PNS_16__hash_node_baseIPNS_11__hash_nodeINS_17__hash_value_typeIPN6System7Typinfo9TTypeInfoEPSt9type_infoEEPvEEEENS_25__bucket_list_deallocatorINS_9allocatorISF_EEEEE11get_deleterB6v15007Ev CODE
 0001:0000e3d0 0000006aH .text$_ZNSt3__110unique_ptrIA_PNS_16__hash_node_baseIPNS_11__hash_nodeINS_17__hash_value_typeIPN6System7Typinfo9TTypeInfoEPSt9type_infoEEPvEEEENS_25__bucket_list_deallocatorINS_9allocatorISF_EEEEE5resetB6v15007IPSF_EENS_9enable_ifIXsr28_CheckArrayPointerConversionIT_EE5valueEvE4typeESP_ CODE
 0001:0000e440 00000023H .text$_ZNSt3__116allocator_traitsINS_9allocatorIPNS_16__hash_node_baseIPNS_11__hash_nodeINS_17__hash_value_typeIPN6System7Typinfo9TTypeInfoEPSt9type_infoEEPvEEEEEEE8allocateB6v15007ERSH_y CODE
 0001:0000e470 00000051H .text$_ZNSt3__19allocatorIPNS_16__hash_node_baseIPNS_11__hash_nodeINS_17__hash_value_typeIPN6System7Typinfo9TTypeInfoEPSt9type_infoEEPvEEEEE8allocateB6v15007Ey CODE
 0001:0000e4d0 00000019H .text$_ZNSt3__116allocator_traitsINS_9allocatorIPNS_16__hash_node_baseIPNS_11__hash_nodeINS_17__hash_value_typeIPN6System7Typinfo9TTypeInfoEPSt9type_infoEEPvEEEEEEE8max_sizeB6v15007ISH_vEEyRKSH_ CODE
 0001:0000e4f0 00000011H .text$_ZNKSt3__19allocatorIPNS_16__hash_node_baseIPNS_11__hash_nodeINS_17__hash_value_typeIPN6System7Typinfo9TTypeInfoEPSt9type_infoEEPvEEEEE8max_sizeB6v15007Ev CODE
 0001:0000e510 00000013H .text$_ZNSt3__112__libcpp_clzB6v15007Ey CODE
 0001:0000e530 00000057H .text$_ZNSt3__13maxB6v15007IyNS_6__lessIyyEEEERKT_S5_S5_T0_ CODE
 0001:0000e590 0000002eH .text$_ZNKSt3__16__lessIyyEclB6v15007ERKyS3_ CODE
 0001:0000e5c0 00000019H .text$_ZNKSt3__117__compressed_pairIPNS_11__hash_nodeINS_17__hash_value_typeIPN6System7Typinfo9TTypeInfoEPSt9type_infoEEPvEENS_22__hash_node_destructorINS_9allocatorISB_EEEEE5firstB6v15007Ev CODE
 0001:0000e5e0 0000000bH .text$_ZNKSt3__122__compressed_pair_elemIPNS_11__hash_nodeINS_17__hash_value_typeIPN6System7Typinfo9TTypeInfoEPSt9type_infoEEPvEELi0ELb0EE5__getB6v15007Ev CODE
 0001:0000e5f0 00000019H .text$_ZNSt3__117__compressed_pairIPNS_11__hash_nodeINS_17__hash_value_typeIPN6System7Typinfo9TTypeInfoEPSt9type_infoEEPvEENS_22__hash_node_destructorINS_9allocatorISB_EEEEE5firstB6v15007Ev CODE
 0001:0000e610 0000000bH .text$_ZNSt3__122__compressed_pair_elemIPNS_11__hash_nodeINS_17__hash_value_typeIPN6System7Typinfo9TTypeInfoEPSt9type_infoEEPvEELi0ELb0EE5__getB6v15007Ev CODE
 0001:0000e620 0000006aH .text$_ZNSt3__110unique_ptrINS_11__hash_nodeINS_17__hash_value_typeIPN6System7Typinfo9TTypeInfoEPSt9type_infoEEPvEENS_22__hash_node_destructorINS_9allocatorISB_EEEEE5resetB6v15007EPSB_ CODE
 0001:0000e690 00000089H .text$_ZNSt3__122__hash_node_destructorINS_9allocatorINS_11__hash_nodeINS_17__hash_value_typeIPN6System7Typinfo9TTypeInfoEPSt9type_infoEEPvEEEEEclB6v15007EPSC_ CODE
 0001:0000e720 00000040H .text$_ZNSt3__15tupleIJRKPN6System7Typinfo9TTypeInfoEEEC2B6v15007INS_4_AndELi0EEES6_ CODE
 0001:0000e760 00000039H .text$_ZNSt3__112__tuple_implINS_15__tuple_indicesIJLy0EEEEJRKPN6System7Typinfo9TTypeInfoEEEC2B6v15007IJLy0EEJS8_EJEJEJS8_EEENS1_IJXspT_EEEENS_13__tuple_typesIJDpT0_EEENS1_IJXspT1_EEEENSC_IJDpT2_EEEDpOT3_ CODE
 0001:0000e7a0 0000001eH .text$_ZNSt3__112__tuple_leafILy0ERKPN6System7Typinfo9TTypeInfoELb0EEC2B6v15007IS6_vEEOT_ CODE
 0001:0000e7c0 0000000bH .text$_ZNSt3__114pointer_traitsIPNS_17__hash_value_typeIPN6System7Typinfo9TTypeInfoEPSt9type_infoEEE10pointer_toB6v15007ERS8_ CODE
 0001:0000e7d0 00002b56H .text                   CODE
 0001:00011330 0000005bH .text$_ZN6System11WideCharLenIwEEiPKT_ CODE
 0001:00011390 0000005bH .text$_ZN6System11WideCharLenIDsEEiPKT_ CODE
 0001:000113f0 00000059H .text$_ZN6System11AnsiStringTILt0EEC2EPKci CODE
 0001:00011450 00001c2cH .text                   CODE
 0002:00000000 00000008H .rdata$.refptr._MINGW_INSTALL_DEBUG_MATHERR DATA
 0002:00000008 00000008H .rdata$.refptr.__dyn_tls_init_callback DATA
 0002:00000010 00000008H .rdata$.refptr.__globallocalestatus DATA
 0002:00000018 00000008H .rdata$.refptr.__image_base__ DATA
 0002:00000020 00000008H .rdata$.refptr.__imp___winitenv DATA
 0002:00000028 00000008H .rdata$.refptr.__mingw_app_type DATA
 0002:00000030 00000008H .rdata$.refptr.__mingw_initltsdrot_force DATA
 0002:00000038 00000008H .rdata$.refptr.__mingw_initltsdyn_force DATA
 0002:00000040 00000008H .rdata$.refptr.__mingw_initltssuo_force DATA
 0002:00000048 00000008H .rdata$.refptr.__mingw_oldexcpt_handler DATA
 0002:00000050 00000008H .rdata$.refptr.__native_startup_lock DATA
 0002:00000058 00000008H .rdata$.refptr.__native_startup_state DATA
 0002:00000060 00000008H .rdata$.refptr.__xc_a   DATA
 0002:00000068 00000008H .rdata$.refptr.__xc_z   DATA
 0002:00000070 00000008H .rdata$.refptr.__xi_a   DATA
 0002:00000078 00000008H .rdata$.refptr.__xi_z   DATA
 0002:00000080 00000008H .rdata$.refptr._commode DATA
 0002:00000088 00000008H .rdata$.refptr._dowildcard DATA
 0002:00000090 00000008H .rdata$.refptr._fmode   DATA
 0002:00000098 00000008H .rdata$.refptr._hInstance DATA
 0002:000000a0 00000008H .rdata$.refptr._newmode DATA
 0002:000000a8 000059e9H .rdata                  DATA
 0002:00005a98 00000008H .rdata$.refptr.Form1    DATA
 0002:00005aa0 00000008H .rdata$.refptr._ZTRN6System8Sysutils9ExceptionE DATA
 0002:00005aa8 00000008H .rdata$.refptr._ZTV6TForm1 DATA
 0002:00005ab0 00000008H .rdata$.refptr._ZTVN6System8Sysutils9ExceptionE DATA
 0002:00005ac0 000007e0H .rdata                  DATA
 0002:000062a0 00000032H .rdata$_ZTR6TForm1      DATA
 0002:000062d2 00000011H .rdata$_ZTSSt12length_error DATA
 0002:000062e3 00000010H .rdata$_ZTSSt11logic_error DATA
 0002:000062f3 0000000dH .rdata$_ZTSSt9exception DATA
 0002:00006300 00000010H .rdata$_ZTISt9exception DATA
 0002:00006310 00000018H .rdata$_ZTISt11logic_error DATA
 0002:00006328 00000018H .rdata$_ZTISt12length_error DATA
 0002:00006340 00000019H .rdata$_ZTSSt20bad_array_new_length DATA
 0002:00006359 0000000dH .rdata$_ZTSSt9bad_alloc DATA
 0002:00006368 00000018H .rdata$_ZTISt9bad_alloc DATA
 0002:00006380 00000018H .rdata$_ZTISt20bad_array_new_length DATA
 0002:00006398 00000008H .rdata$.refptr._ZN6System10_init_instE DATA
 0002:000063a0 00000012H .rdata                  DATA
 0002:000063b8 00000008H .rdata$.refptr.__imp__tzset DATA
 0002:000063c0 00000008H .rdata$.refptr.__mingw_module_is_dll DATA
 0002:000063c8 00000008H .rdata$.refptr.__CTOR_LIST__ DATA
 0002:000063d0 00000038H .rdata                  DATA
 0002:00006408 00000008H .rdata$.refptr._CRT_MT  DATA
 0002:00006410 00000255H .rdata                  DATA
 0002:00006668 00000008H .rdata$.refptr.__RUNTIME_PSEUDO_RELOC_LIST_END__ DATA
 0002:00006670 00000008H .rdata$.refptr.__RUNTIME_PSEUDO_RELOC_LIST__ DATA
 0002:00006678 00000001H .rdata                  DATA
 0002:00006680 00000008H .rdata$.refptr._ZTRN6System8Sysutils11ERangeErrorE DATA
 0002:00006688 00000008H .rdata$.refptr._ZTVN6System8Sysutils11ERangeErrorE DATA
 0002:00006690 00000220H .rdata                  DATA
 0002:000068b0 00000008H .rdata$.refptr.__EMBT_INIT_LIST_BEGIN__ DATA
 0002:000068b8 00000008H .rdata$.refptr.__EMBT_INIT_LIST_END__ DATA
 0002:000068c0 00000008H .rdata$.refptr.__isDLL  DATA
 0002:000068c8 00000008H .rdata$.refptr.__isGUI  DATA
 0002:000068d0 00000008H .rdata$.refptr.__isVCLPackage DATA
 0002:000068d8 000003a0H .rdata                  DATA
 0002:00006d08 00000008H .CRT$XCA                DATA
 0002:00006d10 00000008H .CRT$XCAA               DATA
 0002:00006d18 00000008H .CRT$XCZ                DATA
 0002:00006d20 00000008H .CRT$XDA                DATA
 0002:00006d28 00000008H .CRT$XDZ                DATA
 0002:00006d30 00000008H .CRT$XIA                DATA
 0002:00006d38 00000008H .CRT$XIAA               DATA
 0002:00006d40 00000008H .CRT$XIZ                DATA
 0002:00006d48 00000008H .CRT$XLA                DATA
 0002:00006d50 00000008H .CRT$XLC                DATA
 0002:00006d58 00000008H .CRT$XLD                DATA
 0002:00006d60 00000008H .CRT$XLZ                DATA
 0002:00006d70 00000008H .ctors.65435            DATA
 0002:00006d78 00000010H .ctors.65534            DATA
 0002:00006d98 00000008H .dtors.65435            DATA
 0002:0000d2e4 00000258H .xdata                  DATA
 0002:0000d53c 00000008H .xdata$_ZN6System7Classes15TComponentClassC1EPNS_10TMetaClassE DATA
 0002:0000d544 00000008H .xdata$_ZN6System7Classes15TComponentClassC2EPNS_10TMetaClassE DATA
 0002:0000d54c 00000008H .xdata$_ZN6System15DelphiMetaClassINS_7Classes15TComponentClassEEC2EPNS_10TMetaClassE DATA
 0002:0000d554 000001e0H .xdata                  DATA
 0002:0000d734 00000020H .xdata$_ZN6System11AnsiStringTILt0EED2Ev DATA
 0002:0000d754 00000020H .xdata$_ZNSt3__111char_traitsIcE4copyEPcPKcy DATA
 0002:0000d774 00000020H .xdata$_ZNSt3__111char_traitsIcE6assignEPcyc DATA
 0002:0000d794 0000001cH .xdata$_ZNSt3__120__throw_length_errorB6v15007EPKc DATA
 0002:0000d7b0 00000020H .xdata$_ZNSt3__113__rewrap_iterB6v15007IPcS1_NS_18__unwrap_iter_implIS1_Lb1EEEEET_S4_T0_ DATA
 0002:0000d7d0 00000020H .xdata$_ZNSt3__113__rewrap_iterB6v15007IPKcS2_NS_18__unwrap_iter_implIS2_Lb1EEEEET_S5_T0_ DATA
 0002:0000d7f0 00000020H .xdata$_ZNSt3__19allocatorIcE10deallocateB6v15007EPcy DATA
 0002:0000d810 00000008H .xdata$_ZN3Vcl5Forms5TFormC3EPN6System7Classes10TComponentE DATA
 0002:0000d818 00000008H .xdata$_ZN3pntC1Ev      DATA
 0002:0000d820 00000008H .xdata$_ZN6System11AnsiStringTILt0EEC1ERKNS_13UnicodeStringE DATA
 0002:0000d828 00000008H .xdata$_ZN6System14AnsiStringBaseixEi DATA
 0002:0000d830 00000008H .xdata$_ZN6System11AnsiStringTILt0EED1Ev DATA
 0002:0000d838 00000008H .xdata$_ZNSt3__112basic_stringIcNS_11char_traitsIcEENS_9allocatorIcEEEC1B6v15007IDnEEPKc DATA
 0002:0000d840 00000008H .xdata$_Z3powB6v15007IiiENSt3__19enable_ifIXaasr3std13is_arithmeticIT_EE5valuesr3std13is_arithmeticIT0_EE5valueENS0_9__promoteIS2_S3_vEEE4type4typeES2_S3_ DATA
 0002:0000d848 00000008H .xdata$_ZNSt3__1plIcNS_11char_traitsIcEENS_9allocatorIcEEEENS_12basic_stringIT_T0_T1_EERKS9_S6_ DATA
 0002:0000d850 00000008H .xdata$_ZNSt3__112basic_stringIcNS_11char_traitsIcEENS_9allocatorIcEEEaSB6v15007EOS5_ DATA
 0002:0000d858 00000008H .xdata$_ZNKSt3__112basic_stringIcNS_11char_traitsIcEENS_9allocatorIcEEE5c_strB6v15007Ev DATA
 0002:0000d860 00000008H .xdata$_ZN6TForm1D0Ev   DATA
 0002:0000d868 00000008H .xdata$_ZN3Vcl5Forms5TFormC3EPN6System7Classes10TComponentEi DATA
 0002:0000d870 00000008H .xdata$_ZN3Vcl5Forms5TFormC3EPN6System7Classes10TComponentEii DATA
 0002:0000d878 00000008H .xdata$_ZN3pntC2Ev      DATA
 0002:0000d880 00000008H .xdata$_ZN6System14AnsiStringBase6UniqueEv DATA
 0002:0000d888 00000008H .xdata$_ZN3Vcl5Forms5TFormD0Ev DATA
 0002:0000d890 00000008H .xdata$_ZNKSt3__112basic_stringIcNS_11char_traitsIcEENS_9allocatorIcEEE4dataB6v15007Ev DATA
 0002:0000d898 00000008H .xdata$_ZNSt3__112__to_addressB6v15007IKcEEPT_S3_ DATA
 0002:0000d8a0 00000008H .xdata$_ZNKSt3__112basic_stringIcNS_11char_traitsIcEENS_9allocatorIcEEE13__get_pointerB6v15007Ev DATA
 0002:0000d8a8 00000008H .xdata$_ZNKSt3__112basic_stringIcNS_11char_traitsIcEENS_9allocatorIcEEE9__is_longB6v15007Ev DATA
 0002:0000d8b0 00000008H .xdata$_ZNKSt3__112basic_stringIcNS_11char_traitsIcEENS_9allocatorIcEEE18__get_long_pointerB6v15007Ev DATA
 0002:0000d8b8 00000008H .xdata$_ZNKSt3__112basic_stringIcNS_11char_traitsIcEENS_9allocatorIcEEE19__get_short_pointerB6v15007Ev DATA
 0002:0000d8c0 00000008H .xdata$_ZNKSt3__117__compressed_pairINS_12basic_stringIcNS_11char_traitsIcEENS_9allocatorIcEEE5__repES5_E5firstB6v15007Ev DATA
 0002:0000d8c8 00000008H .xdata$_ZNKSt3__122__compressed_pair_elemINS_12basic_stringIcNS_11char_traitsIcEENS_9allocatorIcEEE5__repELi0ELb0EE5__getB6v15007Ev DATA
 0002:0000d8d0 00000008H .xdata$_ZNSt3__114pointer_traitsIPKcE10pointer_toB6v15007ERS1_ DATA
 0002:0000d8d8 00000008H .xdata$_ZN6System11AnsiStringTILt0EEC2ERKNS_13UnicodeStringE DATA
 0002:0000d8e0 00000020H .xdata$_ZN6System11AnsiStringTILt0EED2Ev DATA
 0002:0000d900 00000008H .xdata$_ZN6System11AnsiStringTILt0EEC1Ev DATA
 0002:0000d908 00000008H .xdata$_ZN6System11AnsiStringTILt0EEC1ERKS1_ DATA
 0002:0000d910 00000008H .xdata$_ZN6System11AnsiStringTILt0EEC2Ev DATA
 0002:0000d918 00000008H .xdata$_ZN6System14AnsiStringBaseC2Ev DATA
 0002:0000d920 00000008H .xdata$_ZN6System11AnsiStringTILt0EEC2ERKS1_ DATA
 0002:0000d928 00000008H .xdata$_ZNSt3__112basic_stringIcNS_11char_traitsIcEENS_9allocatorIcEEEC2B6v15007IDnEEPKc DATA
 0002:0000d930 00000008H .xdata$_ZNSt3__117__compressed_pairINS_12basic_stringIcNS_11char_traitsIcEENS_9allocatorIcEEE5__repES5_EC1B6v15007INS_18__default_init_tagESA_EEOT_OT0_ DATA
 0002:0000d938 00000008H .xdata$_ZNSt3__111char_traitsIcE6lengthEPKc DATA
 0002:0000d940 00000008H .xdata$_ZNSt3__119__debug_db_insert_cB6v15007INS_12basic_stringIcNS_11char_traitsIcEENS_9allocatorIcEEEEEEvPT_ DATA
 0002:0000d948 00000008H .xdata$_ZNSt3__117__compressed_pairINS_12basic_stringIcNS_11char_traitsIcEENS_9allocatorIcEEE5__repES5_EC2B6v15007INS_18__default_init_tagESA_EEOT_OT0_ DATA
 0002:0000d950 00000008H .xdata$_ZNSt3__122__compressed_pair_elemINS_12basic_stringIcNS_11char_traitsIcEENS_9allocatorIcEEE5__repELi0ELb0EEC2B6v15007ENS_18__default_init_tagE DATA
 0002:0000d958 00000008H .xdata$_ZNSt3__122__compressed_pair_elemINS_9allocatorIcEELi1ELb1EEC2B6v15007ENS_18__default_init_tagE DATA
 0002:0000d960 00000008H .xdata$_ZNSt3__19allocatorIcEC2B6v15007Ev DATA
 0002:0000d968 00000008H .xdata$_ZNSt3__116__non_trivial_ifILb1ENS_9allocatorIcEEEC2B6v15007Ev DATA
 0002:0000d970 00000008H .xdata$_ZNKSt3__112basic_stringIcNS_11char_traitsIcEENS_9allocatorIcEEE4sizeB6v15007Ev DATA
 0002:0000d978 00000008H .xdata$_ZNSt3__116allocator_traitsINS_9allocatorIcEEE37select_on_container_copy_constructionB6v15007IS2_vvEES2_RKS2_ DATA
 0002:0000d980 00000008H .xdata$_ZNKSt3__112basic_stringIcNS_11char_traitsIcEENS_9allocatorIcEEE13get_allocatorB6v15007Ev DATA
 0002:0000d988 00000008H .xdata$_ZNSt3__112basic_stringIcNS_11char_traitsIcEENS_9allocatorIcEEEC1B6v15007ENS_24__uninitialized_size_tagEyRKS4_ DATA
 0002:0000d990 00000008H .xdata$_ZNSt3__112__to_addressB6v15007IcEEPT_S2_ DATA
 0002:0000d998 00000008H .xdata$_ZNSt3__112basic_stringIcNS_11char_traitsIcEENS_9allocatorIcEEE13__get_pointerB6v15007Ev DATA
 0002:0000d9a0 00000020H .xdata$_ZNSt3__111char_traitsIcE4copyEPcPKcy DATA
 0002:0000d9c0 00000020H .xdata$_ZNSt3__111char_traitsIcE6assignEPcyc DATA
 0002:0000d9e0 00000008H .xdata$_ZNKSt3__112basic_stringIcNS_11char_traitsIcEENS_9allocatorIcEEE15__get_long_sizeB6v15007Ev DATA
 0002:0000d9e8 00000008H .xdata$_ZNKSt3__112basic_stringIcNS_11char_traitsIcEENS_9allocatorIcEEE16__get_short_sizeB6v15007Ev DATA
 0002:0000d9f0 00000008H .xdata$_ZNKSt3__112basic_stringIcNS_11char_traitsIcEENS_9allocatorIcEEE7__allocB6v15007Ev DATA
 0002:0000d9f8 00000008H .xdata$_ZNKSt3__117__compressed_pairINS_12basic_stringIcNS_11char_traitsIcEENS_9allocatorIcEEE5__repES5_E6secondB6v15007Ev DATA
 0002:0000da00 00000008H .xdata$_ZNKSt3__122__compressed_pair_elemINS_9allocatorIcEELi1ELb1EE5__getB6v15007Ev DATA
 0002:0000da08 00000008H .xdata$_ZNSt3__112basic_stringIcNS_11char_traitsIcEENS_9allocatorIcEEEC2B6v15007ENS_24__uninitialized_size_tagEyRKS4_ DATA
 0002:0000da10 00000008H .xdata$_ZNSt3__117__compressed_pairINS_12basic_stringIcNS_11char_traitsIcEENS_9allocatorIcEEE5__repES5_EC1B6v15007INS_18__default_init_tagERKS5_EEOT_OT0_ DATA
 0002:0000da18 00000008H .xdata$_ZNKSt3__112basic_stringIcNS_11char_traitsIcEENS_9allocatorIcEEE8max_sizeB6v15007Ev DATA
 0002:0000da20 00000008H .xdata$_ZNKSt3__112basic_stringIcNS_11char_traitsIcEENS_9allocatorIcEEE20__throw_length_errorB6v15007Ev DATA
 0002:0000da28 00000008H .xdata$_ZNSt3__112basic_stringIcNS_11char_traitsIcEENS_9allocatorIcEEE13__fits_in_ssoB6v15007Ey DATA
 0002:0000da30 00000008H .xdata$_ZNSt3__112basic_stringIcNS_11char_traitsIcEENS_9allocatorIcEEE6__zeroB6v15007Ev DATA
 0002:0000da38 00000008H .xdata$_ZNSt3__112basic_stringIcNS_11char_traitsIcEENS_9allocatorIcEEE16__set_short_sizeB6v15007Ey DATA
 0002:0000da40 00000008H .xdata$_ZNSt3__112basic_stringIcNS_11char_traitsIcEENS_9allocatorIcEEE11__recommendB6v15007Ey DATA
 0002:0000da48 00000008H .xdata$_ZNSt3__116allocator_traitsINS_9allocatorIcEEE8allocateB6v15007ERS2_y DATA
 0002:0000da50 00000008H .xdata$_ZNSt3__112basic_stringIcNS_11char_traitsIcEENS_9allocatorIcEEE7__allocB6v15007Ev DATA
 0002:0000da58 00000008H .xdata$_ZNSt3__112basic_stringIcNS_11char_traitsIcEENS_9allocatorIcEEE16__begin_lifetimeB6v15007EPcy DATA
 0002:0000da60 00000008H .xdata$_ZNSt3__112basic_stringIcNS_11char_traitsIcEENS_9allocatorIcEEE14__set_long_capB6v15007Ey DATA
 0002:0000da68 00000008H .xdata$_ZNSt3__112basic_stringIcNS_11char_traitsIcEENS_9allocatorIcEEE18__set_long_pointerB6v15007EPc DATA
 0002:0000da70 00000008H .xdata$_ZNSt3__112basic_stringIcNS_11char_traitsIcEENS_9allocatorIcEEE15__set_long_sizeB6v15007Ey DATA
 0002:0000da78 00000008H .xdata$_ZNSt3__117__compressed_pairINS_12basic_stringIcNS_11char_traitsIcEENS_9allocatorIcEEE5__repES5_EC2B6v15007INS_18__default_init_tagERKS5_EEOT_OT0_ DATA
 0002:0000da80 00000008H .xdata$_ZNSt3__122__compressed_pair_elemINS_9allocatorIcEELi1ELb1EEC2B6v15007IRKS2_vEEOT_ DATA
 0002:0000da88 00000008H .xdata$_ZNSt3__116allocator_traitsINS_9allocatorIcEEE8max_sizeB6v15007IS2_vEEyRKS2_ DATA
 0002:0000da90 00000008H .xdata$_ZNSt3__114numeric_limitsIyE3maxB6v15007Ev DATA
 0002:0000da98 00000008H .xdata$_ZNKSt3__19allocatorIcE8max_sizeB6v15007Ev DATA
 0002:0000daa0 0000001cH .xdata$_ZNSt3__120__throw_length_errorB6v15007EPKc DATA
 0002:0000dabc 00000008H .xdata$_ZNSt12length_errorC1B6v15007EPKc DATA
 0002:0000dac4 00000008H .xdata$_ZNSt12length_errorC2B6v15007EPKc DATA
 0002:0000dacc 00000008H .xdata$_ZNSt3__117__compressed_pairINS_12basic_stringIcNS_11char_traitsIcEENS_9allocatorIcEEE5__repES5_E5firstB6v15007Ev DATA
 0002:0000dad4 00000008H .xdata$_ZNSt3__122__compressed_pair_elemINS_12basic_stringIcNS_11char_traitsIcEENS_9allocatorIcEEE5__repELi0ELb0EE5__getB6v15007Ev DATA
 0002:0000dadc 00000008H .xdata$_ZNSt3__112basic_stringIcNS_11char_traitsIcEENS_9allocatorIcEEE10__align_itB6v15007ILy16EEEyy DATA
 0002:0000dae4 00000008H .xdata$_ZNSt3__19allocatorIcE8allocateB6v15007Ey DATA
 0002:0000daec 00000008H .xdata$_ZSt28__throw_bad_array_new_lengthB6v15007v DATA
 0002:0000daf4 00000008H .xdata$_ZNSt3__117__libcpp_allocateB6v15007Eyy DATA
 0002:0000dafc 00000008H .xdata$_ZNSt3__124__is_overaligned_for_newB6v15007Ey DATA
 0002:0000db04 00000008H .xdata$_ZNSt3__121__libcpp_operator_newB6v15007IJySt11align_val_tEEEPvDpT_ DATA
 0002:0000db0c 00000008H .xdata$_ZNSt3__121__libcpp_operator_newB6v15007IJyEEEPvDpT_ DATA
 0002:0000db14 00000008H .xdata$_ZNSt3__117__compressed_pairINS_12basic_stringIcNS_11char_traitsIcEENS_9allocatorIcEEE5__repES5_E6secondB6v15007Ev DATA
 0002:0000db1c 00000008H .xdata$_ZNSt3__122__compressed_pair_elemINS_9allocatorIcEELi1ELb1EE5__getB6v15007Ev DATA
 0002:0000db24 00000008H .xdata$_ZNSt3__112basic_stringIcNS_11char_traitsIcEENS_9allocatorIcEEE18__get_long_pointerB6v15007Ev DATA
 0002:0000db2c 00000008H .xdata$_ZNSt3__112basic_stringIcNS_11char_traitsIcEENS_9allocatorIcEEE19__get_short_pointerB6v15007Ev DATA
 0002:0000db34 00000008H .xdata$_ZNSt3__114pointer_traitsIPcE10pointer_toB6v15007ERc DATA
 0002:0000db3c 00000008H .xdata$_ZNSt3__16copy_nB6v15007IPKcyPcEENS_9enable_ifIXsr33__is_cpp17_random_access_iteratorIT_EE5valueET1_E4typeES5_T0_S6_ DATA
 0002:0000db44 00000008H .xdata$_ZNSt3__14copyB6v15007IPKcPcEET0_T_S5_S4_ DATA
 0002:0000db4c 00000008H .xdata$_ZNSt3__16__copyB6v15007IPKcS2_PcLi0EEENS_4pairIT_T1_EES5_T0_S6_ DATA
 0002:0000db54 00000008H .xdata$_ZNSt3__114__unwrap_rangeB6v15007IPKcS2_EENS_4pairIT0_S4_EET_S6_ DATA
 0002:0000db5c 00000008H .xdata$_ZNSt3__111__copy_implB6v15007IKccvEENS_4pairIPT_PT0_EES4_S4_S6_ DATA
 0002:0000db64 00000008H .xdata$_ZNSt3__113__unwrap_iterB6v15007IPcNS_18__unwrap_iter_implIS1_Lb1EEELi0EEEDTclsrT0_8__unwrapclsr3stdE7declvalIT_EEEES5_ DATA
 0002:0000db6c 00000008H .xdata$_ZNSt3__19make_pairB6v15007IPKcPcEENS_4pairINS_18__unwrap_ref_decayIT_E4typeENS5_IT0_E4typeEEEOS6_OS9_ DATA
 0002:0000db74 00000008H .xdata$_ZNSt3__114__rewrap_rangeB6v15007IPKcS2_EET_S3_T0_ DATA
 0002:0000db7c 00000020H .xdata$_ZNSt3__113__rewrap_iterB6v15007IPcS1_NS_18__unwrap_iter_implIS1_Lb1EEEEET_S4_T0_ DATA
 0002:0000db9c 00000008H .xdata$_ZNSt3__19make_pairB6v15007IPKcS2_EENS_4pairINS_18__unwrap_ref_decayIT_E4typeENS4_IT0_E4typeEEEOS5_OS8_ DATA
 0002:0000dba4 00000008H .xdata$_ZNSt3__113__unwrap_iterB6v15007IPKcNS_18__unwrap_iter_implIS2_Lb1EEELi0EEEDTclsrT0_8__unwrapclsr3stdE7declvalIT_EEEES6_ DATA
 0002:0000dbac 00000008H .xdata$_ZNSt3__14pairIPKcS2_EC1B6v15007IS2_S2_LPv0EEEOT_OT0_ DATA
 0002:0000dbb4 00000008H .xdata$_ZNSt3__14pairIPKcS2_EC2B6v15007IS2_S2_LPv0EEEOT_OT0_ DATA
 0002:0000dbbc 00000008H .xdata$_ZNSt3__118__unwrap_iter_implIPKcLb1EE8__unwrapB6v15007ES2_ DATA
 0002:0000dbc4 00000008H .xdata$_ZNSt3__118__unwrap_iter_implIPcLb1EE8__unwrapB6v15007ES1_ DATA
 0002:0000dbcc 00000008H .xdata$_ZNSt3__14pairIPKcPcEC1B6v15007IS2_S3_LPv0EEEOT_OT0_ DATA
 0002:0000dbd4 00000008H .xdata$_ZNSt3__14pairIPKcPcEC2B6v15007IS2_S3_LPv0EEEOT_OT0_ DATA
 0002:0000dbdc 00000020H .xdata$_ZNSt3__113__rewrap_iterB6v15007IPKcS2_NS_18__unwrap_iter_implIS2_Lb1EEEEET_S5_T0_ DATA
 0002:0000dbfc 00000008H .xdata$_ZNSt3__118__unwrap_iter_implIPKcLb1EE8__rewrapB6v15007ES2_S2_ DATA
 0002:0000dc04 00000008H .xdata$_ZNSt3__118__unwrap_iter_implIPcLb1EE8__rewrapB6v15007ES1_S1_ DATA
 0002:0000dc0c 00000008H .xdata$_ZNSt3__16fill_nB6v15007IPcycEET_S2_T0_RKT1_ DATA
 0002:0000dc14 00000008H .xdata$_ZNSt3__18__fill_nB6v15007IPcycEET_S2_T0_RKT1_ DATA
 0002:0000dc1c 00000008H .xdata$_ZNSt3__121__convert_to_integralB6v15007Ey DATA
 0002:0000dc24 00000008H .xdata$_ZNSt3__112basic_stringIcNS_11char_traitsIcEENS_9allocatorIcEEE13__move_assignB6v15007ERS5_NS_17integral_constantIbLb1EEE DATA
 0002:0000dc2c 00000008H .xdata$_ZNSt3__116allocator_traitsINS_9allocatorIcEEE10deallocateB6v15007ERS2_Pcy DATA
 0002:0000dc34 00000008H .xdata$_ZNKSt3__112basic_stringIcNS_11char_traitsIcEENS_9allocatorIcEEE14__get_long_capB6v15007Ev DATA
 0002:0000dc3c 00000008H .xdata$_ZNSt3__112basic_stringIcNS_11char_traitsIcEENS_9allocatorIcEEE19__move_assign_allocB6v15007ERS5_ DATA
 0002:0000dc44 00000008H .xdata$_ZNSt3__111char_traitsIcE6assignERcRKc DATA
 0002:0000dc4c 00000020H .xdata$_ZNSt3__19allocatorIcE10deallocateB6v15007EPcy DATA
 0002:0000dc6c 00000008H .xdata$_ZNSt3__119__libcpp_deallocateB6v15007EPvyy DATA
 0002:0000dc74 00000008H .xdata$_ZNSt3__127__do_deallocate_handle_sizeB6v15007IJSt11align_val_tEEEvPvyDpT_ DATA
 0002:0000dc7c 00000008H .xdata$_ZNSt3__127__do_deallocate_handle_sizeB6v15007IJEEEvPvyDpT_ DATA
 0002:0000dc84 00000008H .xdata$_ZNSt3__124__libcpp_operator_deleteB6v15007IJPvSt11align_val_tEEEvDpT_ DATA
 0002:0000dc8c 00000008H .xdata$_ZNSt3__124__libcpp_operator_deleteB6v15007IJPvEEEvDpT_ DATA
 0002:0000dc94 00000008H .xdata$_ZNSt3__112basic_stringIcNS_11char_traitsIcEENS_9allocatorIcEEE19__move_assign_allocB6v15007ERS5_NS_17integral_constantIbLb1EEE DATA
 0002:0000dc9c 000005b0H .xdata                  DATA
 0002:0000e24c 00000020H .xdata$_ZN6System8Sysutils11ERangeErrorC3ENS_13UnicodeStringE DATA
 0002:0000e26c 00000020H .xdata$_ZN6System11AnsiStringTILt0EED2Ev DATA
 0002:0000e28c 00000020H .xdata$_ZN6System8Sysutils9EIntErrorC3ENS_13UnicodeStringE DATA
 0002:0000e2ac 00000020H .xdata$_ZN6System8Sysutils9EExternalC3ENS_13UnicodeStringE DATA
 0002:0000e2cc 00000020H .xdata$_ZN6System8Sysutils11ERangeErrorC3ENS_13UnicodeStringE DATA
 0002:0000e2ec 00000008H .xdata$_ZN6System8Sysutils11ERangeErrorD0Ev DATA
 0002:0000e2f4 00000008H .xdata$_ZN6System8_CharLenIwEEiPKT_ DATA
 0002:0000e2fc 00000008H .xdata$_ZN6System8_CharLenIDsEEiPKT_ DATA
 0002:0000e304 00000008H .xdata$_ZN6System14AnsiStringBaseC2ILt0EEEONS_11AnsiStringTIXT_EEE DATA
 0002:0000e30c 00000008H .xdata$_ZN6System13UnicodeStringC2ILt0EEERKNS_11AnsiStringTIXT_EEE DATA
 0002:0000e314 00000008H .xdata$_ZNK6System14AnsiStringBase8CodePageEv DATA
 0002:0000e31c 00000008H .xdata$_ZNK6System14AnsiStringBaseixEi DATA
 0002:0000e324 00000020H .xdata$_ZN6System8Sysutils9EIntErrorC3ENS_13UnicodeStringE DATA
 0002:0000e344 00000020H .xdata$_ZN6System8Sysutils9EExternalC3ENS_13UnicodeStringE DATA
 0002:0000e364 00000008H .xdata$_ZN6System8Sysutils9EIntErrorD0Ev DATA
 0002:0000e36c 00000008H .xdata$_ZN6System8Sysutils9EExternalD0Ev DATA
 0002:0000e374 0000015cH .xdata                  DATA
 0002:0000e4d0 00000020H .xdata$_ZN6System15DelphiInterfaceINS_10IInterfaceEED2Ev DATA
 0002:0000e4f0 00000020H .xdata$_ZNSt3__113unordered_mapIPN6System7Typinfo9TTypeInfoEPSt9type_infoNS_4hashIS4_EENS_8equal_toIS4_EENS_9allocatorINS_4pairIKS4_S6_EEEEEC2B6v15007Ev DATA
 0002:0000e510 00000018H .xdata$_ZNK6System11AnsiStringTILt65001EEplERKS1_ DATA
 0002:0000e528 00000020H .xdata$_ZNSt3__112__hash_tableINS_17__hash_value_typeIPN6System7Typinfo9TTypeInfoEPSt9type_infoEENS_22__unordered_map_hasherIS5_S8_NS_4hashIS5_EENS_8equal_toIS5_EELb1EEENS_21__unordered_map_equalIS5_S8_SD_SB_Lb1EEENS_9allocatorIS8_EEEC2Ev DATA
 0002:0000e548 00000020H .xdata$_ZNSt3__110unique_ptrIA_PNS_16__hash_node_baseIPNS_11__hash_nodeINS_17__hash_value_typeIPN6System7Typinfo9TTypeInfoEPSt9type_infoEEPvEEEENS_25__bucket_list_deallocatorINS_9allocatorISF_EEEEEC2B6v15007ILb1EvEEv DATA
 0002:0000e568 00000020H .xdata$_ZNSt3__125__bucket_list_deallocatorINS_9allocatorIPNS_16__hash_node_baseIPNS_11__hash_nodeINS_17__hash_value_typeIPN6System7Typinfo9TTypeInfoEPSt9type_infoEEPvEEEEEEEC2B6v15007Ev DATA
 0002:0000e588 00000020H .xdata$_ZNSt3__112__hash_tableINS_17__hash_value_typeIPN6System7Typinfo9TTypeInfoEPSt9type_infoEENS_22__unordered_map_hasherIS5_S8_NS_4hashIS5_EENS_8equal_toIS5_EELb1EEENS_21__unordered_map_equalIS5_S8_SD_SB_Lb1EEENS_9allocatorIS8_EEED2Ev DATA
 0002:0000e5a8 00000020H .xdata$_ZNSt3__112__hash_tableINS_17__hash_value_typeIPN6System7Typinfo9TTypeInfoEPSt9type_infoEENS_22__unordered_map_hasherIS5_S8_NS_4hashIS5_EENS_8equal_toIS5_EELb1EEENS_21__unordered_map_equalIS5_S8_SD_SB_Lb1EEENS_9allocatorIS8_EEE17__deallocate_nodeEPNS_16__hash_node_baseIPNS_11__hash_nodeIS8_PvEEEE DATA
 0002:0000e5c8 00000020H .xdata$_ZNSt3__19allocatorINS_11__hash_nodeINS_17__hash_value_typeIPN6System7Typinfo9TTypeInfoEPSt9type_infoEEPvEEE10deallocateB6v15007EPSB_y DATA
 0002:0000e5e8 00000020H .xdata$_ZNSt3__19allocatorIPNS_16__hash_node_baseIPNS_11__hash_nodeINS_17__hash_value_typeIPN6System7Typinfo9TTypeInfoEPSt9type_infoEEPvEEEEE10deallocateB6v15007EPSF_y DATA
 0002:0000e608 00000024H .xdata$_ZNSt3__112__hash_tableINS_17__hash_value_typeIPN6System7Typinfo9TTypeInfoEPSt9type_infoEENS_22__unordered_map_hasherIS5_S8_NS_4hashIS5_EENS_8equal_toIS5_EELb1EEENS_21__unordered_map_equalIS5_S8_SD_SB_Lb1EEENS_9allocatorIS8_EEE25__emplace_unique_key_argsIS5_JRKNS_21piecewise_construct_tENS_5tupleIJRKS5_EEENSO_IJEEEEEENS_4pairINS_15__hash_iteratorIPNS_11__hash_nodeIS8_PvEEEEbEERKT_DpOT0_ DATA
 0002:0000e62c 00000024H .xdata$_ZNSt3__112__hash_tableINS_17__hash_value_typeIPN6System7Typinfo9TTypeInfoEPSt9type_infoEENS_22__unordered_map_hasherIS5_S8_NS_4hashIS5_EENS_8equal_toIS5_EELb1EEENS_21__unordered_map_equalIS5_S8_SD_SB_Lb1EEENS_9allocatorIS8_EEE21__construct_node_hashIRKNS_21piecewise_construct_tEJNS_5tupleIJRKS5_EEENSO_IJEEEEEENS_10unique_ptrINS_11__hash_nodeIS8_PvEENS_22__hash_node_destructorINSH_ISW_EEEEEEyOT_DpOT0_ DATA
 0002:0000e650 00000020H .xdata$_ZNKSt3__14hashIPN6System7Typinfo9TTypeInfoEEclB6v15007ES4_ DATA
 0002:0000e670 00000020H .xdata$_ZNSt3__110unique_ptrINS_11__hash_nodeINS_17__hash_value_typeIPN6System7Typinfo9TTypeInfoEPSt9type_infoEEPvEENS_22__hash_node_destructorINS_9allocatorISB_EEEEEC2B6v15007ILb1EvEEPSB_NS_16__dependent_typeINS_27__unique_ptr_deleter_sfinaeISF_EEXT_EE20__good_rval_ref_typeE DATA
 0002:0000e690 00000020H .xdata$_ZNSt3__14pairIKPN6System7Typinfo9TTypeInfoEPSt9type_infoEC2B6v15007IJRS5_EJEEENS_21piecewise_construct_tENS_5tupleIJDpT_EEENSC_IJDpT0_EEE DATA
 0002:0000e6b0 00000020H .xdata$_ZNSt3__122__hash_node_destructorINS_9allocatorINS_11__hash_nodeINS_17__hash_value_typeIPN6System7Typinfo9TTypeInfoEPSt9type_infoEEPvEEEEEclB6v15007EPSC_ DATA
 0002:0000e6d0 00000008H .xdata$_ZN6System15DelphiInterfaceINS_10IInterfaceEEadEv DATA
 0002:0000e6d8 00000020H .xdata$_ZN6System15DelphiInterfaceINS_10IInterfaceEED2Ev DATA
 0002:0000e6f8 00000008H .xdata$_ZNSt3__110lock_guardINS_5mutexEEC2B6v15007ERS1_ DATA
 0002:0000e700 00000020H .xdata$_ZNSt3__113unordered_mapIPN6System7Typinfo9TTypeInfoEPSt9type_infoNS_4hashIS4_EENS_8equal_toIS4_EENS_9allocatorINS_4pairIKS4_S6_EEEEEC2B6v15007Ev DATA
 0002:0000e720 00000008H .xdata$_ZNSt3__113unordered_mapIPN6System7Typinfo9TTypeInfoEPSt9type_infoNS_4hashIS4_EENS_8equal_toIS4_EENS_9allocatorINS_4pairIKS4_S6_EEEEED2B6v15007Ev DATA
 0002:0000e728 00000008H .xdata$_ZNSt3__113unordered_mapIPN6System7Typinfo9TTypeInfoEPSt9type_infoNS_4hashIS4_EENS_8equal_toIS4_EENS_9allocatorINS_4pairIKS4_S6_EEEEEixERSD_ DATA
 0002:0000e730 00000008H .xdata$_ZN6System11AnsiStringTILt65001EEC2ERKNS_13UnicodeStringE DATA
 0002:0000e738 00000018H .xdata$_ZNK6System11AnsiStringTILt65001EEplERKS1_ DATA
 0002:0000e750 00000008H .xdata$_ZN6System11AnsiStringTILt65001EEC2EPKc DATA
 0002:0000e758 00000008H .xdata$_ZN6System11AnsiStringTILt65001EEC2Ev DATA
 0002:0000e760 00000008H .xdata$_ZN6System11AnsiStringTILt65001EEaSERKS1_ DATA
 0002:0000e768 00000008H .xdata$_ZN6System11AnsiStringTILt65001EED2Ev DATA
 0002:0000e770 00000008H .xdata$_ZN10__cxxabiv117__class_type_infoC2Ev DATA
 0002:0000e778 00000008H .xdata$_ZNK6System11AnsiStringTILt65001EE5c_strEv DATA
 0002:0000e780 00000008H .xdata$_ZNSt3__110lock_guardINS_5mutexEED2B6v15007Ev DATA
 0002:0000e788 00000008H .xdata$_ZN10__cxxabiv116__shim_type_infoC2Ev DATA
 0002:0000e790 00000020H .xdata$_ZNSt3__112__hash_tableINS_17__hash_value_typeIPN6System7Typinfo9TTypeInfoEPSt9type_infoEENS_22__unordered_map_hasherIS5_S8_NS_4hashIS5_EENS_8equal_toIS5_EELb1EEENS_21__unordered_map_equalIS5_S8_SD_SB_Lb1EEENS_9allocatorIS8_EEEC2Ev DATA
 0002:0000e7b0 00000008H .xdata$_ZNSt3__119__debug_db_insert_cB6v15007INS_13unordered_mapIPN6System7Typinfo9TTypeInfoEPSt9type_infoNS_4hashIS5_EENS_8equal_toIS5_EENS_9allocatorINS_4pairIKS5_S7_EEEEEEEEvPT_ DATA
 0002:0000e7b8 00000020H .xdata$_ZNSt3__110unique_ptrIA_PNS_16__hash_node_baseIPNS_11__hash_nodeINS_17__hash_value_typeIPN6System7Typinfo9TTypeInfoEPSt9type_infoEEPvEEEENS_25__bucket_list_deallocatorINS_9allocatorISF_EEEEEC2B6v15007ILb1EvEEv DATA
 0002:0000e7d8 00000008H .xdata$_ZNSt3__117__compressed_pairINS_16__hash_node_baseIPNS_11__hash_nodeINS_17__hash_value_typeIPN6System7Typinfo9TTypeInfoEPSt9type_infoEEPvEEEENS_9allocatorISC_EEEC2B6v15007ILb1EvEEv DATA
 0002:0000e7e0 00000008H .xdata$_ZNSt3__117__compressed_pairIyNS_22__unordered_map_hasherIPN6System7Typinfo9TTypeInfoENS_17__hash_value_typeIS5_PSt9type_infoEENS_4hashIS5_EENS_8equal_toIS5_EELb1EEEEC2B6v15007IiNS_18__default_init_tagEEEOT_OT0_ DATA
 0002:0000e7e8 00000008H .xdata$_ZNSt3__117__compressed_pairIfNS_21__unordered_map_equalIPN6System7Typinfo9TTypeInfoENS_17__hash_value_typeIS5_PSt9type_infoEENS_8equal_toIS5_EENS_4hashIS5_EELb1EEEEC2B6v15007IfNS_18__default_init_tagEEEOT_OT0_ DATA
 0002:0000e7f0 00000008H .xdata$_ZNSt3__117__compressed_pairIPPNS_16__hash_node_baseIPNS_11__hash_nodeINS_17__hash_value_typeIPN6System7Typinfo9TTypeInfoEPSt9type_infoEEPvEEEENS_25__bucket_list_deallocatorINS_9allocatorISF_EEEEEC2B6v15007INS_16__value_init_tagESN_EEOT_OT0_ DATA
 0002:0000e7f8 00000008H .xdata$_ZNSt3__122__compressed_pair_elemIPPNS_16__hash_node_baseIPNS_11__hash_nodeINS_17__hash_value_typeIPN6System7Typinfo9TTypeInfoEPSt9type_infoEEPvEEEELi0ELb0EEC2B6v15007ENS_16__value_init_tagE DATA
 0002:0000e800 00000008H .xdata$_ZNSt3__122__compressed_pair_elemINS_25__bucket_list_deallocatorINS_9allocatorIPNS_16__hash_node_baseIPNS_11__hash_nodeINS_17__hash_value_typeIPN6System7Typinfo9TTypeInfoEPSt9type_infoEEPvEEEEEEEELi1ELb0EEC2B6v15007ENS_16__value_init_tagE DATA
 0002:0000e808 00000020H .xdata$_ZNSt3__125__bucket_list_deallocatorINS_9allocatorIPNS_16__hash_node_baseIPNS_11__hash_nodeINS_17__hash_value_typeIPN6System7Typinfo9TTypeInfoEPSt9type_infoEEPvEEEEEEEC2B6v15007Ev DATA
 0002:0000e828 00000008H .xdata$_ZNSt3__117__compressed_pairIyNS_9allocatorIPNS_16__hash_node_baseIPNS_11__hash_nodeINS_17__hash_value_typeIPN6System7Typinfo9TTypeInfoEPSt9type_infoEEPvEEEEEEEC2B6v15007IiNS_18__default_init_tagEEEOT_OT0_ DATA
 0002:0000e830 00000008H .xdata$_ZNSt3__122__compressed_pair_elemIyLi0ELb0EEC2B6v15007IivEEOT_ DATA
 0002:0000e838 00000008H .xdata$_ZNSt3__122__compressed_pair_elemINS_9allocatorIPNS_16__hash_node_baseIPNS_11__hash_nodeINS_17__hash_value_typeIPN6System7Typinfo9TTypeInfoEPSt9type_infoEEPvEEEEEELi1ELb1EEC2B6v15007ENS_18__default_init_tagE DATA
 0002:0000e840 00000008H .xdata$_ZNSt3__19allocatorIPNS_16__hash_node_baseIPNS_11__hash_nodeINS_17__hash_value_typeIPN6System7Typinfo9TTypeInfoEPSt9type_infoEEPvEEEEEC2B6v15007Ev DATA
 0002:0000e848 00000008H .xdata$_ZNSt3__116__non_trivial_ifILb1ENS_9allocatorIPNS_16__hash_node_baseIPNS_11__hash_nodeINS_17__hash_value_typeIPN6System7Typinfo9TTypeInfoEPSt9type_infoEEPvEEEEEEEC2B6v15007Ev DATA
 0002:0000e850 00000008H .xdata$_ZNSt3__122__compressed_pair_elemINS_16__hash_node_baseIPNS_11__hash_nodeINS_17__hash_value_typeIPN6System7Typinfo9TTypeInfoEPSt9type_infoEEPvEEEELi0ELb0EEC2B6v15007ENS_16__value_init_tagE DATA
 0002:0000e858 00000008H .xdata$_ZNSt3__122__compressed_pair_elemINS_9allocatorINS_11__hash_nodeINS_17__hash_value_typeIPN6System7Typinfo9TTypeInfoEPSt9type_infoEEPvEEEELi1ELb1EEC2B6v15007ENS_16__value_init_tagE DATA
 0002:0000e860 00000008H .xdata$_ZNSt3__116__hash_node_baseIPNS_11__hash_nodeINS_17__hash_value_typeIPN6System7Typinfo9TTypeInfoEPSt9type_infoEEPvEEEC2B6v15007Ev DATA
 0002:0000e868 00000008H .xdata$_ZNSt3__19allocatorINS_11__hash_nodeINS_17__hash_value_typeIPN6System7Typinfo9TTypeInfoEPSt9type_infoEEPvEEEC2B6v15007Ev DATA
 0002:0000e870 00000008H .xdata$_ZNSt3__116__non_trivial_ifILb1ENS_9allocatorINS_11__hash_nodeINS_17__hash_value_typeIPN6System7Typinfo9TTypeInfoEPSt9type_infoEEPvEEEEEC2B6v15007Ev DATA
 0002:0000e878 00000008H .xdata$_ZNSt3__122__compressed_pair_elemINS_22__unordered_map_hasherIPN6System7Typinfo9TTypeInfoENS_17__hash_value_typeIS5_PSt9type_infoEENS_4hashIS5_EENS_8equal_toIS5_EELb1EEELi1ELb1EEC2B6v15007ENS_18__default_init_tagE DATA
 0002:0000e880 00000008H .xdata$_ZNSt3__122__unordered_map_hasherIPN6System7Typinfo9TTypeInfoENS_17__hash_value_typeIS4_PSt9type_infoEENS_4hashIS4_EENS_8equal_toIS4_EELb1EEC2B6v15007Ev DATA
 0002:0000e888 00000008H .xdata$_ZNSt3__122__compressed_pair_elemIfLi0ELb0EEC2B6v15007IfvEEOT_ DATA
 0002:0000e890 00000008H .xdata$_ZNSt3__122__compressed_pair_elemINS_21__unordered_map_equalIPN6System7Typinfo9TTypeInfoENS_17__hash_value_typeIS5_PSt9type_infoEENS_8equal_toIS5_EENS_4hashIS5_EELb1EEELi1ELb1EEC2B6v15007ENS_18__default_init_tagE DATA
 0002:0000e898 00000008H .xdata$_ZNSt3__121__unordered_map_equalIPN6System7Typinfo9TTypeInfoENS_17__hash_value_typeIS4_PSt9type_infoEENS_8equal_toIS4_EENS_4hashIS4_EELb1EEC2B6v15007Ev DATA
 0002:0000e8a0 00000020H .xdata$_ZNSt3__112__hash_tableINS_17__hash_value_typeIPN6System7Typinfo9TTypeInfoEPSt9type_infoEENS_22__unordered_map_hasherIS5_S8_NS_4hashIS5_EENS_8equal_toIS5_EELb1EEENS_21__unordered_map_equalIS5_S8_SD_SB_Lb1EEENS_9allocatorIS8_EEED2Ev DATA
[...]
 0002:0000f6e8       $unwind$_ZN6System8Internal7Initcpp23SelectForInitializationEPNS1_20TUnitDescriptorBlockES3_ 00000001400256e8     rtl:System.Internal.InitCPP.o
 0002:0000f6ec       $unwind$_ZN6System8Internal7Initcpp23SelectForInitializationEPPNS1_20TUnitDescriptorBlockES4_ 00000001400256ec     rtl:System.Internal.InitCPP.o
 0002:0000f6f0       $unwind$_ZN6System8Internal7Initcpp15InitializeUnitsEPNS1_20TUnitDescriptorBlockES3_ 00000001400256f0     rtl:System.Internal.InitCPP.o
 0002:0000f6fc       $unwind$_ZN6System8Internal7Initcpp13FinalizeUnitsEPNS1_20TUnitDescriptorBlockES3_ 00000001400256fc     rtl:System.Internal.InitCPP.o
 0002:0000f704       $unwind$_ZN6System8Internal7Initcpp15InitializeUnitsEPPNS1_20TUnitDescriptorBlockES4_ 0000000140025704     rtl:System.Internal.InitCPP.o
 0002:0000f710       $unwind$_ZN6System8Internal7Initcpp13FinalizeUnitsEPPNS1_20TUnitDescriptorBlockES4_ 0000000140025710     rtl:System.Internal.InitCPP.o
 0002:0000f718       $unwind$_ZN6System8Internal7Initcpp15InitializeUnitsEPNS1_15TUnitDescriptorES3_ 0000000140025718     rtl:System.Internal.InitCPP.o
 0002:0000f720       $unwind$_ZN6System8Internal7Initcpp13FinalizeUnitsEPNS1_15TUnitDescriptorES3_ 0000000140025720     rtl:System.Internal.InitCPP.o
 0002:0000f728       $unwind$_ZN6System8Internal7Initcpp15CalculateDegreeEPNS1_20TUnitDescriptorBlockES3_ 0000000140025728     rtl:System.Internal.InitCPP.o
 0002:0000f72c       $unwind$_ZN6System8Internal7Initcpp15CalculateDegreeEPPNS1_20TUnitDescriptorBlockES4_ 000000014002572c     rtl:System.Internal.InitCPP.o
 0002:0000f730       $unwind$_ZN6System8Internal7Initcpp16FinalizeUnitListEPPPNS1_15TUnitDescriptorES5_ 0000000140025730     rtl:System.Internal.InitCPP.o
 0002:0000f76c       $unwind$_ZN6System8Internal7Initcpp18InitializeRootUnitEPNS1_15TUnitDescriptorE 000000014002576c     rtl:System.Internal.InitCPP.o
 0002:0000f820       $unwind$_ZN6System8Internal7Initcpp16FinalizeRootUnitEPNS1_15TUnitDescriptorE 0000000140025820     rtl:System.Internal.InitCPP.o
 0002:0000f85c       $unwind$_ZN6System8Internal7Initcpp12FinalizationEv 000000014002585c     rtl:System.Internal.InitCPP.o
 0002:0000f860       $unwind$_ZN6System8Internal7Initcpp14initializationEv 0000000140025860     rtl:System.Internal.InitCPP.o
 0004:00000000       version_string             0000000140027000     crtbegin.o
 0004:000000e8       _ZN7Sysinit6ModuleE        00000001400270e8     sysinit.o
 0004:00000120       _ZN7Sysinit7TlsProcE       0000000140027120     sysinit.o
 0004:00000140       _ZN7Sysinit21_dtors_delayhlp_65535E 0000000140027140     sysinit.o
 0004:00000160       initial_tznames            0000000140027160     libucrt:lib64_libucrt_extra_a-ucrtbase_compat.o
 0004:00000178       initial_timezone           0000000140027178     libucrt:lib64_libucrt_extra_a-ucrtbase_compat.o
 0004:00000188       initial_daylight           0000000140027188     libucrt:lib64_libucrt_extra_a-ucrtbase_compat.o
 0004:000001c8       initial_tzname0            00000001400271c8     libucrt:lib64_libucrt_extra_a-ucrtbase_compat.o
 0004:000001cc       initial_tzname1            00000001400271cc     libucrt:lib64_libucrt_extra_a-ucrtbase_compat.o
 0004:000001e0       __do_global_dtors.p        00000001400271e0     libmingw32:lib64_libmingw32_a-gccmain.o
 0004:00000200       _ZZN6System19CheckSafecallResultElE13__init_comobj 0000000140027200     rtle:syssupp.o
 0004:0000023c       managedapp                 000000014002723c     crt2u.o
 0004:00000240       startinfo                  0000000140027240     crt2u.o
 0004:00000244       argc                       0000000140027244     crt2u.o
 0004:00000248       argv                       0000000140027248     crt2u.o
 0004:00000250       envp                       0000000140027250     crt2u.o
 0004:00000258       argret                     0000000140027258     crt2u.o
 0004:0000025c       has_cctor                  000000014002725c     crt2u.o
 0004:00000260       mainret                    0000000140027260     crt2u.o
 0004:000002a8       _ZN7Sysinit2_1E            00000001400272a8     sysinit.o
 0004:000002b0       _ZN7Sysinit9tlsBufferE     00000001400272b0     sysinit.o
 0004:000002b8       _ZN7Sysinit9UseTlsAPIE     00000001400272b8     sysinit.o
 0004:000002c0       .bss.delayhlp              00000001400272c0     sysinit.o
 0004:000002c0       ..__puiHead                00000001400272c0     sysinit.o
 0004:000002f0       local__initenv             00000001400272f0     libucrt:lib64_libucrt_extra_a-__initenv.o
 0004:000002f8       local__winitenv            00000001400272f8     libucrt:lib64_libucrt_extra_a-__initenv.o
 0004:00000300       initialized                0000000140027300     libmingw32:lib64_libmingw32_a-gccmain.o
 0004:00000338       _pei386_runtime_relocator.was_init 0000000140027338     libmingw32:lib64_libmingw32_a-pseudo-reloc.o
 0004:00000340       the_secs                   0000000140027340     libmingw32:lib64_libmingw32_a-pseudo-reloc.o
 0004:00000348       maxSections                0000000140027348     libmingw32:lib64_libmingw32_a-pseudo-reloc.o
 0004:00000350       stUserMathErr              0000000140027350     libmingw32:lib64_libmingw32_a-usermatherr.o
 0004:00000370       _ZZ18__delphi_type_infoE15type_info_mutex 0000000140027370     rtle:syssupp.o
 0004:00000378       _ZZ18__delphi_type_infoE13type_info_map 0000000140027378     rtle:syssupp.o
 0004:000003a0       _ZGVZ18__delphi_type_infoE13type_info_map 00000001400273a0     rtle:syssupp.o
 0004:000003b0       __mingwthr_cs_init         00000001400273b0     libmingw32:lib64_libmingw32_a-tlsthrd.o
 0004:000003b8       __mingwthr_cs              00000001400273b8     libmingw32:lib64_libmingw32_a-tlsthrd.o
 0004:000003e0       key_dtor_list              00000001400273e0     libmingw32:lib64_libmingw32_a-tlsthrd.o
 0004:000003ec       _ZN6System8Internal7Strhlpr2_1E 00000001400273ec     rtl:System.Internal.StrHlpr.o
 0004:000003f0       _ZN6System8Internal7Initcpp2_1E 00000001400273f0     rtl:System.Internal.InitCPP.o
 0005:0000006c       $pdata$_ZN7Sysinit19InterlockedExchangeERii 000000014002806c     sysinit.o
 0005:00000078       $pdata$_ZN7Sysinit26InterlockedExchangePointerERPvS0_ 0000000140028078     sysinit.o
 0005:00000084       $pdata$_ZN7Sysinit17SetDliNotifyHook2EPFPv15dliNotificationP13DelayLoadInfoE 0000000140028084     sysinit.o
 0005:00000090       $pdata$_ZN7Sysinit14DliNotifyHook2Ev 0000000140028090     sysinit.o
 0005:0000009c       $pdata$_ZN7Sysinit18SetDliFailureHook2EPFPv15dliNotificationP13DelayLoadInfoE 000000014002809c     sysinit.o
 0005:000000a8       $pdata$_ZN7Sysinit15DliFailureHook2Ev 00000001400280a8     sysinit.o
 0005:000000b4       $pdata$_ZN7Sysinit17_DelayLoadHelper2ERPvS0_ 00000001400280b4     sysinit.o
 0005:000000c0       $pdata$_ZN7Sysinit21UnloadDelayLoadedDLL2EPc 00000001400280c0     sysinit.o
 0005:000000cc       $pdata$_ZN7Sysinit20LoadAllImportsForDllEPc 00000001400280cc     sysinit.o
 0005:000000d8       $pdata$_ZN7Sysinit14AllocTlsBufferEi 00000001400280d8     sysinit.o
 0005:000000e4       $pdata$_ZN7Sysinit10GetTlsSizeEv 00000001400280e4     sysinit.o
 0005:000000f0       $pdata$_ZN7Sysinit13InitThreadTLSEv 00000001400280f0     sysinit.o
 0005:000000fc       $pdata$_ZN7Sysinit14InitProcessTLSEv 00000001400280fc     sysinit.o
 0005:00000108       $pdata$_ZN7Sysinit13ExitThreadTLSEv 0000000140028108     sysinit.o
 0005:00000114       $pdata$_ZN7Sysinit14ExitProcessTLSEv 0000000140028114     sysinit.o
 0005:00000120       $pdata$_ZN7Sysinit6isWineEv 0000000140028120     sysinit.o
 0005:0000012c       $pdata$_ZN7Sysinit7_GetTlsEv 000000014002812c     sysinit.o
 0005:00000138       $pdata$_ZN7Sysinit16InitializeModuleEv 0000000140028138     sysinit.o
 0005:00000144       $pdata$_ZN7Sysinit18UninitializeModuleEv 0000000140028144     sysinit.o
 0005:00000150       $pdata$_ZN7Sysinit7VclInitEbbyb 0000000140028150     sysinit.o
 0005:0000015c       $pdata$_ZN7Sysinit7VclExitEv 000000014002815c     sysinit.o
 0005:00000168       $pdata$_ZN7Sysinit14__dbkDummyProcEv 0000000140028168     sysinit.o
 0005:00000174       $pdata$_ZN7Sysinit14__dbkFCallArgsEPvS0_S0_S0_S0_S0_S0_S0_S0_S0_S0_S0_S0_S0_S0_S0_S0_S0_S0_S0_S0_S0_S0_S0_S0_S0_S0_S0_S0_S0_ 0000000140028174     sysinit.o
 0005:00000180       $pdata$_ZN7Sysinit19__dbk_fcall_wrapperEv 0000000140028180     sysinit.o
 0005:00000198       $pdata$_ZN7Sysinit8_InitPkgEyiPv 0000000140028198     sysinit.o
 0005:000001a4       $pdata$_ZN7Sysinit12_PackageLoadEPN6System16PackageInfoTableE 00000001400281a4     sysinit.o
 0005:000001b0       $pdata$_ZN7Sysinit14_PackageUnloadEPN6System16PackageInfoTableE 00000001400281b0     sysinit.o
 0005:000001bc       $pdata$_ZN7Sysinit8_InitLibEPN6System12TInitContextEPNS0_16PackageInfoTableEyjPv 00000001400281bc     sysinit.o
 0005:000001c8       $pdata$_ZN7Sysinit8_InitExeEPv 00000001400281c8     sysinit.o
 0005:000001d4       $pdata$delayhlp            00000001400281d4     sysinit.o
 0005:00000204       $pdata$_ZN7Sysinit12FinalizationEv 0000000140028204     sysinit.o
 0005:00000210       $pdata$_ZN7Sysinit14initializationEv 0000000140028210     sysinit.o
 0005:00001df4       $pdata$_ZN6System8Internal7Strhlpr15UnicodeFromAnsiERNS_13UnicodeStringERNS_11AnsiStringTILt65535EEE 0000000140029df4     rtl:System.Internal.StrHlpr.o
 0005:00001e00       $pdata$_ZN6System8Internal7Strhlpr16UnicodeFromPCharERNS_13UnicodeStringEPcb 0000000140029e00     rtl:System.Internal.StrHlpr.o
 0005:00001e18       $pdata$_ZN6System8Internal7Strhlpr15UnicodeFromUTF8ERNS_13UnicodeStringEPKc 0000000140029e18     rtl:System.Internal.StrHlpr.o
 0005:00001e24       $pdata$_ZN6System8Internal7Strhlpr20UnicodeFromPWideCharERNS_13UnicodeStringEPw 0000000140029e24     rtl:System.Internal.StrHlpr.o
 0005:00001e30       $pdata$_ZN6System8Internal7Strhlpr13UnicodeAppendERNS_13UnicodeStringES3_ 0000000140029e30     rtl:System.Internal.StrHlpr.o
 0005:00001e3c       $pdata$_ZN6System8Internal7Strhlpr10UnicodeCatERNS_13UnicodeStringES3_ 0000000140029e3c     rtl:System.Internal.StrHlpr.o
 0005:00001e48       $pdata$_ZN6System8Internal7Strhlpr13UnicodeDeleteERNS_13UnicodeStringEii 0000000140029e48     rtl:System.Internal.StrHlpr.o
 0005:00001e54       $pdata$_ZN6System8Internal7Strhlpr16UnicodeSetLengthERNS_13UnicodeStringEi 0000000140029e54     rtl:System.Internal.StrHlpr.o
 0005:00001e60       $pdata$_ZN6System8Internal7Strhlpr10UnicodePosERNS_13UnicodeStringES3_ 0000000140029e60     rtl:System.Internal.StrHlpr.o
 0005:00001e6c       $pdata$_ZN6System8Internal7Strhlpr11UnicodeCopyERNS_13UnicodeStringEii 0000000140029e6c     rtl:System.Internal.StrHlpr.o
 0005:00001e78       $pdata$_ZN6System8Internal7Strhlpr13UnicodeInsertERNS_13UnicodeStringES3_i 0000000140029e78     rtl:System.Internal.StrHlpr.o
 0005:00001e84       $pdata$_ZN6System8Internal7Strhlpr13UnicodeAssignERNS_13UnicodeStringES3_ 0000000140029e84     rtl:System.Internal.StrHlpr.o
 0005:00001e90       $pdata$_ZN6System8Internal7Strhlpr11UnicodeFreeERNS_13UnicodeStringE 0000000140029e90     rtl:System.Internal.StrHlpr.o
 0005:00001e9c       $pdata$_ZN6System8Internal7Strhlpr12UnicodeEqualERNS_13UnicodeStringES3_ 0000000140029e9c     rtl:System.Internal.StrHlpr.o
 0005:00001ea8       $pdata$_ZN6System8Internal7Strhlpr11UnicodeLessERNS_13UnicodeStringES3_ 0000000140029ea8     rtl:System.Internal.StrHlpr.o
 0005:00001eb4       $pdata$_ZN6System8Internal7Strhlpr14UnicodeGreaterERNS_13UnicodeStringES3_ 0000000140029eb4     rtl:System.Internal.StrHlpr.o
 0005:00001ec0       $pdata$_ZN6System8Internal7Strhlpr10AnsiAppendERNS_11AnsiStringTILt65535EEES4_ 0000000140029ec0     rtl:System.Internal.StrHlpr.o
 0005:00001ecc       $pdata$_ZN6System8Internal7Strhlpr7AnsiCatERNS_11AnsiStringTILt65535EEES4_ 0000000140029ecc     rtl:System.Internal.StrHlpr.o
 0005:00001ed8       $pdata$_ZN6System8Internal7Strhlpr10AnsiDeleteERNS_11AnsiStringTILt65535EEEii 0000000140029ed8     rtl:System.Internal.StrHlpr.o
 0005:00001ee4       $pdata$_ZN6System8Internal7Strhlpr13AnsiSetLengthERNS_11AnsiStringTILt65535EEEi 0000000140029ee4     rtl:System.Internal.StrHlpr.o
 0005:00001ef0       $pdata$_ZN6System8Internal7Strhlpr7AnsiPosERNS_11AnsiStringTILt65535EEES4_ 0000000140029ef0     rtl:System.Internal.StrHlpr.o
 0005:00001efc       $pdata$_ZN6System8Internal7Strhlpr8AnsiCopyERNS_11AnsiStringTILt65535EEEii 0000000140029efc     rtl:System.Internal.StrHlpr.o
 0005:00001f08       $pdata$_ZN6System8Internal7Strhlpr10AnsiInsertERNS_11AnsiStringTILt65535EEES4_i 0000000140029f08     rtl:System.Internal.StrHlpr.o
 0005:00001f14       $pdata$_ZN6System8Internal7Strhlpr9AnsiEqualERNS_11AnsiStringTILt65535EEES4_ 0000000140029f14     rtl:System.Internal.StrHlpr.o
 0005:00001f20       $pdata$_ZN6System8Internal7Strhlpr11AnsiGreaterERNS_11AnsiStringTILt65535EEES4_ 0000000140029f20     rtl:System.Internal.StrHlpr.o
 0005:00001f2c       $pdata$_ZN6System8Internal7Strhlpr8AnsiLessERNS_11AnsiStringTILt65535EEES4_ 0000000140029f2c     rtl:System.Internal.StrHlpr.o
 0005:00001f38       $pdata$_ZN6System8Internal7Strhlpr10AnsiAssignERNS_11AnsiStringTILt65535EEES4_ 0000000140029f38     rtl:System.Internal.StrHlpr.o
 0005:00001f44       $pdata$_ZN6System8Internal7Strhlpr8AnsiFreeERNS_11AnsiStringTILt65535EEE 0000000140029f44     rtl:System.Internal.StrHlpr.o
 0005:00001f50       $pdata$_ZN6System8Internal7Strhlpr10WideAssignERNS_10WideStringES3_ 0000000140029f50     rtl:System.Internal.StrHlpr.o
 0005:00001f5c       $pdata$_ZN6System8Internal7Strhlpr8WideFreeERNS_10WideStringE 0000000140029f5c     rtl:System.Internal.StrHlpr.o
 0005:00001f68       $pdata$_ZN6System8Internal7Strhlpr12WideFromAnsiERNS_10WideStringERNS_11AnsiStringTILt65535EEE 0000000140029f68     rtl:System.Internal.StrHlpr.o
 0005:00001f74       $pdata$_ZN6System8Internal7Strhlpr15WideFromUnicodeERNS_10WideStringERNS_13UnicodeStringE 0000000140029f74     rtl:System.Internal.StrHlpr.o
 0005:00001f80       $pdata$_ZN6System8Internal7Strhlpr13WideFromPCharERNS_10WideStringEPcb 0000000140029f80     rtl:System.Internal.StrHlpr.o
 0005:00001f98       $pdata$_ZN6System8Internal7Strhlpr9WideEqualERNS_10WideStringES3_ 0000000140029f98     rtl:System.Internal.StrHlpr.o
 0005:00001fa4       $pdata$_ZN6System8Internal7Strhlpr8WideLessERNS_10WideStringES3_ 0000000140029fa4     rtl:System.Internal.StrHlpr.o
 0005:00001fb0       $pdata$_ZN6System8Internal7Strhlpr11WideGreaterERNS_10WideStringES3_ 0000000140029fb0     rtl:System.Internal.StrHlpr.o
 0005:00001fbc       $pdata$_ZN6System8Internal7Strhlpr7WideCatERNS_10WideStringES3_ 0000000140029fbc     rtl:System.Internal.StrHlpr.o
 0005:00001fc8       $pdata$_ZN6System8Internal7Strhlpr10WideLengthERNS_10WideStringE 0000000140029fc8     rtl:System.Internal.StrHlpr.o
 0005:00001fd4       $pdata$_ZN6System8Internal7Strhlpr7WidePosERNS_10WideStringES3_ 0000000140029fd4     rtl:System.Internal.StrHlpr.o
 0005:00001fe0       $pdata$_ZN6System8Internal7Strhlpr13WideSetLengthERNS_10WideStringEi 0000000140029fe0     rtl:System.Internal.StrHlpr.o
 0005:00001fec       $pdata$_ZN6System8Internal7Strhlpr10WideDeleteERNS_10WideStringEii 0000000140029fec     rtl:System.Internal.StrHlpr.o
 0005:00001ff8       $pdata$_ZN6System8Internal7Strhlpr10WideInsertERNS_10WideStringES3_i 0000000140029ff8     rtl:System.Internal.StrHlpr.o
 0005:00002004       $pdata$_ZN6System8Internal7Strhlpr8WideCopyERNS_10WideStringEii 000000014002a004     rtl:System.Internal.StrHlpr.o
 0005:00002010       $pdata$_ZN6System8Internal7Strhlpr10WideAppendERNS_10WideStringES3_ 000000014002a010     rtl:System.Internal.StrHlpr.o
 0005:0000201c       $pdata$_ZN6System8Internal7Strhlpr12WideFromUTF8ERNS_10WideStringEPKc 000000014002a01c     rtl:System.Internal.StrHlpr.o
 0005:00002034       $pdata$_ZN6System8Internal7Strhlpr15UnicodeFromWideERNS_13UnicodeStringERNS_10WideStringE 000000014002a034     rtl:System.Internal.StrHlpr.o
 0005:00002040       $pdata$_ZN6System8Internal7Strhlpr12FinalizationEv 000000014002a040     rtl:System.Internal.StrHlpr.o
 0005:0000204c       $pdata$_ZN6System8Internal7Strhlpr14initializationEv 000000014002a04c     rtl:System.Internal.StrHlpr.o
 0005:000020ac       $pdata$_ZN6System8Internal7Initcpp23SelectForInitializationEPNS1_20TUnitDescriptorBlockES3_ 000000014002a0ac     rtl:System.Internal.InitCPP.o
 0005:000020b8       $pdata$_ZN6System8Internal7Initcpp23SelectForInitializationEPPNS1_20TUnitDescriptorBlockES4_ 000000014002a0b8     rtl:System.Internal.InitCPP.o
 0005:000020c4       $pdata$_ZN6System8Internal7Initcpp15InitializeUnitsEPNS1_20TUnitDescriptorBlockES3_ 000000014002a0c4     rtl:System.Internal.InitCPP.o
 0005:000020d0       $pdata$_ZN6System8Internal7Initcpp13FinalizeUnitsEPNS1_20TUnitDescriptorBlockES3_ 000000014002a0d0     rtl:System.Internal.InitCPP.o
 0005:000020dc       $pdata$_ZN6System8Internal7Initcpp15InitializeUnitsEPPNS1_20TUnitDescriptorBlockES4_ 000000014002a0dc     rtl:System.Internal.InitCPP.o
 0005:000020e8       $pdata$_ZN6System8Internal7Initcpp13FinalizeUnitsEPPNS1_20TUnitDescriptorBlockES4_ 000000014002a0e8     rtl:System.Internal.InitCPP.o
 0005:000020f4       $pdata$_ZN6System8Internal7Initcpp15InitializeUnitsEPNS1_15TUnitDescriptorES3_ 000000014002a0f4     rtl:System.Internal.InitCPP.o
 0005:00002100       $pdata$_ZN6System8Internal7Initcpp13FinalizeUnitsEPNS1_15TUnitDescriptorES3_ 000000014002a100     rtl:System.Internal.InitCPP.o
 0005:0000210c       $pdata$_ZN6System8Internal7Initcpp15CalculateDegreeEPNS1_20TUnitDescriptorBlockES3_ 000000014002a10c     rtl:System.Internal.InitCPP.o
 0005:00002118       $pdata$_ZN6System8Internal7Initcpp15CalculateDegreeEPPNS1_20TUnitDescriptorBlockES4_ 000000014002a118     rtl:System.Internal.InitCPP.o
 0005:00002124       $pdata$_ZN6System8Internal7Initcpp16FinalizeUnitListEPPPNS1_15TUnitDescriptorES5_ 000000014002a124     rtl:System.Internal.InitCPP.o
 0005:0000213c       $pdata$_ZN6System8Internal7Initcpp18InitializeRootUnitEPNS1_15TUnitDescriptorE 000000014002a13c     rtl:System.Internal.InitCPP.o
 0005:00002178       $pdata$_ZN6System8Internal7Initcpp16FinalizeRootUnitEPNS1_15TUnitDescriptorE 000000014002a178     rtl:System.Internal.InitCPP.o
 0005:00002190       $pdata$_ZN6System8Internal7Initcpp12FinalizationEv 000000014002a190     rtl:System.Internal.InitCPP.o
 0005:0000219c       $pdata$_ZN6System8Internal7Initcpp14initializationEv 000000014002a19c     rtl:System.Internal.InitCPP.o
 000b:00000370       $R000000                   0000000140030370     internal .obj file created from .res files
 000b:00001058       $R000001                   0000000140031058     internal .obj file created from .res files
 000b:00001240       $R000002                   0000000140031240     internal .obj file created from .res files
 000b:00002868       $R000003                   0000000140032868     internal .obj file created from .res files
 000b:00003710       $R000004                   0000000140033710     internal .obj file created from .res files
 000b:00003fb8       $R000005                   0000000140033fb8     internal .obj file created from .res files
 000b:00004520       $R000006                   0000000140034520     internal .obj file created from .res files
 000b:0000a9e0       $R000007                   000000014003a9e0     internal .obj file created from .res files
 000b:0001b208       $R000008                   000000014004b208     internal .obj file created from .res files
 000b:0001f430       $R000009                   000000014004f430     internal .obj file created from .res files
 000b:0001fdb8       $R00000A                   000000014004fdb8     internal .obj file created from .res files
 000b:00020220       $R00000B                   0000000140050220     internal .obj file created from .res files
 000b:000202a8       $R00000C                   00000001400502a8     internal .obj file created from .res files
 000b:000209b8       $R00000D                   00000001400509b8     internal .obj file created from .res files
