 STEGA

 Timestamp is 69187c25 (Sat Nov 15 16:12:05 2025)

 Preferred load address is 0000000140000000

 Start         Length     Name                   Class
 0001:00000000 00002320H .text                   CODE
 0001:00002320 00000075H .text$_ZN3Vcl5Forms5TFormC3EPN6System7Classes10TComponentE CODE
 0001:000023a0 0000004cH .text$_ZN6TForm3D0Ev    CODE
 0001:000023f0 0000007fH .text$_ZN3Vcl5Forms5TFormC3EPN6System7Classes10TComponentEi CODE
 0001:00002470 00000091H .text$_ZN3Vcl5Forms5TFormC3EPN6System7Classes10TComponentEii CODE
 0001:00002510 0000004cH .text$_ZN3Vcl5Forms5TFormD0Ev CODE
 0001:00002560 00000075H .text                   CODE
 0001:000025e0 0000004cH .text$_ZN6TForm4D0Ev    CODE
 0001:00002630 00001866H .text                   CODE
 0001:00003ea0 00000030H .text$_ZN6System3SetINS_7Uitypes10TFontStyleELS2_0ELS2_3EEC1Ev CODE
 0001:00003ed0 00000078H .text$_ZN6System3SetINS_7Uitypes10TFontStyleELS2_0ELS2_3EElsES2_ CODE
 0001:00003f50 00000179H .text$_ZNSt3__113basic_fstreamIcNS_11char_traitsIcEEEC1EPKcj CODE
 0001:000040d0 00000021H .text$_ZNKSt3__113basic_fstreamIcNS_11char_traitsIcEEE7is_openEv CODE
 0001:00004100 0000001dH .text$_ZNKSt3__19basic_iosIcNS_11char_traitsIcEEE3eofB6v15007Ev CODE
 0001:00004120 0000005cH .text$_ZNSt3__1rsB6v15007IcNS_11char_traitsIcEEEERNS_13basic_istreamIT_T0_EES7_PS4_ CODE
 0001:00004180 00000042H .text$_ZNSt3__113basic_fstreamIcNS_11char_traitsIcEEE5closeEv CODE
 0001:000041d0 00000036H .text$_ZNSt3__113basic_fstreamIcNS_11char_traitsIcEEED1Ev CODE
 0001:00004210 00000044H .text$_ZN6System11AnsiStringTILt0EEC1ERKNS_13UnicodeStringE CODE
 0001:00004260 00000043H .text$_ZNK6System11AnsiStringTILt0EE5c_strEv CODE
 0001:000042b0 00000019H .text$_ZN6System11AnsiStringTILt0EED1Ev CODE
 0001:000042d0 00000044H .text$_ZNSt3__1lsINS_11char_traitsIcEEEERNS_13basic_ostreamIcT_EES6_PKc CODE
 0001:00004320 0000004cH .text$_ZN6TForm2D0Ev    CODE
 0001:00004370 00000061H .text$_ZNSt3__113basic_fstreamIcNS_11char_traitsIcEEED2Ev CODE
 0001:000043e0 00000013H .text$_ZThn16_NSt3__113basic_fstreamIcNS_11char_traitsIcEEED1Ev CODE
 0001:00004400 00000019H .text$_ZTv0_n24_NSt3__113basic_fstreamIcNS_11char_traitsIcEEED1Ev CODE
 0001:00004420 00000028H .text$_ZNSt3__113basic_fstreamIcNS_11char_traitsIcEEED0Ev CODE
 0001:00004450 00000013H .text$_ZThn16_NSt3__113basic_fstreamIcNS_11char_traitsIcEEED0Ev CODE
 0001:00004470 00000019H .text$_ZTv0_n24_NSt3__113basic_fstreamIcNS_11char_traitsIcEEED0Ev CODE
 0001:00004490 00000019H .text$_ZNSt3__113basic_filebufIcNS_11char_traitsIcEEED1Ev CODE
 0001:000044b0 000000deH .text$_ZNSt3__113basic_filebufIcNS_11char_traitsIcEEED2Ev CODE
 0001:00004590 00000112H .text$_ZNSt3__113basic_filebufIcNS_11char_traitsIcEEE5closeEv CODE
 0001:000046b0 0000000eH .text$__clang_call_terminate CODE
 0001:000046c0 00000028H .text$_ZNSt3__113basic_filebufIcNS_11char_traitsIcEEED0Ev CODE
 0001:000046f0 000001c9H .text$_ZNSt3__113basic_filebufIcNS_11char_traitsIcEEE5imbueERKNS_6localeE CODE
 0001:000048c0 00000202H .text$_ZNSt3__113basic_filebufIcNS_11char_traitsIcEEE6setbufEPcx CODE
 0001:00004ad0 000001e4H .text$_ZNSt3__113basic_filebufIcNS_11char_traitsIcEEE7seekoffExNS_8ios_base7seekdirEj CODE
 0001:00004cc0 000000efH .text$_ZNSt3__113basic_filebufIcNS_11char_traitsIcEEE7seekposENS_4fposI9_MbstatetEEj CODE
 0001:00004db0 0000043aH .text$_ZNSt3__113basic_filebufIcNS_11char_traitsIcEEE4syncEv CODE
 0001:000051f0 0000069bH .text$_ZNSt3__113basic_filebufIcNS_11char_traitsIcEEE9underflowEv CODE
 0001:00005890 00000129H .text$_ZNSt3__113basic_filebufIcNS_11char_traitsIcEEE9pbackfailEi CODE
 0001:000059c0 000004c9H .text$_ZNSt3__113basic_filebufIcNS_11char_traitsIcEEE8overflowEi CODE
 0001:00005e90 0000002dH .text$_ZNSt3__110unique_ptrI6_iobufPFiPS1_EEC1B6v15007ILb1EvEES2_NS_16__dependent_typeINS_27__unique_ptr_deleter_sfinaeIS4_EEXT_EE20__good_rval_ref_typeE CODE
 0001:00005ec0 0000003bH .text$_ZNSt3__110unique_ptrI6_iobufPFiPS1_EE7releaseB6v15007Ev CODE
 0001:00005f00 00000019H .text$_ZNSt3__110unique_ptrI6_iobufPFiPS1_EED1B6v15007Ev CODE
 0001:00005f20 0000003aH .text$_ZNSt3__110unique_ptrI6_iobufPFiPS1_EEC2B6v15007ILb1EvEES2_NS_16__dependent_typeINS_27__unique_ptr_deleter_sfinaeIS4_EEXT_EE20__good_rval_ref_typeE CODE
 0001:00005f60 0000002dH .text$_ZNSt3__117__compressed_pairIP6_iobufPFiS2_EEC1B6v15007IRS2_S4_EEOT_OT0_ CODE
 0001:00005f90 00000040H .text$_ZNSt3__117__compressed_pairIP6_iobufPFiS2_EEC2B6v15007IRS2_S4_EEOT_OT0_ CODE
 0001:00005fd0 00000021H .text$_ZNSt3__122__compressed_pair_elemIP6_iobufLi0ELb0EEC2B6v15007IRS2_vEEOT_ CODE
 0001:00006000 00000021H .text$_ZNSt3__122__compressed_pair_elemIPFiP6_iobufELi1ELb0EEC2B6v15007IS4_vEEOT_ CODE
 0001:00006030 00000019H .text$_ZNSt3__117__compressed_pairIP6_iobufPFiS2_EE5firstB6v15007Ev CODE
 0001:00006050 0000000bH .text$_ZNSt3__122__compressed_pair_elemIP6_iobufLi0ELb0EE5__getB6v15007Ev CODE
 0001:00006060 0000001dH .text$_ZNSt3__110unique_ptrI6_iobufPFiPS1_EED2B6v15007Ev CODE
 0001:00006080 00000079H .text$_ZNSt3__110unique_ptrI6_iobufPFiPS1_EE5resetB6v15007ES2_ CODE
 0001:00006100 0000001dH .text$_ZNSt3__117__compressed_pairIP6_iobufPFiS2_EE6secondB6v15007Ev CODE
 0001:00006120 0000000bH .text$_ZNSt3__122__compressed_pair_elemIPFiP6_iobufELi1ELb0EE5__getB6v15007Ev CODE
 0001:00006130 00000020H .text$_ZNSt3__19use_facetB6v15007INS_7codecvtIcc9_MbstatetEEEERKT_RKNS_6localeE CODE
 0001:00006150 0000001eH .text$_ZNKSt3__17codecvtIcc9_MbstatetE13always_noconvB6v15007Ev CODE
 0001:00006170 0000003bH .text$_ZNSt3__115basic_streambufIcNS_11char_traitsIcEEE4setgB6v15007EPcS4_S4_ CODE
 0001:000061b0 00000031H .text$_ZNSt3__115basic_streambufIcNS_11char_traitsIcEEE4setpB6v15007EPcS4_ CODE
 0001:000061f0 00000028H .text$_ZNSt3__13maxB6v15007IxEERKT_S3_S3_ CODE
 0001:00006220 00000057H .text$_ZNSt3__13maxB6v15007IxNS_6__lessIxxEEEERKT_S5_S5_T0_ CODE
 0001:00006280 0000002eH .text$_ZNKSt3__16__lessIxxEclB6v15007ERKxS3_ CODE
 0001:000062b0 00000034H .text$_ZNSt3__116__throw_bad_castB6v15007Ev CODE
 0001:000062f0 0000001aH .text$_ZNKSt3__17codecvtIcc9_MbstatetE8encodingB6v15007Ev CODE
 0001:00006310 00000023H .text$_ZNSt3__14fposI9_MbstatetEC1B6v15007Ex CODE
 0001:00006340 0000001eH .text$_ZNSt3__14fposI9_MbstatetE5stateB6v15007ES1_ CODE
 0001:00006360 00000038H .text$_ZNSt3__14fposI9_MbstatetEC2B6v15007Ex CODE
 0001:000063a0 0000000fH .text$_ZNKSt3__14fposI9_MbstatetEcvxB6v15007Ev CODE
 0001:000063b0 0000001eH .text$_ZNKSt3__14fposI9_MbstatetE5stateB6v15007Ev CODE
 0001:000063d0 0000000fH .text$_ZNKSt3__115basic_streambufIcNS_11char_traitsIcEEE4pptrB6v15007Ev CODE
 0001:000063e0 0000000fH .text$_ZNKSt3__115basic_streambufIcNS_11char_traitsIcEEE5pbaseB6v15007Ev CODE
 0001:000063f0 00000006H .text$_ZNSt3__111char_traitsIcE3eofEv CODE
 0001:00006400 00000047H .text$_ZNKSt3__17codecvtIcc9_MbstatetE7unshiftB6v15007ERS1_PcS4_RS4_ CODE
 0001:00006450 0000000fH .text$_ZNKSt3__115basic_streambufIcNS_11char_traitsIcEEE5egptrB6v15007Ev CODE
 0001:00006460 0000000fH .text$_ZNKSt3__115basic_streambufIcNS_11char_traitsIcEEE4gptrB6v15007Ev CODE
 0001:00006470 00000047H .text$_ZNKSt3__17codecvtIcc9_MbstatetE6lengthB6v15007ERS1_PKcS5_y CODE
 0001:000064c0 0000000fH .text$_ZNKSt3__115basic_streambufIcNS_11char_traitsIcEEE5ebackB6v15007Ev CODE
 0001:000064d0 000000b6H .text$_ZNSt3__113basic_filebufIcNS_11char_traitsIcEEE11__read_modeEv CODE
 0001:00006590 00000028H .text$_ZNSt3__13minB6v15007IyEERKT_S3_S3_ CODE
 0001:000065c0 0000000cH .text$_ZNSt3__111char_traitsIcE11to_int_typeEc CODE
 0001:000065d0 00000090H .text$_ZNKSt3__17codecvtIcc9_MbstatetE2inB6v15007ERS1_PKcS5_RS5_PcS7_RS7_ CODE
 0001:00006660 00000057H .text$_ZNSt3__13minB6v15007IyNS_6__lessIyyEEEERKT_S5_S5_T0_ CODE
 0001:000066c0 0000002eH .text$_ZNKSt3__16__lessIyyEclB6v15007ERKyS3_ CODE
 0001:000066f0 00000019H .text$_ZNSt3__111char_traitsIcE11eq_int_typeEii CODE
 0001:00006710 00000029H .text$_ZNSt3__115basic_streambufIcNS_11char_traitsIcEEE5gbumpB6v15007Ei CODE
 0001:00006740 0000004fH .text$_ZNSt3__111char_traitsIcE7not_eofEi CODE
 0001:00006790 0000001fH .text$_ZNSt3__111char_traitsIcE2eqEcc CODE
 0001:000067b0 0000000bH .text$_ZNSt3__111char_traitsIcE12to_char_typeEi CODE
 0001:000067c0 000000c6H .text$_ZNSt3__113basic_filebufIcNS_11char_traitsIcEEE12__write_modeEv CODE
 0001:00006890 0000000fH .text$_ZNKSt3__115basic_streambufIcNS_11char_traitsIcEEE5epptrB6v15007Ev CODE
 0001:000068a0 00000029H .text$_ZNSt3__115basic_streambufIcNS_11char_traitsIcEEE5pbumpB6v15007Ei CODE
 0001:000068d0 00000090H .text$_ZNKSt3__17codecvtIcc9_MbstatetE3outB6v15007ERS1_PKcS5_RS5_PcS7_RS7_ CODE
 0001:00006960 00000023H .text$_ZNSt3__115basic_streambufIcNS_11char_traitsIcEEE7__pbumpB6v15007Ex CODE
 0001:00006990 00000047H .text$_ZN6System11AnsiStringTILt0EEC2ERKNS_13UnicodeStringE CODE
 0001:000069e0 000000e9H .text$_ZN6System11AnsiStringTILt0EED2Ev CODE
 0001:00006ad0 00000030H .text$_ZN6System11AnsiStringTILt0EEC1Ev CODE
 0001:00006b00 00000023H .text$_ZN6System11AnsiStringTILt0EEC1ERKS1_ CODE
 0001:00006b30 00000030H .text$_ZN6System11AnsiStringTILt0EEC2Ev CODE
 0001:00006b60 00000012H .text$_ZN6System14AnsiStringBaseC2Ev CODE
 0001:00006b80 00000023H .text$_ZN6System11AnsiStringTILt0EEC2ERKS1_ CODE
 0001:00006bb0 00000266H .text$_ZNSt3__124__put_character_sequenceIcNS_11char_traitsIcEEEERNS_13basic_ostreamIT_T0_EES7_PKS4_y CODE
 0001:00006e20 00000019H .text$_ZNSt3__111char_traitsIcE6lengthEPKc CODE
 0001:00006e40 00000023H .text$_ZNSt3__113basic_ostreamIcNS_11char_traitsIcEEE6sentryC1ERS3_ CODE
 0001:00006e70 00000012H .text$_ZNKSt3__113basic_ostreamIcNS_11char_traitsIcEEE6sentrycvbB6v15007Ev CODE
 0001:00006e90 000002acH .text$_ZNSt3__116__pad_and_outputIcNS_11char_traitsIcEEEENS_19ostreambuf_iteratorIT_T0_EES6_PKS4_S8_S8_RNS_8ios_baseES4_ CODE
 0001:00007140 00000023H .text$_ZNSt3__119ostreambuf_iteratorIcNS_11char_traitsIcEEEC1B6v15007ERNS_13basic_ostreamIcS2_EE CODE
 0001:00007170 0000000eH .text$_ZNKSt3__18ios_base5flagsB6v15007Ev CODE
 0001:00007180 00000066H .text$_ZNKSt3__19basic_iosIcNS_11char_traitsIcEEE4fillB6v15007Ev CODE
 0001:000071f0 00000017H .text$_ZNKSt3__119ostreambuf_iteratorIcNS_11char_traitsIcEEE6failedB6v15007Ev CODE
 0001:00007210 00000021H .text$_ZNSt3__19basic_iosIcNS_11char_traitsIcEEE8setstateB6v15007Ej CODE
 0001:00007240 00000019H .text$_ZNSt3__113basic_ostreamIcNS_11char_traitsIcEEE6sentryD1Ev CODE
 0001:00007260 00000083H .text$_ZNSt3__113basic_ostreamIcNS_11char_traitsIcEEE6sentryC2ERS3_ CODE
 0001:000072f0 0000001dH .text$_ZNKSt3__19basic_iosIcNS_11char_traitsIcEEE4goodB6v15007Ev CODE
 0001:00007310 00000012H .text$_ZNKSt3__19basic_iosIcNS_11char_traitsIcEEE3tieB6v15007Ev CODE
 0001:00007330 00000017H .text$_ZNKSt3__18ios_base4goodB6v15007Ev CODE
 0001:00007350 0000000fH .text$_ZNKSt3__18ios_base5widthB6v15007Ev CODE
 0001:00007360 0000002eH .text$_ZNSt3__115basic_streambufIcNS_11char_traitsIcEEE5sputnB6v15007EPKcx CODE
 0001:00007390 0000002dH .text$_ZNSt3__112basic_stringIcNS_11char_traitsIcEENS_9allocatorIcEEEC1B6v15007Eyc CODE
 0001:000073c0 00000021H .text$_ZNSt3__112basic_stringIcNS_11char_traitsIcEENS_9allocatorIcEEE4dataB6v15007Ev CODE
 0001:000073f0 0000002dH .text$_ZNSt3__18ios_base5widthB6v15007Ex CODE
 0001:00007420 00000050H .text$_ZNSt3__112basic_stringIcNS_11char_traitsIcEENS_9allocatorIcEEEC2B6v15007Eyc CODE
 0001:00007470 0000002dH .text$_ZNSt3__117__compressed_pairINS_12basic_stringIcNS_11char_traitsIcEENS_9allocatorIcEEE5__repES5_EC1B6v15007INS_18__default_init_tagESA_EEOT_OT0_ CODE
 0001:000074a0 00000007H .text$_ZNSt3__119__debug_db_insert_cB6v15007INS_12basic_stringIcNS_11char_traitsIcEENS_9allocatorIcEEEEEEvPT_ CODE
 0001:000074b0 0000003aH .text$_ZNSt3__117__compressed_pairINS_12basic_stringIcNS_11char_traitsIcEENS_9allocatorIcEEE5__repES5_EC2B6v15007INS_18__default_init_tagESA_EEOT_OT0_ CODE
 0001:000074f0 00000011H .text$_ZNSt3__122__compressed_pair_elemINS_12basic_stringIcNS_11char_traitsIcEENS_9allocatorIcEEE5__repELi0ELb0EEC2B6v15007ENS_18__default_init_tagE CODE
 0001:00007510 0000001dH .text$_ZNSt3__122__compressed_pair_elemINS_9allocatorIcEELi1ELb1EEC2B6v15007ENS_18__default_init_tagE CODE
 0001:00007530 00000019H .text$_ZNSt3__19allocatorIcEC2B6v15007Ev CODE
 0001:00007550 00000007H .text$_ZNSt3__116__non_trivial_ifILb1ENS_9allocatorIcEEEC2B6v15007Ev CODE
 0001:00007560 0000000bH .text$_ZNSt3__112__to_addressB6v15007IcEEPT_S2_ CODE
 0001:00007570 00000052H .text$_ZNSt3__112basic_stringIcNS_11char_traitsIcEENS_9allocatorIcEEE13__get_pointerB6v15007Ev CODE
 0001:000075d0 00000026H .text$_ZNKSt3__112basic_stringIcNS_11char_traitsIcEENS_9allocatorIcEEE9__is_longB6v15007Ev CODE
 0001:00007600 0000001cH .text$_ZNSt3__112basic_stringIcNS_11char_traitsIcEENS_9allocatorIcEEE18__get_long_pointerB6v15007Ev CODE
 0001:00007620 00000025H .text$_ZNSt3__112basic_stringIcNS_11char_traitsIcEENS_9allocatorIcEEE19__get_short_pointerB6v15007Ev CODE
 0001:00007650 00000019H .text$_ZNKSt3__117__compressed_pairINS_12basic_stringIcNS_11char_traitsIcEENS_9allocatorIcEEE5__repES5_E5firstB6v15007Ev CODE
 0001:00007670 0000000bH .text$_ZNKSt3__122__compressed_pair_elemINS_12basic_stringIcNS_11char_traitsIcEENS_9allocatorIcEEE5__repELi0ELb0EE5__getB6v15007Ev CODE
 0001:00007680 00000019H .text$_ZNSt3__117__compressed_pairINS_12basic_stringIcNS_11char_traitsIcEENS_9allocatorIcEEE5__repES5_E5firstB6v15007Ev CODE
 0001:000076a0 0000000bH .text$_ZNSt3__122__compressed_pair_elemINS_12basic_stringIcNS_11char_traitsIcEENS_9allocatorIcEEE5__repELi0ELb0EE5__getB6v15007Ev CODE
 0001:000076b0 0000000bH .text$_ZNSt3__114pointer_traitsIPcE10pointer_toB6v15007ERc CODE
 0001:000076c0 00000051H .text$_ZNSt3__119ostreambuf_iteratorIcNS_11char_traitsIcEEEC2B6v15007ERNS_13basic_ostreamIcS2_EE CODE
 0001:00007720 00000019H .text$_ZNKSt3__19basic_iosIcNS_11char_traitsIcEEE5rdbufB6v15007Ev CODE
 0001:00007740 0000000fH .text$_ZNKSt3__18ios_base5rdbufB6v15007Ev CODE
 0001:00007750 00000082H .text$_ZNKSt3__19basic_iosIcNS_11char_traitsIcEEE5widenB6v15007Ec CODE
 0001:000077e0 00000020H .text$_ZNSt3__19use_facetB6v15007INS_5ctypeIcEEEERKT_RKNS_6localeE CODE
 0001:00007800 00000022H .text$_ZNKSt3__15ctypeIcE5widenB6v15007Ec CODE
 0001:00007830 00000024H .text$_ZNSt3__18ios_base8setstateB6v15007Ej CODE
 0001:00007860 00000149H .text$_ZNSt3__113basic_ostreamIcNS_11char_traitsIcEEE6sentryD2Ev CODE
 0001:000079b0 0000001aH .text$_ZNSt3__115basic_streambufIcNS_11char_traitsIcEEE7pubsyncB6v15007Ev CODE
 0001:000079d0 00000021H .text$_ZN6System3SetINS_7Uitypes10TFontStyleELS2_0ELS2_3EEC2Ev CODE
 0001:00007a00 00000030H .text$_ZNSt3__19basic_iosIcNS_11char_traitsIcEEEC2B6v15007Ev CODE
 0001:00007a30 000000b4H .text$_ZNSt3__114basic_iostreamIcNS_11char_traitsIcEEEC2B6v15007EPNS_15basic_streambufIcS2_EE CODE
 0001:00007af0 00000019H .text$_ZNSt3__113basic_filebufIcNS_11char_traitsIcEEEC1Ev CODE
 0001:00007b10 00000104H .text$_ZNSt3__113basic_filebufIcNS_11char_traitsIcEEE4openEPKcj CODE
 0001:00007c20 00000019H .text$_ZNSt3__18ios_baseC2B6v15007Ev CODE
 0001:00007c40 00000051H .text$_ZNSt3__113basic_istreamIcNS_11char_traitsIcEEEC2B6v15007EPNS_15basic_streambufIcS2_EE CODE
 0001:00007ca0 00000030H .text$_ZNSt3__113basic_ostreamIcNS_11char_traitsIcEEEC2B6v15007Ev CODE
 0001:00007cd0 00000049H .text$_ZNSt3__19basic_iosIcNS_11char_traitsIcEEE4initB6v15007EPNS_15basic_streambufIcS2_EE CODE
 0001:00007d20 000001afH .text$_ZNSt3__113basic_filebufIcNS_11char_traitsIcEEEC2Ev CODE
 0001:00007ed0 0000003aH .text$_ZNSt3__19has_facetB6v15007INS_7codecvtIcc9_MbstatetEEEEbRKNS_6localeE CODE
 0001:00007f10 0000002eH .text$_ZNKSt3__115basic_streambufIcNS_11char_traitsIcEEE6getlocB6v15007Ev CODE
 0001:00007f40 00000204H .text$_ZNSt3__113basic_filebufIcNS_11char_traitsIcEEE15__make_mdstringEj CODE
 0001:00008150 00000018H .text$_ZNKSt3__113basic_filebufIcNS_11char_traitsIcEEE7is_openEv CODE
 0001:00008170 0000001cH .text$_ZNKSt3__18ios_base3eofB6v15007Ev CODE
 0001:00008190 0000000fH .text$_ZNSt3__114numeric_limitsIxE3maxB6v15007Ev CODE
 0001:000081a0 00000307H .text$_ZNSt3__116__input_c_stringB6v15007IcNS_11char_traitsIcEEEERNS_13basic_istreamIT_T0_EES7_PS4_y CODE
 0001:000084b0 0000000bH .text$_ZNSt3__123__libcpp_numeric_limitsIxLb1EE3maxB6v15007Ev CODE
 0001:000084c0 00000035H .text$_ZNSt3__113basic_istreamIcNS_11char_traitsIcEEE6sentryC1ERS3_b CODE
 0001:00008500 00000012H .text$_ZNKSt3__113basic_istreamIcNS_11char_traitsIcEEE6sentrycvbB6v15007Ev CODE
 0001:00008520 00000052H .text$_ZNSt3__115basic_streambufIcNS_11char_traitsIcEEE5sgetcB6v15007Ev CODE
 0001:00008580 00000071H .text$_ZNKSt3__15ctypeIcE2isB6v15007Etc CODE
 0001:00008600 0000005dH .text$_ZNSt3__115basic_streambufIcNS_11char_traitsIcEEE6sbumpcB6v15007Ev CODE
 0001:00008660 0000004aH .text$_ZNSt3__18ios_base18__setstate_nothrowB6v15007Ej CODE
 0001:000086b0 00000019H .text$_ZNKSt3__19basic_iosIcNS_11char_traitsIcEEE10exceptionsB6v15007Ev CODE
 0001:000086d0 0000020bH .text$_ZNSt3__113basic_istreamIcNS_11char_traitsIcEEE6sentryC2ERS3_b CODE
 0001:000088e0 00000023H .text$_ZNSt3__119istreambuf_iteratorIcNS_11char_traitsIcEEEC1B6v15007ERNS_13basic_istreamIcS2_EE CODE
 0001:00008910 00000019H .text$_ZNSt3__119istreambuf_iteratorIcNS_11char_traitsIcEEEC1B6v15007Ev CODE
 0001:00008930 00000029H .text$_ZNSt3__1neB6v15007IcNS_11char_traitsIcEEEEbRKNS_19istreambuf_iteratorIT_T0_EES8_ CODE
 0001:00008960 0000001cH .text$_ZNKSt3__119istreambuf_iteratorIcNS_11char_traitsIcEEEdeB6v15007Ev CODE
 0001:00008980 00000025H .text$_ZNSt3__119istreambuf_iteratorIcNS_11char_traitsIcEEEppB6v15007Ev CODE
 0001:000089b0 00000027H .text$_ZNSt3__1eqB6v15007IcNS_11char_traitsIcEEEEbRKNS_19istreambuf_iteratorIT_T0_EES8_ CODE
 0001:000089e0 00000051H .text$_ZNSt3__119istreambuf_iteratorIcNS_11char_traitsIcEEEC2B6v15007ERNS_13basic_istreamIcS2_EE CODE
 0001:00008a40 00000012H .text$_ZNSt3__119istreambuf_iteratorIcNS_11char_traitsIcEEEC2B6v15007Ev CODE
 0001:00008a60 00000046H .text$_ZNKSt3__119istreambuf_iteratorIcNS_11char_traitsIcEEE5equalB6v15007ERKS3_ CODE
 0001:00008ab0 0000006dH .text$_ZNKSt3__119istreambuf_iteratorIcNS_11char_traitsIcEEE14__test_for_eofB6v15007Ev CODE
 0001:00008b20 0000000eH .text$_ZNKSt3__18ios_base10exceptionsB6v15007Ev CODE
 0001:00008b30 00001c16H .text                   CODE
 0001:0000a750 00000019H .text$_ZN3pntC1Ev       CODE
 0001:0000a770 00000044H .text$_ZN6System14AnsiStringBaseixEi CODE
 0001:0000a7c0 00000023H .text$_ZNSt3__112basic_stringIcNS_11char_traitsIcEENS_9allocatorIcEEEC1B6v15007IDnEEPKc CODE
 0001:0000a7f0 00000114H .text$_ZNSt3__1plIcNS_11char_traitsIcEENS_9allocatorIcEEEENS_12basic_stringIT_T0_T1_EERKS9_S6_ CODE
 0001:0000a910 00000031H .text$_ZNSt3__112basic_stringIcNS_11char_traitsIcEENS_9allocatorIcEEEaSB6v15007EOS5_ CODE
 0001:0000a950 00000019H .text$_ZNKSt3__112basic_stringIcNS_11char_traitsIcEENS_9allocatorIcEEE5c_strB6v15007Ev CODE
 0001:0000a970 00000040H .text$_ZN6System13UnicodeStringC1Ei CODE
 0001:0000a9b0 0000004cH .text$_ZN6TForm1D0Ev    CODE
 0001:0000aa00 00000018H .text$_ZN3pntC2Ev       CODE
 0001:0000aa20 00000022H .text$_ZN6System14AnsiStringBase6UniqueEv CODE
 0001:0000aa50 00000030H .text$_ZN6System13UnicodeStringC2Ei CODE
 0001:0000aa80 00000021H .text$_ZNKSt3__112basic_stringIcNS_11char_traitsIcEENS_9allocatorIcEEE4dataB6v15007Ev CODE
 0001:0000aab0 0000000bH .text$_ZNSt3__112__to_addressB6v15007IKcEEPT_S3_ CODE
 0001:0000aac0 00000052H .text$_ZNKSt3__112basic_stringIcNS_11char_traitsIcEENS_9allocatorIcEEE13__get_pointerB6v15007Ev CODE
 0001:0000ab20 0000001cH .text$_ZNKSt3__112basic_stringIcNS_11char_traitsIcEENS_9allocatorIcEEE18__get_long_pointerB6v15007Ev CODE
 0001:0000ab40 00000025H .text$_ZNKSt3__112basic_stringIcNS_11char_traitsIcEENS_9allocatorIcEEE19__get_short_pointerB6v15007Ev CODE
 0001:0000ab70 0000000bH .text$_ZNSt3__114pointer_traitsIPKcE10pointer_toB6v15007ERS1_ CODE
 0001:0000ab80 0000005dH .text$_ZNSt3__112basic_stringIcNS_11char_traitsIcEENS_9allocatorIcEEEC2B6v15007IDnEEPKc CODE
 0001:0000abe0 00000052H .text$_ZNKSt3__112basic_stringIcNS_11char_traitsIcEENS_9allocatorIcEEE4sizeB6v15007Ev CODE
 0001:0000ac40 00000011H .text$_ZNSt3__116allocator_traitsINS_9allocatorIcEEE37select_on_container_copy_constructionB6v15007IS2_vvEES2_RKS2_ CODE
 0001:0000ac60 0000001cH .text$_ZNKSt3__112basic_stringIcNS_11char_traitsIcEENS_9allocatorIcEEE13get_allocatorB6v15007Ev CODE
 0001:0000ac80 00000035H .text$_ZNSt3__112basic_stringIcNS_11char_traitsIcEENS_9allocatorIcEEEC1B6v15007ENS_24__uninitialized_size_tagEyRKS4_ CODE
 0001:0000acc0 00000072H .text$_ZNSt3__111char_traitsIcE4copyEPcPKcy CODE
 0001:0000ad40 0000003fH .text$_ZNSt3__111char_traitsIcE6assignEPcyc CODE
 0001:0000ad80 0000001cH .text$_ZNKSt3__112basic_stringIcNS_11char_traitsIcEENS_9allocatorIcEEE15__get_long_sizeB6v15007Ev CODE
 0001:0000ada0 00000020H .text$_ZNKSt3__112basic_stringIcNS_11char_traitsIcEENS_9allocatorIcEEE16__get_short_sizeB6v15007Ev CODE
 0001:0000adc0 00000019H .text$_ZNKSt3__112basic_stringIcNS_11char_traitsIcEENS_9allocatorIcEEE7__allocB6v15007Ev CODE
 0001:0000ade0 00000019H .text$_ZNKSt3__117__compressed_pairINS_12basic_stringIcNS_11char_traitsIcEENS_9allocatorIcEEE5__repES5_E6secondB6v15007Ev CODE
 0001:0000ae00 0000000bH .text$_ZNKSt3__122__compressed_pair_elemINS_9allocatorIcEELi1ELb1EE5__getB6v15007Ev CODE
 0001:0000ae10 0000010fH .text$_ZNSt3__112basic_stringIcNS_11char_traitsIcEENS_9allocatorIcEEEC2B6v15007ENS_24__uninitialized_size_tagEyRKS4_ CODE
 0001:0000af20 0000002dH .text$_ZNSt3__117__compressed_pairINS_12basic_stringIcNS_11char_traitsIcEENS_9allocatorIcEEE5__repES5_EC1B6v15007INS_18__default_init_tagERKS5_EEOT_OT0_ CODE
 0001:0000af50 000000a0H .text$_ZNKSt3__112basic_stringIcNS_11char_traitsIcEENS_9allocatorIcEEE8max_sizeB6v15007Ev CODE
 0001:0000aff0 00000016H .text$_ZNKSt3__112basic_stringIcNS_11char_traitsIcEENS_9allocatorIcEEE20__throw_length_errorB6v15007Ev CODE
 0001:0000b010 00000014H .text$_ZNSt3__112basic_stringIcNS_11char_traitsIcEENS_9allocatorIcEEE13__fits_in_ssoB6v15007Ey CODE
 0001:0000b030 0000004eH .text$_ZNSt3__112basic_stringIcNS_11char_traitsIcEENS_9allocatorIcEEE6__zeroB6v15007Ev CODE
 0001:0000b080 00000056H .text$_ZNSt3__112basic_stringIcNS_11char_traitsIcEENS_9allocatorIcEEE16__set_short_sizeB6v15007Ey CODE
 0001:0000b0e0 00000068H .text$_ZNSt3__112basic_stringIcNS_11char_traitsIcEENS_9allocatorIcEEE11__recommendB6v15007Ey CODE
 0001:0000b150 00000023H .text$_ZNSt3__116allocator_traitsINS_9allocatorIcEEE8allocateB6v15007ERS2_y CODE
 0001:0000b180 00000019H .text$_ZNSt3__112basic_stringIcNS_11char_traitsIcEENS_9allocatorIcEEE7__allocB6v15007Ev CODE
 0001:0000b1a0 00000012H .text$_ZNSt3__112basic_stringIcNS_11char_traitsIcEENS_9allocatorIcEEE16__begin_lifetimeB6v15007EPcy CODE
 0001:0000b1c0 0000006bH .text$_ZNSt3__112basic_stringIcNS_11char_traitsIcEENS_9allocatorIcEEE14__set_long_capB6v15007Ey CODE
 0001:0000b230 00000030H .text$_ZNSt3__112basic_stringIcNS_11char_traitsIcEENS_9allocatorIcEEE18__set_long_pointerB6v15007EPc CODE
 0001:0000b260 00000030H .text$_ZNSt3__112basic_stringIcNS_11char_traitsIcEENS_9allocatorIcEEE15__set_long_sizeB6v15007Ey CODE
 0001:0000b290 0000003bH .text$_ZNSt3__117__compressed_pairINS_12basic_stringIcNS_11char_traitsIcEENS_9allocatorIcEEE5__repES5_EC2B6v15007INS_18__default_init_tagERKS5_EEOT_OT0_ CODE
 0001:0000b2d0 00000012H .text$_ZNSt3__122__compressed_pair_elemINS_9allocatorIcEELi1ELb1EEC2B6v15007IRKS2_vEEOT_ CODE
 0001:0000b2f0 00000019H .text$_ZNSt3__116allocator_traitsINS_9allocatorIcEEE8max_sizeB6v15007IS2_vEEyRKS2_ CODE
 0001:0000b310 0000000fH .text$_ZNSt3__114numeric_limitsIyE3maxB6v15007Ev CODE
 0001:0000b320 0000000eH .text$_ZNKSt3__19allocatorIcE8max_sizeB6v15007Ev CODE
 0001:0000b330 00000008H .text$_ZNSt3__123__libcpp_numeric_limitsIyLb1EE3maxB6v15007Ev CODE
 0001:0000b340 00000070H .text$_ZNSt3__120__throw_length_errorB6v15007EPKc CODE
 0001:0000b3b0 00000023H .text$_ZNSt12length_errorC1B6v15007EPKc CODE
 0001:0000b3e0 0000003aH .text$_ZNSt12length_errorC2B6v15007EPKc CODE
 0001:0000b420 00000013H .text$_ZNSt3__112basic_stringIcNS_11char_traitsIcEENS_9allocatorIcEEE10__align_itB6v15007ILy16EEEyy CODE
 0001:0000b440 00000051H .text$_ZNSt3__19allocatorIcE8allocateB6v15007Ey CODE
 0001:0000b4a0 00000034H .text$_ZSt28__throw_bad_array_new_lengthB6v15007v CODE
 0001:0000b4e0 00000061H .text$_ZNSt3__117__libcpp_allocateB6v15007Eyy CODE
 0001:0000b550 00000014H .text$_ZNSt3__124__is_overaligned_for_newB6v15007Ey CODE
 0001:0000b570 00000023H .text$_ZNSt3__121__libcpp_operator_newB6v15007IJySt11align_val_tEEEPvDpT_ CODE
 0001:0000b5a0 00000019H .text$_ZNSt3__121__libcpp_operator_newB6v15007IJyEEEPvDpT_ CODE
 0001:0000b5c0 00000019H .text$_ZNSt3__117__compressed_pairINS_12basic_stringIcNS_11char_traitsIcEENS_9allocatorIcEEE5__repES5_E6secondB6v15007Ev CODE
 0001:0000b5e0 0000000bH .text$_ZNSt3__122__compressed_pair_elemINS_9allocatorIcEELi1ELb1EE5__getB6v15007Ev CODE
 0001:0000b5f0 0000003cH .text$_ZNSt3__16copy_nB6v15007IPKcyPcEENS_9enable_ifIXsr33__is_cpp17_random_access_iteratorIT_EE5valueET1_E4typeES5_T0_S6_ CODE
 0001:0000b630 00000036H .text$_ZNSt3__14copyB6v15007IPKcPcEET0_T_S5_S4_ CODE
 0001:0000b670 000000ccH .text$_ZNSt3__16__copyB6v15007IPKcS2_PcLi0EEENS_4pairIT_T1_EES5_T0_S6_ CODE
 0001:0000b740 0000005cH .text$_ZNSt3__114__unwrap_rangeB6v15007IPKcS2_EENS_4pairIT0_S4_EET_S6_ CODE
 0001:0000b7a0 00000097H .text$_ZNSt3__111__copy_implB6v15007IKccvEENS_4pairIPT_PT0_EES4_S4_S6_ CODE
 0001:0000b840 00000019H .text$_ZNSt3__113__unwrap_iterB6v15007IPcNS_18__unwrap_iter_implIS1_Lb1EEELi0EEEDTclsrT0_8__unwrapclsr3stdE7declvalIT_EEEES5_ CODE
 0001:0000b860 00000034H .text$_ZNSt3__19make_pairB6v15007IPKcPcEENS_4pairINS_18__unwrap_ref_decayIT_E4typeENS5_IT0_E4typeEEEOS6_OS9_ CODE
 0001:0000b8a0 00000023H .text$_ZNSt3__114__rewrap_rangeB6v15007IPKcS2_EET_S3_T0_ CODE
 0001:0000b8d0 0000003aH .text$_ZNSt3__113__rewrap_iterB6v15007IPcS1_NS_18__unwrap_iter_implIS1_Lb1EEEEET_S4_T0_ CODE
 0001:0000b910 00000034H .text$_ZNSt3__19make_pairB6v15007IPKcS2_EENS_4pairINS_18__unwrap_ref_decayIT_E4typeENS4_IT0_E4typeEEEOS5_OS8_ CODE
 0001:0000b950 00000019H .text$_ZNSt3__113__unwrap_iterB6v15007IPKcNS_18__unwrap_iter_implIS2_Lb1EEELi0EEEDTclsrT0_8__unwrapclsr3stdE7declvalIT_EEEES6_ CODE
 0001:0000b970 0000002dH .text$_ZNSt3__14pairIPKcS2_EC1B6v15007IS2_S2_LPv0EEEOT_OT0_ CODE
 0001:0000b9a0 00000032H .text$_ZNSt3__14pairIPKcS2_EC2B6v15007IS2_S2_LPv0EEEOT_OT0_ CODE
 0001:0000b9e0 00000019H .text$_ZNSt3__118__unwrap_iter_implIPKcLb1EE8__unwrapB6v15007ES2_ CODE
 0001:0000ba00 00000019H .text$_ZNSt3__118__unwrap_iter_implIPcLb1EE8__unwrapB6v15007ES1_ CODE
 0001:0000ba20 0000002dH .text$_ZNSt3__14pairIPKcPcEC1B6v15007IS2_S3_LPv0EEEOT_OT0_ CODE
 0001:0000ba50 00000032H .text$_ZNSt3__14pairIPKcPcEC2B6v15007IS2_S3_LPv0EEEOT_OT0_ CODE
 0001:0000ba90 0000003aH .text$_ZNSt3__113__rewrap_iterB6v15007IPKcS2_NS_18__unwrap_iter_implIS2_Lb1EEEEET_S5_T0_ CODE
 0001:0000bad0 00000044H .text$_ZNSt3__118__unwrap_iter_implIPKcLb1EE8__rewrapB6v15007ES2_S2_ CODE
 0001:0000bb20 00000044H .text$_ZNSt3__118__unwrap_iter_implIPcLb1EE8__rewrapB6v15007ES1_S1_ CODE
 0001:0000bb70 0000003fH .text$_ZNSt3__16fill_nB6v15007IPcycEET_S2_T0_RKT1_ CODE
 0001:0000bbb0 00000056H .text$_ZNSt3__18__fill_nB6v15007IPcycEET_S2_T0_RKT1_ CODE
 0001:0000bc10 0000000bH .text$_ZNSt3__121__convert_to_integralB6v15007Ey CODE
 0001:0000bc20 000000dcH .text$_ZNSt3__112basic_stringIcNS_11char_traitsIcEENS_9allocatorIcEEE13__move_assignB6v15007ERS5_NS_17integral_constantIbLb1EEE CODE
 0001:0000bd00 0000002dH .text$_ZNSt3__116allocator_traitsINS_9allocatorIcEEE10deallocateB6v15007ERS2_Pcy CODE
 0001:0000bd30 00000023H .text$_ZNKSt3__112basic_stringIcNS_11char_traitsIcEENS_9allocatorIcEEE14__get_long_capB6v15007Ev CODE
 0001:0000bd60 00000028H .text$_ZNSt3__112basic_stringIcNS_11char_traitsIcEENS_9allocatorIcEEE19__move_assign_allocB6v15007ERS5_ CODE
 0001:0000bd90 0000001fH .text$_ZNSt3__111char_traitsIcE6assignERcRKc CODE
 0001:0000bdb0 0000003bH .text$_ZNSt3__19allocatorIcE10deallocateB6v15007EPcy CODE
 0001:0000bdf0 00000062H .text$_ZNSt3__119__libcpp_deallocateB6v15007EPvyy CODE
 0001:0000be60 00000028H .text$_ZNSt3__127__do_deallocate_handle_sizeB6v15007IJSt11align_val_tEEEvPvyDpT_ CODE
 0001:0000be90 0000001eH .text$_ZNSt3__127__do_deallocate_handle_sizeB6v15007IJEEEvPvyDpT_ CODE
 0001:0000beb0 00000023H .text$_ZNSt3__124__libcpp_operator_deleteB6v15007IJPvSt11align_val_tEEEvDpT_ CODE
 0001:0000bee0 00000019H .text$_ZNSt3__124__libcpp_operator_deleteB6v15007IJPvEEEvDpT_ CODE
 0001:0000bf00 00000037H .text$_ZNSt3__112basic_stringIcNS_11char_traitsIcEENS_9allocatorIcEEE19__move_assign_allocB6v15007ERS5_NS_17integral_constantIbLb1EEE CODE
 0001:0000bf40 00000375H .text                   CODE
 0001:0000c2c0 00000023H .text$_ZN6System7Classes15TComponentClassC1EPNS_10TMetaClassE CODE
 0001:0000c2f0 00000023H .text$_ZN6System7Classes15TComponentClassC2EPNS_10TMetaClassE CODE
 0001:0000c320 0000001eH .text$_ZN6System15DelphiMetaClassINS_7Classes15TComponentClassEEC2EPNS_10TMetaClassE CODE
 0001:0000c340 00003c46H .text                   CODE
 0001:0000ff90 000000d2H .text$_ZN6System8Sysutils11ERangeErrorC3ENS_13UnicodeStringE CODE
 0001:00010070 0000004cH .text$_ZN6System8Sysutils11ERangeErrorD0Ev CODE
 0001:000100c0 0000005bH .text$_ZN6System8_CharLenIwEEiPKT_ CODE
 0001:00010120 0000005bH .text$_ZN6System8_CharLenIDsEEiPKT_ CODE
 0001:00010180 00000023H .text$_ZN6System14AnsiStringBaseC2ILt0EEEONS_11AnsiStringTIXT_EEE CODE
 0001:000101b0 0000002aH .text$_ZN6System13UnicodeStringC2ILt0EEERKNS_11AnsiStringTIXT_EEE CODE
 0001:000101e0 0000004dH .text$_ZNK6System14AnsiStringBase8CodePageEv CODE
 0001:00010230 0000003aH .text$_ZNK6System14AnsiStringBaseixEi CODE
 0001:00010270 000000d2H .text$_ZN6System8Sysutils9EIntErrorC3ENS_13UnicodeStringE CODE
 0001:00010350 000000d2H .text$_ZN6System8Sysutils9EExternalC3ENS_13UnicodeStringE CODE
 0001:00010430 0000004cH .text$_ZN6System8Sysutils9EIntErrorD0Ev CODE
 0001:00010480 0000004cH .text$_ZN6System8Sysutils9EExternalD0Ev CODE
 0001:000104d0 00000f18H .text                   CODE
 0001:000113f0 0000000bH .text$_ZN6System15DelphiInterfaceINS_10IInterfaceEEadEv CODE
 0001:00011400 0000004dH .text$_ZN6System15DelphiInterfaceINS_10IInterfaceEED2Ev CODE
 0001:00011450 00000029H .text$_ZNSt3__110lock_guardINS_5mutexEEC2B6v15007ERS1_ CODE
 0001:00011480 00000035H .text$_ZNSt3__113unordered_mapIPN6System7Typinfo9TTypeInfoEPSt9type_infoNS_4hashIS4_EENS_8equal_toIS4_EENS_9allocatorINS_4pairIKS4_S6_EEEEEC2B6v15007Ev CODE
 0001:000114c0 00000019H .text$_ZNSt3__113unordered_mapIPN6System7Typinfo9TTypeInfoEPSt9type_infoNS_4hashIS4_EENS_8equal_toIS4_EENS_9allocatorINS_4pairIKS4_S6_EEEEED2B6v15007Ev CODE
 0001:000114e0 00000084H .text$_ZNSt3__113unordered_mapIPN6System7Typinfo9TTypeInfoEPSt9type_infoNS_4hashIS4_EENS_8equal_toIS4_EENS_9allocatorINS_4pairIKS4_S6_EEEEEixERSD_ CODE
 0001:00011570 0000004aH .text$_ZN6System11AnsiStringTILt65001EEC2ERKNS_13UnicodeStringE CODE
 0001:000115c0 00000098H .text$_ZNK6System11AnsiStringTILt65001EEplERKS1_ CODE
 0001:00011660 0000004aH .text$_ZN6System11AnsiStringTILt65001EEC2EPKc CODE
 0001:000116b0 00000030H .text$_ZN6System11AnsiStringTILt65001EEC2Ev CODE
 0001:000116e0 0000002cH .text$_ZN6System11AnsiStringTILt65001EEaSERKS1_ CODE
 0001:00011710 00000019H .text$_ZN6System11AnsiStringTILt65001EED2Ev CODE
 0001:00011730 00000030H .text$_ZN10__cxxabiv117__class_type_infoC2Ev CODE
 0001:00011760 00000043H .text$_ZNK6System11AnsiStringTILt65001EE5c_strEv CODE
 0001:000117b0 0000001cH .text$_ZNSt3__110lock_guardINS_5mutexEED2B6v15007Ev CODE
 0001:000117d0 00000030H .text$_ZN10__cxxabiv116__shim_type_infoC2Ev CODE
 0001:00011800 00000083H .text$_ZNSt3__112__hash_tableINS_17__hash_value_typeIPN6System7Typinfo9TTypeInfoEPSt9type_infoEENS_22__unordered_map_hasherIS5_S8_NS_4hashIS5_EENS_8equal_toIS5_EELb1EEENS_21__unordered_map_equalIS5_S8_SD_SB_Lb1EEENS_9allocatorIS8_EEEC2Ev CODE
 0001:00011890 00000007H .text$_ZNSt3__119__debug_db_insert_cB6v15007INS_13unordered_mapIPN6System7Typinfo9TTypeInfoEPSt9type_infoNS_4hashIS5_EENS_8equal_toIS5_EENS_9allocatorINS_4pairIKS5_S7_EEEEEEEEvPT_ CODE
 0001:000118a0 00000030H .text$_ZNSt3__110unique_ptrIA_PNS_16__hash_node_baseIPNS_11__hash_nodeINS_17__hash_value_typeIPN6System7Typinfo9TTypeInfoEPSt9type_infoEEPvEEEENS_25__bucket_list_deallocatorINS_9allocatorISF_EEEEEC2B6v15007ILb1EvEEv CODE
 0001:000118d0 00000030H .text$_ZNSt3__117__compressed_pairINS_16__hash_node_baseIPNS_11__hash_nodeINS_17__hash_value_typeIPN6System7Typinfo9TTypeInfoEPSt9type_infoEEPvEEEENS_9allocatorISC_EEEC2B6v15007ILb1EvEEv CODE
 0001:00011900 0000003bH .text$_ZNSt3__117__compressed_pairIyNS_22__unordered_map_hasherIPN6System7Typinfo9TTypeInfoENS_17__hash_value_typeIS5_PSt9type_infoEENS_4hashIS5_EENS_8equal_toIS5_EELb1EEEEC2B6v15007IiNS_18__default_init_tagEEEOT_OT0_ CODE
 0001:00011940 0000003bH .text$_ZNSt3__117__compressed_pairIfNS_21__unordered_map_equalIPN6System7Typinfo9TTypeInfoENS_17__hash_value_typeIS5_PSt9type_infoEENS_8equal_toIS5_EENS_4hashIS5_EELb1EEEEC2B6v15007IfNS_18__default_init_tagEEEOT_OT0_ CODE
 0001:00011980 0000003eH .text$_ZNSt3__117__compressed_pairIPPNS_16__hash_node_baseIPNS_11__hash_nodeINS_17__hash_value_typeIPN6System7Typinfo9TTypeInfoEPSt9type_infoEEPvEEEENS_25__bucket_list_deallocatorINS_9allocatorISF_EEEEEC2B6v15007INS_16__value_init_tagESN_EEOT_OT0_ CODE
 0001:000119c0 0000001cH .text$_ZNSt3__122__compressed_pair_elemIPPNS_16__hash_node_baseIPNS_11__hash_nodeINS_17__hash_value_typeIPN6System7Typinfo9TTypeInfoEPSt9type_infoEEPvEEEELi0ELb0EEC2B6v15007ENS_16__value_init_tagE CODE
 0001:000119e0 0000001dH .text$_ZNSt3__122__compressed_pair_elemINS_25__bucket_list_deallocatorINS_9allocatorIPNS_16__hash_node_baseIPNS_11__hash_nodeINS_17__hash_value_typeIPN6System7Typinfo9TTypeInfoEPSt9type_infoEEPvEEEEEEEELi1ELb0EEC2B6v15007ENS_16__value_init_tagE CODE
 0001:00011a00 00000038H .text$_ZNSt3__125__bucket_list_deallocatorINS_9allocatorIPNS_16__hash_node_baseIPNS_11__hash_nodeINS_17__hash_value_typeIPN6System7Typinfo9TTypeInfoEPSt9type_infoEEPvEEEEEEEC2B6v15007Ev CODE
 0001:00011a40 0000003bH .text$_ZNSt3__117__compressed_pairIyNS_9allocatorIPNS_16__hash_node_baseIPNS_11__hash_nodeINS_17__hash_value_typeIPN6System7Typinfo9TTypeInfoEPSt9type_infoEEPvEEEEEEEC2B6v15007IiNS_18__default_init_tagEEEOT_OT0_ CODE
 0001:00011a80 00000021H .text$_ZNSt3__122__compressed_pair_elemIyLi0ELb0EEC2B6v15007IivEEOT_ CODE
 0001:00011ab0 0000001dH .text$_ZNSt3__122__compressed_pair_elemINS_9allocatorIPNS_16__hash_node_baseIPNS_11__hash_nodeINS_17__hash_value_typeIPN6System7Typinfo9TTypeInfoEPSt9type_infoEEPvEEEEEELi1ELb1EEC2B6v15007ENS_18__default_init_tagE CODE
 0001:00011ad0 00000019H .text$_ZNSt3__19allocatorIPNS_16__hash_node_baseIPNS_11__hash_nodeINS_17__hash_value_typeIPN6System7Typinfo9TTypeInfoEPSt9type_infoEEPvEEEEEC2B6v15007Ev CODE
 0001:00011af0 00000007H .text$_ZNSt3__116__non_trivial_ifILb1ENS_9allocatorIPNS_16__hash_node_baseIPNS_11__hash_nodeINS_17__hash_value_typeIPN6System7Typinfo9TTypeInfoEPSt9type_infoEEPvEEEEEEEC2B6v15007Ev CODE
 0001:00011b00 0000001dH .text$_ZNSt3__122__compressed_pair_elemINS_16__hash_node_baseIPNS_11__hash_nodeINS_17__hash_value_typeIPN6System7Typinfo9TTypeInfoEPSt9type_infoEEPvEEEELi0ELb0EEC2B6v15007ENS_16__value_init_tagE CODE
 0001:00011b20 0000001dH .text$_ZNSt3__122__compressed_pair_elemINS_9allocatorINS_11__hash_nodeINS_17__hash_value_typeIPN6System7Typinfo9TTypeInfoEPSt9type_infoEEPvEEEELi1ELb1EEC2B6v15007ENS_16__value_init_tagE CODE
 0001:00011b40 00000012H .text$_ZNSt3__116__hash_node_baseIPNS_11__hash_nodeINS_17__hash_value_typeIPN6System7Typinfo9TTypeInfoEPSt9type_infoEEPvEEEC2B6v15007Ev CODE
 0001:00011b60 00000019H .text$_ZNSt3__19allocatorINS_11__hash_nodeINS_17__hash_value_typeIPN6System7Typinfo9TTypeInfoEPSt9type_infoEEPvEEEC2B6v15007Ev CODE
 0001:00011b80 00000007H .text$_ZNSt3__116__non_trivial_ifILb1ENS_9allocatorINS_11__hash_nodeINS_17__hash_value_typeIPN6System7Typinfo9TTypeInfoEPSt9type_infoEEPvEEEEEC2B6v15007Ev CODE
 0001:00011b90 0000001dH .text$_ZNSt3__122__compressed_pair_elemINS_22__unordered_map_hasherIPN6System7Typinfo9TTypeInfoENS_17__hash_value_typeIS5_PSt9type_infoEENS_4hashIS5_EENS_8equal_toIS5_EELb1EEELi1ELb1EEC2B6v15007ENS_18__default_init_tagE CODE
 0001:00011bb0 00000007H .text$_ZNSt3__122__unordered_map_hasherIPN6System7Typinfo9TTypeInfoENS_17__hash_value_typeIS4_PSt9type_infoEENS_4hashIS4_EENS_8equal_toIS4_EELb1EEC2B6v15007Ev CODE
 0001:00011bc0 00000023H .text$_ZNSt3__122__compressed_pair_elemIfLi0ELb0EEC2B6v15007IfvEEOT_ CODE
 0001:00011bf0 0000001dH .text$_ZNSt3__122__compressed_pair_elemINS_21__unordered_map_equalIPN6System7Typinfo9TTypeInfoENS_17__hash_value_typeIS5_PSt9type_infoEENS_8equal_toIS5_EENS_4hashIS5_EELb1EEELi1ELb1EEC2B6v15007ENS_18__default_init_tagE CODE
 0001:00011c10 00000007H .text$_ZNSt3__121__unordered_map_equalIPN6System7Typinfo9TTypeInfoENS_17__hash_value_typeIS4_PSt9type_infoEENS_8equal_toIS4_EENS_4hashIS4_EELb1EEC2B6v15007Ev CODE
 0001:00011c20 00000051H .text$_ZNSt3__112__hash_tableINS_17__hash_value_typeIPN6System7Typinfo9TTypeInfoEPSt9type_infoEENS_22__unordered_map_hasherIS5_S8_NS_4hashIS5_EENS_8equal_toIS5_EELb1EEENS_21__unordered_map_equalIS5_S8_SD_SB_Lb1EEENS_9allocatorIS8_EEED2Ev CODE
 0001:00011c80 000000adH .text$_ZNSt3__112__hash_tableINS_17__hash_value_typeIPN6System7Typinfo9TTypeInfoEPSt9type_infoEENS_22__unordered_map_hasherIS5_S8_NS_4hashIS5_EENS_8equal_toIS5_EELb1EEENS_21__unordered_map_equalIS5_S8_SD_SB_Lb1EEENS_9allocatorIS8_EEE17__deallocate_nodeEPNS_16__hash_node_baseIPNS_11__hash_nodeIS8_PvEEEE CODE
 0001:00011d30 00000019H .text$_ZNSt3__117__compressed_pairINS_16__hash_node_baseIPNS_11__hash_nodeINS_17__hash_value_typeIPN6System7Typinfo9TTypeInfoEPSt9type_infoEEPvEEEENS_9allocatorISC_EEE5firstB6v15007Ev CODE
 0001:00011d50 00000007H .text$_ZNSt3__118__debug_db_erase_cB6v15007INS_12__hash_tableINS_17__hash_value_typeIPN6System7Typinfo9TTypeInfoEPSt9type_infoEENS_22__unordered_map_hasherIS6_S9_NS_4hashIS6_EENS_8equal_toIS6_EELb1EEENS_21__unordered_map_equalIS6_S9_SE_SC_Lb1EEENS_9allocatorIS9_EEEEEEvPT_ CODE
 0001:00011d60 0000001dH .text$_ZNSt3__110unique_ptrIA_PNS_16__hash_node_baseIPNS_11__hash_nodeINS_17__hash_value_typeIPN6System7Typinfo9TTypeInfoEPSt9type_infoEEPvEEEENS_25__bucket_list_deallocatorINS_9allocatorISF_EEEEED2B6v15007Ev CODE
 0001:00011d80 0000001dH .text$_ZNSt3__112__hash_tableINS_17__hash_value_typeIPN6System7Typinfo9TTypeInfoEPSt9type_infoEENS_22__unordered_map_hasherIS5_S8_NS_4hashIS5_EENS_8equal_toIS5_EELb1EEENS_21__unordered_map_equalIS5_S8_SD_SB_Lb1EEENS_9allocatorIS8_EEE12__node_allocB6v15007Ev CODE
 0001:00011da0 00000019H .text$_ZNSt3__116__hash_node_baseIPNS_11__hash_nodeINS_17__hash_value_typeIPN6System7Typinfo9TTypeInfoEPSt9type_infoEEPvEEE8__upcastB6v15007Ev CODE
 0001:00011dc0 00000012H .text$_ZNSt3__116allocator_traitsINS_9allocatorINS_11__hash_nodeINS_17__hash_value_typeIPN6System7Typinfo9TTypeInfoEPSt9type_infoEEPvEEEEE7destroyB6v15007INS_4pairIKS7_S9_EEvvEEvRSD_PT_ CODE
 0001:00011de0 00000019H .text$_ZNSt3__122__hash_key_value_typesINS_17__hash_value_typeIPN6System7Typinfo9TTypeInfoEPSt9type_infoEEE9__get_ptrB6v15007ERS8_ CODE
 0001:00011e00 0000002dH .text$_ZNSt3__116allocator_traitsINS_9allocatorINS_11__hash_nodeINS_17__hash_value_typeIPN6System7Typinfo9TTypeInfoEPSt9type_infoEEPvEEEEE10deallocateB6v15007ERSD_PSC_y CODE
 0001:00011e30 00000019H .text$_ZNSt3__117__compressed_pairINS_16__hash_node_baseIPNS_11__hash_nodeINS_17__hash_value_typeIPN6System7Typinfo9TTypeInfoEPSt9type_infoEEPvEEEENS_9allocatorISC_EEE6secondB6v15007Ev CODE
 0001:00011e50 0000000bH .text$_ZNSt3__122__compressed_pair_elemINS_9allocatorINS_11__hash_nodeINS_17__hash_value_typeIPN6System7Typinfo9TTypeInfoEPSt9type_infoEEPvEEEELi1ELb1EE5__getB6v15007Ev CODE
 0001:00011e60 0000000bH .text$_ZNSt3__114pointer_traitsIPNS_16__hash_node_baseIPNS_11__hash_nodeINS_17__hash_value_typeIPN6System7Typinfo9TTypeInfoEPSt9type_infoEEPvEEEEE10pointer_toB6v15007ERSE_ CODE
 0001:00011e70 00000019H .text$_ZNSt3__117__hash_value_typeIPN6System7Typinfo9TTypeInfoEPSt9type_infoE11__get_valueB6v15007Ev CODE
 0001:00011e90 00000019H .text$_ZNSt3__17launderB6v15007INS_4pairIKPN6System7Typinfo9TTypeInfoEPSt9type_infoEEEEPT_SB_ CODE
 0001:00011eb0 0000000bH .text$_ZNSt3__19__launderB6v15007INS_4pairIKPN6System7Typinfo9TTypeInfoEPSt9type_infoEEEEPT_SB_ CODE
 0001:00011ec0 0000003fH .text$_ZNSt3__19allocatorINS_11__hash_nodeINS_17__hash_value_typeIPN6System7Typinfo9TTypeInfoEPSt9type_infoEEPvEEE10deallocateB6v15007EPSB_y CODE
 0001:00011f00 0000000bH .text$_ZNSt3__122__compressed_pair_elemINS_16__hash_node_baseIPNS_11__hash_nodeINS_17__hash_value_typeIPN6System7Typinfo9TTypeInfoEPSt9type_infoEEPvEEEELi0ELb0EE5__getB6v15007Ev CODE
 0001:00011f10 0000005fH .text$_ZNSt3__110unique_ptrIA_PNS_16__hash_node_baseIPNS_11__hash_nodeINS_17__hash_value_typeIPN6System7Typinfo9TTypeInfoEPSt9type_infoEEPvEEEENS_25__bucket_list_deallocatorINS_9allocatorISF_EEEEE5resetB6v15007EDn CODE
 0001:00011f70 00000019H .text$_ZNSt3__117__compressed_pairIPPNS_16__hash_node_baseIPNS_11__hash_nodeINS_17__hash_value_typeIPN6System7Typinfo9TTypeInfoEPSt9type_infoEEPvEEEENS_25__bucket_list_deallocatorINS_9allocatorISF_EEEEE5firstB6v15007Ev CODE
 0001:00011f90 0000001dH .text$_ZNSt3__117__compressed_pairIPPNS_16__hash_node_baseIPNS_11__hash_nodeINS_17__hash_value_typeIPN6System7Typinfo9TTypeInfoEPSt9type_infoEEPvEEEENS_25__bucket_list_deallocatorINS_9allocatorISF_EEEEE6secondB6v15007Ev CODE
 0001:00011fb0 0000004eH .text$_ZNSt3__125__bucket_list_deallocatorINS_9allocatorIPNS_16__hash_node_baseIPNS_11__hash_nodeINS_17__hash_value_typeIPN6System7Typinfo9TTypeInfoEPSt9type_infoEEPvEEEEEEEclB6v15007EPSG_ CODE
 0001:00012000 0000000bH .text$_ZNSt3__122__compressed_pair_elemIPPNS_16__hash_node_baseIPNS_11__hash_nodeINS_17__hash_value_typeIPN6System7Typinfo9TTypeInfoEPSt9type_infoEEPvEEEELi0ELb0EE5__getB6v15007Ev CODE
 0001:00012010 0000000bH .text$_ZNSt3__122__compressed_pair_elemINS_25__bucket_list_deallocatorINS_9allocatorIPNS_16__hash_node_baseIPNS_11__hash_nodeINS_17__hash_value_typeIPN6System7Typinfo9TTypeInfoEPSt9type_infoEEPvEEEEEEEELi1ELb0EE5__getB6v15007Ev CODE
 0001:00012020 0000002dH .text$_ZNSt3__116allocator_traitsINS_9allocatorIPNS_16__hash_node_baseIPNS_11__hash_nodeINS_17__hash_value_typeIPN6System7Typinfo9TTypeInfoEPSt9type_infoEEPvEEEEEEE10deallocateB6v15007ERSH_PSG_y CODE
 0001:00012050 00000019H .text$_ZNSt3__125__bucket_list_deallocatorINS_9allocatorIPNS_16__hash_node_baseIPNS_11__hash_nodeINS_17__hash_value_typeIPN6System7Typinfo9TTypeInfoEPSt9type_infoEEPvEEEEEEE7__allocB6v15007Ev CODE
 0001:00012070 00000019H .text$_ZNSt3__125__bucket_list_deallocatorINS_9allocatorIPNS_16__hash_node_baseIPNS_11__hash_nodeINS_17__hash_value_typeIPN6System7Typinfo9TTypeInfoEPSt9type_infoEEPvEEEEEEE4sizeB6v15007Ev CODE
 0001:00012090 0000003fH .text$_ZNSt3__19allocatorIPNS_16__hash_node_baseIPNS_11__hash_nodeINS_17__hash_value_typeIPN6System7Typinfo9TTypeInfoEPSt9type_infoEEPvEEEEE10deallocateB6v15007EPSF_y CODE
 0001:000120d0 00000019H .text$_ZNSt3__117__compressed_pairIyNS_9allocatorIPNS_16__hash_node_baseIPNS_11__hash_nodeINS_17__hash_value_typeIPN6System7Typinfo9TTypeInfoEPSt9type_infoEEPvEEEEEEE6secondB6v15007Ev CODE
 0001:000120f0 0000000bH .text$_ZNSt3__122__compressed_pair_elemINS_9allocatorIPNS_16__hash_node_baseIPNS_11__hash_nodeINS_17__hash_value_typeIPN6System7Typinfo9TTypeInfoEPSt9type_infoEEPvEEEEEELi1ELb1EE5__getB6v15007Ev CODE
 0001:00012100 00000019H .text$_ZNSt3__117__compressed_pairIyNS_9allocatorIPNS_16__hash_node_baseIPNS_11__hash_nodeINS_17__hash_value_typeIPN6System7Typinfo9TTypeInfoEPSt9type_infoEEPvEEEEEEE5firstB6v15007Ev CODE
 0001:00012120 0000000bH .text$_ZNSt3__122__compressed_pair_elemIyLi0ELb0EE5__getB6v15007Ev CODE
 0001:00012130 0000076cH .text$_ZNSt3__112__hash_tableINS_17__hash_value_typeIPN6System7Typinfo9TTypeInfoEPSt9type_infoEENS_22__unordered_map_hasherIS5_S8_NS_4hashIS5_EENS_8equal_toIS5_EELb1EEENS_21__unordered_map_equalIS5_S8_SD_SB_Lb1EEENS_9allocatorIS8_EEE25__emplace_unique_key_argsIS5_JRKNS_21piecewise_construct_tENS_5tupleIJRKS5_EEENSO_IJEEEEEENS_4pairINS_15__hash_iteratorIPNS_11__hash_nodeIS8_PvEEEEbEERKT_DpOT0_ CODE
 0001:000128a0 00000022H .text$_ZNSt3__116forward_as_tupleB6v15007IJRKPN6System7Typinfo9TTypeInfoEEEENS_5tupleIJDpOT_EEESA_ CODE
 0001:000128d0 00000006H .text$_ZNSt3__116forward_as_tupleB6v15007IJEEENS_5tupleIJDpOT_EEES4_ CODE
 0001:000128e0 00000028H .text$_ZNKSt3__115__hash_iteratorIPNS_11__hash_nodeINS_17__hash_value_typeIPN6System7Typinfo9TTypeInfoEPSt9type_infoEEPvEEEptB6v15007Ev CODE
 0001:00012910 0000001dH .text$_ZNSt3__112__hash_tableINS_17__hash_value_typeIPN6System7Typinfo9TTypeInfoEPSt9type_infoEENS_22__unordered_map_hasherIS5_S8_NS_4hashIS5_EENS_8equal_toIS5_EELb1EEENS_21__unordered_map_equalIS5_S8_SD_SB_Lb1EEENS_9allocatorIS8_EEE13hash_functionB6v15007Ev CODE
 0001:00012930 00000026H .text$_ZNKSt3__122__unordered_map_hasherIPN6System7Typinfo9TTypeInfoENS_17__hash_value_typeIS4_PSt9type_infoEENS_4hashIS4_EENS_8equal_toIS4_EELb1EEclB6v15007ERKS4_ CODE
 0001:00012960 00000021H .text$_ZNKSt3__112__hash_tableINS_17__hash_value_typeIPN6System7Typinfo9TTypeInfoEPSt9type_infoEENS_22__unordered_map_hasherIS5_S8_NS_4hashIS5_EENS_8equal_toIS5_EELb1EEENS_21__unordered_map_equalIS5_S8_SD_SB_Lb1EEENS_9allocatorIS8_EEE12bucket_countB6v15007Ev CODE
 0001:00012990 00000087H .text$_ZNSt3__116__constrain_hashB6v15007Eyy CODE
 0001:00012a20 0000002cH .text$_ZNKSt3__110unique_ptrIA_PNS_16__hash_node_baseIPNS_11__hash_nodeINS_17__hash_value_typeIPN6System7Typinfo9TTypeInfoEPSt9type_infoEEPvEEEENS_25__bucket_list_deallocatorINS_9allocatorISF_EEEEEixB6v15007Ey CODE
 0001:00012a50 0000000fH .text$_ZNKSt3__116__hash_node_baseIPNS_11__hash_nodeINS_17__hash_value_typeIPN6System7Typinfo9TTypeInfoEPSt9type_infoEEPvEEE6__hashB6v15007Ev CODE
 0001:00012a60 0000001dH .text$_ZNSt3__112__hash_tableINS_17__hash_value_typeIPN6System7Typinfo9TTypeInfoEPSt9type_infoEENS_22__unordered_map_hasherIS5_S8_NS_4hashIS5_EENS_8equal_toIS5_EELb1EEENS_21__unordered_map_equalIS5_S8_SD_SB_Lb1EEENS_9allocatorIS8_EEE6key_eqB6v15007Ev CODE
 0001:00012a80 00000043H .text$_ZNKSt3__121__unordered_map_equalIPN6System7Typinfo9TTypeInfoENS_17__hash_value_typeIS4_PSt9type_infoEENS_8equal_toIS4_EENS_4hashIS4_EELb1EEclB6v15007ERKS8_RKS4_ CODE
 0001:00012ad0 000001a9H .text$_ZNSt3__112__hash_tableINS_17__hash_value_typeIPN6System7Typinfo9TTypeInfoEPSt9type_infoEENS_22__unordered_map_hasherIS5_S8_NS_4hashIS5_EENS_8equal_toIS5_EELb1EEENS_21__unordered_map_equalIS5_S8_SD_SB_Lb1EEENS_9allocatorIS8_EEE21__construct_node_hashIRKNS_21piecewise_construct_tEJNS_5tupleIJRKS5_EEENSO_IJEEEEEENS_10unique_ptrINS_11__hash_nodeIS8_PvEENS_22__hash_node_destructorINSH_ISW_EEEEEEyOT_DpOT0_ CODE
 0001:00012c80 0000001dH .text$_ZNSt3__112__hash_tableINS_17__hash_value_typeIPN6System7Typinfo9TTypeInfoEPSt9type_infoEENS_22__unordered_map_hasherIS5_S8_NS_4hashIS5_EENS_8equal_toIS5_EELb1EEENS_21__unordered_map_equalIS5_S8_SD_SB_Lb1EEENS_9allocatorIS8_EEE4sizeB6v15007Ev CODE
 0001:00012ca0 0000001dH .text$_ZNSt3__112__hash_tableINS_17__hash_value_typeIPN6System7Typinfo9TTypeInfoEPSt9type_infoEENS_22__unordered_map_hasherIS5_S8_NS_4hashIS5_EENS_8equal_toIS5_EELb1EEENS_21__unordered_map_equalIS5_S8_SD_SB_Lb1EEENS_9allocatorIS8_EEE15max_load_factorB6v15007Ev CODE
 0001:00012cc0 00000023H .text$_ZNSt3__112__hash_tableINS_17__hash_value_typeIPN6System7Typinfo9TTypeInfoEPSt9type_infoEENS_22__unordered_map_hasherIS5_S8_NS_4hashIS5_EENS_8equal_toIS5_EELb1EEENS_21__unordered_map_equalIS5_S8_SD_SB_Lb1EEENS_9allocatorIS8_EEE15__rehash_uniqueB6v15007Ey CODE
 0001:00012cf0 00000028H .text$_ZNSt3__13maxB6v15007IyEERKT_S3_S3_ CODE
 0001:00012d20 00000047H .text$_ZNSt3__116__is_hash_power2B6v15007Ey CODE
 0001:00012d70 0000001bH .text$_Z4ceilB6v15007f  CODE
 0001:00012d90 00000019H .text$_ZNSt3__116__hash_node_baseIPNS_11__hash_nodeINS_17__hash_value_typeIPN6System7Typinfo9TTypeInfoEPSt9type_infoEEPvEEE5__ptrB6v15007Ev CODE
 0001:00012db0 0000001bH .text$_ZNKSt3__110unique_ptrINS_11__hash_nodeINS_17__hash_value_typeIPN6System7Typinfo9TTypeInfoEPSt9type_infoEEPvEENS_22__hash_node_destructorINS_9allocatorISB_EEEEEptB6v15007Ev CODE
 0001:00012dd0 0000001bH .text$_ZNKSt3__110unique_ptrINS_11__hash_nodeINS_17__hash_value_typeIPN6System7Typinfo9TTypeInfoEPSt9type_infoEEPvEENS_22__hash_node_destructorINS_9allocatorISB_EEEEE3getB6v15007Ev CODE
 0001:00012df0 0000003bH .text$_ZNSt3__110unique_ptrINS_11__hash_nodeINS_17__hash_value_typeIPN6System7Typinfo9TTypeInfoEPSt9type_infoEEPvEENS_22__hash_node_destructorINS_9allocatorISB_EEEEE7releaseB6v15007Ev CODE
 0001:00012e30 0000001dH .text$_ZNSt3__110unique_ptrINS_11__hash_nodeINS_17__hash_value_typeIPN6System7Typinfo9TTypeInfoEPSt9type_infoEEPvEENS_22__hash_node_destructorINS_9allocatorISB_EEEEED2B6v15007Ev CODE
 0001:00012e50 00000024H .text$_ZNSt3__115__hash_iteratorIPNS_11__hash_nodeINS_17__hash_value_typeIPN6System7Typinfo9TTypeInfoEPSt9type_infoEEPvEEEC2B6v15007EPNS_16__hash_node_baseISC_EEPKv CODE
 0001:00012e80 00000033H .text$_ZNSt3__14pairINS_15__hash_iteratorIPNS_11__hash_nodeINS_17__hash_value_typeIPN6System7Typinfo9TTypeInfoEPSt9type_infoEEPvEEEEbEC2B6v15007ISE_RbLSB_0EEEOT_OT0_ CODE
 0001:00012ec0 00000019H .text$_ZNSt3__117__compressed_pairIyNS_22__unordered_map_hasherIPN6System7Typinfo9TTypeInfoENS_17__hash_value_typeIS5_PSt9type_infoEENS_4hashIS5_EENS_8equal_toIS5_EELb1EEEE6secondB6v15007Ev CODE
 0001:00012ee0 0000000bH .text$_ZNSt3__122__compressed_pair_elemINS_22__unordered_map_hasherIPN6System7Typinfo9TTypeInfoENS_17__hash_value_typeIS5_PSt9type_infoEENS_4hashIS5_EENS_8equal_toIS5_EELb1EEELi1ELb1EE5__getB6v15007Ev CODE
 0001:00012ef0 0000004aH .text$_ZNKSt3__14hashIPN6System7Typinfo9TTypeInfoEEclB6v15007ES4_ CODE
 0001:00012f40 00000501H .text$_ZNSt3__121__murmur2_or_cityhashIyLy64EEclEPKvy CODE
 0001:00013450 0000019dH .text$_ZNSt3__121__murmur2_or_cityhashIyLy64EE18__hash_len_0_to_16EPKcy CODE
 0001:000135f0 0000010cH .text$_ZNSt3__121__murmur2_or_cityhashIyLy64EE19__hash_len_17_to_32EPKcy CODE
 0001:00013700 00000339H .text$_ZNSt3__121__murmur2_or_cityhashIyLy64EE19__hash_len_33_to_64EPKcy CODE
 0001:00013a40 0000001eH .text$_ZNSt3__110__loadwordB6v15007IyEET_PKv CODE
 0001:00013a60 00000095H .text$_ZNSt3__121__murmur2_or_cityhashIyLy64EE13__hash_len_16Eyy CODE
 0001:00013b00 000000b0H .text$_ZNSt3__121__murmur2_or_cityhashIyLy64EE29__weak_hash_len_32_with_seedsEPKcyy CODE
 0001:00013bb0 00000058H .text$_ZNSt3__121__murmur2_or_cityhashIyLy64EE8__rotateEyi CODE
 0001:00013c10 0000002dH .text$_ZNSt3__14pairIyyEaSB6v15007EOS1_ CODE
 0001:00013c40 0000003bH .text$_ZNSt3__14swapB6v15007IyEENS_9enable_ifIXaasr21is_move_constructibleIT_EE5valuesr18is_move_assignableIS2_EE5valueEvE4typeERS2_S5_ CODE
 0001:00013c80 00000016H .text$_ZNSt3__121__murmur2_or_cityhashIyLy64EE11__shift_mixEy CODE
 0001:00013ca0 00000037H .text$_ZNSt3__121__murmur2_or_cityhashIyLy64EE22__rotate_by_at_least_1Eyi CODE
 0001:00013ce0 0000001dH .text$_ZNSt3__110__loadwordB6v15007IjEET_PKv CODE
 0001:00013d00 0000011aH .text$_ZNSt3__121__murmur2_or_cityhashIyLy64EE29__weak_hash_len_32_with_seedsEyyyyyy CODE
 0001:00013e20 00000032H .text$_ZNSt3__14pairIyyEC2B6v15007IyyLPv0EEEOT_OT0_ CODE
 0001:00013e60 00000019H .text$_ZNKSt3__110unique_ptrIA_PNS_16__hash_node_baseIPNS_11__hash_nodeINS_17__hash_value_typeIPN6System7Typinfo9TTypeInfoEPSt9type_infoEEPvEEEENS_25__bucket_list_deallocatorINS_9allocatorISF_EEEEE11get_deleterB6v15007Ev CODE
 0001:00013e80 0000001bH .text$_ZNKSt3__125__bucket_list_deallocatorINS_9allocatorIPNS_16__hash_node_baseIPNS_11__hash_nodeINS_17__hash_value_typeIPN6System7Typinfo9TTypeInfoEPSt9type_infoEEPvEEEEEEE4sizeB6v15007Ev CODE
 0001:00013ea0 0000001dH .text$_ZNKSt3__117__compressed_pairIPPNS_16__hash_node_baseIPNS_11__hash_nodeINS_17__hash_value_typeIPN6System7Typinfo9TTypeInfoEPSt9type_infoEEPvEEEENS_25__bucket_list_deallocatorINS_9allocatorISF_EEEEE6secondB6v15007Ev CODE
 0001:00013ec0 0000000bH .text$_ZNKSt3__122__compressed_pair_elemINS_25__bucket_list_deallocatorINS_9allocatorIPNS_16__hash_node_baseIPNS_11__hash_nodeINS_17__hash_value_typeIPN6System7Typinfo9TTypeInfoEPSt9type_infoEEPvEEEEEEEELi1ELb0EE5__getB6v15007Ev CODE
 0001:00013ed0 00000019H .text$_ZNKSt3__117__compressed_pairIyNS_9allocatorIPNS_16__hash_node_baseIPNS_11__hash_nodeINS_17__hash_value_typeIPN6System7Typinfo9TTypeInfoEPSt9type_infoEEPvEEEEEEE5firstB6v15007Ev CODE
 0001:00013ef0 0000000bH .text$_ZNKSt3__122__compressed_pair_elemIyLi0ELb0EE5__getB6v15007Ev CODE
 0001:00013f00 00000019H .text$_ZNKSt3__117__compressed_pairIPPNS_16__hash_node_baseIPNS_11__hash_nodeINS_17__hash_value_typeIPN6System7Typinfo9TTypeInfoEPSt9type_infoEEPvEEEENS_25__bucket_list_deallocatorINS_9allocatorISF_EEEEE5firstB6v15007Ev CODE
 0001:00013f20 0000000bH .text$_ZNKSt3__122__compressed_pair_elemIPPNS_16__hash_node_baseIPNS_11__hash_nodeINS_17__hash_value_typeIPN6System7Typinfo9TTypeInfoEPSt9type_infoEEPvEEEELi0ELb0EE5__getB6v15007Ev CODE
 0001:00013f30 00000019H .text$_ZNSt3__117__compressed_pairIfNS_21__unordered_map_equalIPN6System7Typinfo9TTypeInfoENS_17__hash_value_typeIS5_PSt9type_infoEENS_8equal_toIS5_EENS_4hashIS5_EELb1EEEE6secondB6v15007Ev CODE
 0001:00013f50 0000000bH .text$_ZNSt3__122__compressed_pair_elemINS_21__unordered_map_equalIPN6System7Typinfo9TTypeInfoENS_17__hash_value_typeIS5_PSt9type_infoEENS_8equal_toIS5_EENS_4hashIS5_EELb1EEELi1ELb1EE5__getB6v15007Ev CODE
 0001:00013f60 0000002eH .text$_ZNKSt3__18equal_toIPN6System7Typinfo9TTypeInfoEEclB6v15007ERKS4_S7_ CODE
 0001:00013f90 00000019H .text$_ZNKSt3__117__hash_value_typeIPN6System7Typinfo9TTypeInfoEPSt9type_infoE11__get_valueB6v15007Ev CODE
 0001:00013fb0 00000019H .text$_ZNSt3__17launderB6v15007IKNS_4pairIKPN6System7Typinfo9TTypeInfoEPSt9type_infoEEEEPT_SC_ CODE
 0001:00013fd0 0000000bH .text$_ZNSt3__19__launderB6v15007IKNS_4pairIKPN6System7Typinfo9TTypeInfoEPSt9type_infoEEEEPT_SC_ CODE
 0001:00013fe0 00000023H .text$_ZNSt3__116allocator_traitsINS_9allocatorINS_11__hash_nodeINS_17__hash_value_typeIPN6System7Typinfo9TTypeInfoEPSt9type_infoEEPvEEEEE8allocateB6v15007ERSD_y CODE
 0001:00014010 00000033H .text$_ZNSt3__122__hash_node_destructorINS_9allocatorINS_11__hash_nodeINS_17__hash_value_typeIPN6System7Typinfo9TTypeInfoEPSt9type_infoEEPvEEEEEC2B6v15007ERSD_b CODE
 0001:00014050 0000003aH .text$_ZNSt3__110unique_ptrINS_11__hash_nodeINS_17__hash_value_typeIPN6System7Typinfo9TTypeInfoEPSt9type_infoEEPvEENS_22__hash_node_destructorINS_9allocatorISB_EEEEEC2B6v15007ILb1EvEEPSB_NS_16__dependent_typeINS_27__unique_ptr_deleter_sfinaeISF_EEXT_EE20__good_rval_ref_typeE CODE
 0001:00014090 00000046H .text$_ZNSt3__116allocator_traitsINS_9allocatorINS_11__hash_nodeINS_17__hash_value_typeIPN6System7Typinfo9TTypeInfoEPSt9type_infoEEPvEEEEE9constructB6v15007INS_4pairIKS7_S9_EEJRKNS_21piecewise_construct_tENS_5tupleIJRSH_EEENSM_IJEEEEvEEvRSD_PT_DpOT0_ CODE
 0001:000140e0 00000019H .text$_ZNSt3__110unique_ptrINS_11__hash_nodeINS_17__hash_value_typeIPN6System7Typinfo9TTypeInfoEPSt9type_infoEEPvEENS_22__hash_node_destructorINS_9allocatorISB_EEEEE11get_deleterB6v15007Ev CODE
 0001:00014100 00000051H .text$_ZNSt3__19allocatorINS_11__hash_nodeINS_17__hash_value_typeIPN6System7Typinfo9TTypeInfoEPSt9type_infoEEPvEEE8allocateB6v15007Ey CODE
 0001:00014160 00000019H .text$_ZNSt3__116allocator_traitsINS_9allocatorINS_11__hash_nodeINS_17__hash_value_typeIPN6System7Typinfo9TTypeInfoEPSt9type_infoEEPvEEEEE8max_sizeB6v15007ISD_vEEyRKSD_ CODE
 0001:00014180 00000011H .text$_ZNKSt3__19allocatorINS_11__hash_nodeINS_17__hash_value_typeIPN6System7Typinfo9TTypeInfoEPSt9type_infoEEPvEEE8max_sizeB6v15007Ev CODE
 0001:000141a0 00000040H .text$_ZNSt3__117__compressed_pairIPNS_11__hash_nodeINS_17__hash_value_typeIPN6System7Typinfo9TTypeInfoEPSt9type_infoEEPvEENS_22__hash_node_destructorINS_9allocatorISB_EEEEEC2B6v15007IRSC_SG_EEOT_OT0_ CODE
 0001:000141e0 00000021H .text$_ZNSt3__122__compressed_pair_elemIPNS_11__hash_nodeINS_17__hash_value_typeIPN6System7Typinfo9TTypeInfoEPSt9type_infoEEPvEELi0ELb0EEC2B6v15007IRSC_vEEOT_ CODE
 0001:00014210 00000029H .text$_ZNSt3__122__compressed_pair_elemINS_22__hash_node_destructorINS_9allocatorINS_11__hash_nodeINS_17__hash_value_typeIPN6System7Typinfo9TTypeInfoEPSt9type_infoEEPvEEEEEELi1ELb0EEC2B6v15007ISF_vEEOT_ CODE
 0001:00014240 0000004bH .text$_ZNSt3__19allocatorINS_11__hash_nodeINS_17__hash_value_typeIPN6System7Typinfo9TTypeInfoEPSt9type_infoEEPvEEE9constructB6v15007INS_4pairIKS6_S8_EEJRKNS_21piecewise_construct_tENS_5tupleIJRSF_EEENSK_IJEEEEEEvPT_DpOT0_ CODE
 0001:00014290 00000057H .text$_ZNSt3__14pairIKPN6System7Typinfo9TTypeInfoEPSt9type_infoEC2B6v15007IJRS5_EJEEENS_21piecewise_construct_tENS_5tupleIJDpT_EEENSC_IJDpT0_EEE CODE
 0001:000142f0 00000060H .text$_ZNSt3__14pairIKPN6System7Typinfo9TTypeInfoEPSt9type_infoEC2B6v15007IJRS5_EJEJLy0EEJEEENS_21piecewise_construct_tERNS_5tupleIJDpT_EEERNSC_IJDpT0_EEENS_15__tuple_indicesIJXspT1_EEEENSL_IJXspT2_EEEE CODE
 0001:00014350 00000019H .text$_ZNSt3__13getB6v15007ILy0EJRKPN6System7Typinfo9TTypeInfoEEEERNS_13tuple_elementIXT_ENS_5tupleIJDpT0_EEEE4typeERSB_ CODE
 0001:00014370 0000000eH .text$_ZNSt3__112__tuple_leafILy0ERKPN6System7Typinfo9TTypeInfoELb0EE3getB6v15007Ev CODE
 0001:00014380 0000001dH .text$_ZNSt3__117__compressed_pairIPNS_11__hash_nodeINS_17__hash_value_typeIPN6System7Typinfo9TTypeInfoEPSt9type_infoEEPvEENS_22__hash_node_destructorINS_9allocatorISB_EEEEE6secondB6v15007Ev CODE
 0001:000143a0 0000000bH .text$_ZNSt3__122__compressed_pair_elemINS_22__hash_node_destructorINS_9allocatorINS_11__hash_nodeINS_17__hash_value_typeIPN6System7Typinfo9TTypeInfoEPSt9type_infoEEPvEEEEEELi1ELb0EE5__getB6v15007Ev CODE
 0001:000143b0 00000019H .text$_ZNSt3__117__compressed_pairIyNS_22__unordered_map_hasherIPN6System7Typinfo9TTypeInfoENS_17__hash_value_typeIS5_PSt9type_infoEENS_4hashIS5_EENS_8equal_toIS5_EELb1EEEE5firstB6v15007Ev CODE
 0001:000143d0 00000019H .text$_ZNSt3__117__compressed_pairIfNS_21__unordered_map_equalIPN6System7Typinfo9TTypeInfoENS_17__hash_value_typeIS5_PSt9type_infoEENS_8equal_toIS5_EENS_4hashIS5_EELb1EEEE5firstB6v15007Ev CODE
 0001:000143f0 0000000bH .text$_ZNSt3__122__compressed_pair_elemIfLi0ELb0EE5__getB6v15007Ev CODE
 0001:00014400 00000255H .text$_ZNSt3__112__hash_tableINS_17__hash_value_typeIPN6System7Typinfo9TTypeInfoEPSt9type_infoEENS_22__unordered_map_hasherIS5_S8_NS_4hashIS5_EENS_8equal_toIS5_EELb1EEENS_21__unordered_map_equalIS5_S8_SD_SB_Lb1EEENS_9allocatorIS8_EEE8__rehashILb1EEEvy CODE
 0001:00014660 000002c2H .text$_ZNSt3__112__hash_tableINS_17__hash_value_typeIPN6System7Typinfo9TTypeInfoEPSt9type_infoEENS_22__unordered_map_hasherIS5_S8_NS_4hashIS5_EENS_8equal_toIS5_EELb1EEENS_21__unordered_map_equalIS5_S8_SD_SB_Lb1EEENS_9allocatorIS8_EEE11__do_rehashILb1EEEvy CODE
 0001:00014930 00000056H .text$_ZNSt3__116__next_hash_pow2B6v15007Ey CODE
 0001:00014990 00000007H .text$_ZNSt3__125__debug_db_invalidate_allB6v15007INS_12__hash_tableINS_17__hash_value_typeIPN6System7Typinfo9TTypeInfoEPSt9type_infoEENS_22__unordered_map_hasherIS6_S9_NS_4hashIS6_EENS_8equal_toIS6_EELb1EEENS_21__unordered_map_equalIS6_S9_SE_SC_Lb1EEENS_9allocatorIS9_EEEEEEvPT_ CODE
 0001:000149a0 00000019H .text$_ZNSt3__110unique_ptrIA_PNS_16__hash_node_baseIPNS_11__hash_nodeINS_17__hash_value_typeIPN6System7Typinfo9TTypeInfoEPSt9type_infoEEPvEEEENS_25__bucket_list_deallocatorINS_9allocatorISF_EEEEE11get_deleterB6v15007Ev CODE
 0001:000149c0 0000006aH .text$_ZNSt3__110unique_ptrIA_PNS_16__hash_node_baseIPNS_11__hash_nodeINS_17__hash_value_typeIPN6System7Typinfo9TTypeInfoEPSt9type_infoEEPvEEEENS_25__bucket_list_deallocatorINS_9allocatorISF_EEEEE5resetB6v15007IPSF_EENS_9enable_ifIXsr28_CheckArrayPointerConversionIT_EE5valueEvE4typeESP_ CODE
 0001:00014a30 00000023H .text$_ZNSt3__116allocator_traitsINS_9allocatorIPNS_16__hash_node_baseIPNS_11__hash_nodeINS_17__hash_value_typeIPN6System7Typinfo9TTypeInfoEPSt9type_infoEEPvEEEEEEE8allocateB6v15007ERSH_y CODE
 0001:00014a60 00000051H .text$_ZNSt3__19allocatorIPNS_16__hash_node_baseIPNS_11__hash_nodeINS_17__hash_value_typeIPN6System7Typinfo9TTypeInfoEPSt9type_infoEEPvEEEEE8allocateB6v15007Ey CODE
 0001:00014ac0 00000019H .text$_ZNSt3__116allocator_traitsINS_9allocatorIPNS_16__hash_node_baseIPNS_11__hash_nodeINS_17__hash_value_typeIPN6System7Typinfo9TTypeInfoEPSt9type_infoEEPvEEEEEEE8max_sizeB6v15007ISH_vEEyRKSH_ CODE
 0001:00014ae0 00000011H .text$_ZNKSt3__19allocatorIPNS_16__hash_node_baseIPNS_11__hash_nodeINS_17__hash_value_typeIPN6System7Typinfo9TTypeInfoEPSt9type_infoEEPvEEEEE8max_sizeB6v15007Ev CODE
 0001:00014b00 00000013H .text$_ZNSt3__112__libcpp_clzB6v15007Ey CODE
 0001:00014b20 00000057H .text$_ZNSt3__13maxB6v15007IyNS_6__lessIyyEEEERKT_S5_S5_T0_ CODE
 0001:00014b80 00000019H .text$_ZNKSt3__117__compressed_pairIPNS_11__hash_nodeINS_17__hash_value_typeIPN6System7Typinfo9TTypeInfoEPSt9type_infoEEPvEENS_22__hash_node_destructorINS_9allocatorISB_EEEEE5firstB6v15007Ev CODE
 0001:00014ba0 0000000bH .text$_ZNKSt3__122__compressed_pair_elemIPNS_11__hash_nodeINS_17__hash_value_typeIPN6System7Typinfo9TTypeInfoEPSt9type_infoEEPvEELi0ELb0EE5__getB6v15007Ev CODE
 0001:00014bb0 00000019H .text$_ZNSt3__117__compressed_pairIPNS_11__hash_nodeINS_17__hash_value_typeIPN6System7Typinfo9TTypeInfoEPSt9type_infoEEPvEENS_22__hash_node_destructorINS_9allocatorISB_EEEEE5firstB6v15007Ev CODE
 0001:00014bd0 0000000bH .text$_ZNSt3__122__compressed_pair_elemIPNS_11__hash_nodeINS_17__hash_value_typeIPN6System7Typinfo9TTypeInfoEPSt9type_infoEEPvEELi0ELb0EE5__getB6v15007Ev CODE
 0001:00014be0 0000006aH .text$_ZNSt3__110unique_ptrINS_11__hash_nodeINS_17__hash_value_typeIPN6System7Typinfo9TTypeInfoEPSt9type_infoEEPvEENS_22__hash_node_destructorINS_9allocatorISB_EEEEE5resetB6v15007EPSB_ CODE
 0001:00014c50 00000089H .text$_ZNSt3__122__hash_node_destructorINS_9allocatorINS_11__hash_nodeINS_17__hash_value_typeIPN6System7Typinfo9TTypeInfoEPSt9type_infoEEPvEEEEEclB6v15007EPSC_ CODE
 0001:00014ce0 00000040H .text$_ZNSt3__15tupleIJRKPN6System7Typinfo9TTypeInfoEEEC2B6v15007INS_4_AndELi0EEES6_ CODE
 0001:00014d20 00000039H .text$_ZNSt3__112__tuple_implINS_15__tuple_indicesIJLy0EEEEJRKPN6System7Typinfo9TTypeInfoEEEC2B6v15007IJLy0EEJS8_EJEJEJS8_EEENS1_IJXspT_EEEENS_13__tuple_typesIJDpT0_EEENS1_IJXspT1_EEEENSC_IJDpT2_EEEDpOT3_ CODE
 0001:00014d60 0000001eH .text$_ZNSt3__112__tuple_leafILy0ERKPN6System7Typinfo9TTypeInfoELb0EEC2B6v15007IS6_vEEOT_ CODE
 0001:00014d80 0000000bH .text$_ZNSt3__114pointer_traitsIPNS_17__hash_value_typeIPN6System7Typinfo9TTypeInfoEPSt9type_infoEEE10pointer_toB6v15007ERS8_ CODE
 0001:00014d90 00002b56H .text                   CODE
 0001:000178f0 0000005bH .text$_ZN6System11WideCharLenIwEEiPKT_ CODE
 0001:00017950 0000005bH .text$_ZN6System11WideCharLenIDsEEiPKT_ CODE
 0001:000179b0 00000059H .text$_ZN6System11AnsiStringTILt0EEC2EPKci CODE
 0001:00017a10 00001c2cH .text                   CODE
 0002:00000000 00000008H .rdata$.refptr._MINGW_INSTALL_DEBUG_MATHERR DATA
 0002:00000008 00000008H .rdata$.refptr.__dyn_tls_init_callback DATA
 0002:00000010 00000008H .rdata$.refptr.__globallocalestatus DATA
 0002:00000018 00000008H .rdata$.refptr.__image_base__ DATA
 0002:00000020 00000008H .rdata$.refptr.__imp___winitenv DATA
 0002:00000028 00000008H .rdata$.refptr.__mingw_app_type DATA
 0002:00000030 00000008H .rdata$.refptr.__mingw_initltsdrot_force DATA
 0002:00000038 00000008H .rdata$.refptr.__mingw_initltsdyn_force DATA
 0002:00000040 00000008H .rdata$.refptr.__mingw_initltssuo_force DATA
 0002:00000048 00000008H .rdata$.refptr.__mingw_oldexcpt_handler DATA
 0002:00000050 00000008H .rdata$.refptr.__native_startup_lock DATA
 0002:00000058 00000008H .rdata$.refptr.__native_startup_state DATA
 0002:00000060 00000008H .rdata$.refptr.__xc_a   DATA
 0002:00000068 00000008H .rdata$.refptr.__xc_z   DATA
 0002:00000070 00000008H .rdata$.refptr.__xi_a   DATA
 0002:00000078 00000008H .rdata$.refptr.__xi_z   DATA
 0002:00000080 00000008H .rdata$.refptr._commode DATA
 0002:00000088 00000008H .rdata$.refptr._dowildcard DATA
 0002:00000090 00000008H .rdata$.refptr._fmode   DATA
 0002:00000098 00000008H .rdata$.refptr._hInstance DATA
 0002:000000a0 00000008H .rdata$.refptr._newmode DATA
 0002:000000a8 00005f19H .rdata                  DATA
 0002:00005fd0 00000033H .rdata$_ZTR6TForm3      DATA
 0002:00006010 0000048dH .rdata                  DATA
 0002:000064a0 00000032H .rdata$_ZTR6TForm4      DATA
 0002:000064e0 000009b0H .rdata                  DATA
 0002:00006e90 00000033H .rdata$_ZTR6TForm2      DATA
 0002:00006ec8 00000078H .rdata$_ZTVNSt3__113basic_fstreamIcNS_11char_traitsIcEEEE DATA
 0002:00006f40 00000050H .rdata$_ZTTNSt3__113basic_fstreamIcNS_11char_traitsIcEEEE DATA
 0002:00006f90 00000078H .rdata$_ZTCNSt3__113basic_fstreamIcNS_11char_traitsIcEEEE0_NS_14basic_iostreamIcS2_EE DATA
 0002:00007008 00000030H .rdata$_ZTSNSt3__114basic_iostreamIcNS_11char_traitsIcEEEE DATA
 0002:00007038 0000002fH .rdata$_ZTSNSt3__113basic_istreamIcNS_11char_traitsIcEEEE DATA
 0002:00007067 0000002aH .rdata$_ZTSNSt3__19basic_iosIcNS_11char_traitsIcEEEE DATA
 0002:00007091 00000012H .rdata$_ZTSNSt3__18ios_baseE DATA
 0002:000070a8 00000010H .rdata$_ZTINSt3__18ios_baseE DATA
 0002:000070b8 00000018H .rdata$_ZTINSt3__19basic_iosIcNS_11char_traitsIcEEEE DATA
 0002:000070d0 00000028H .rdata$_ZTINSt3__113basic_istreamIcNS_11char_traitsIcEEEE DATA
 0002:000070f8 0000002fH .rdata$_ZTSNSt3__113basic_ostreamIcNS_11char_traitsIcEEEE DATA
 0002:00007128 00000028H .rdata$_ZTINSt3__113basic_ostreamIcNS_11char_traitsIcEEEE DATA
 0002:00007150 00000038H .rdata$_ZTINSt3__114basic_iostreamIcNS_11char_traitsIcEEEE DATA
 0002:00007188 00000050H .rdata$_ZTCNSt3__113basic_fstreamIcNS_11char_traitsIcEEEE0_NS_13basic_istreamIcS2_EE DATA
 0002:000071d8 00000050H .rdata$_ZTCNSt3__113basic_fstreamIcNS_11char_traitsIcEEEE16_NS_13basic_ostreamIcS2_EE DATA
 0002:00007228 0000002fH .rdata$_ZTSNSt3__113basic_fstreamIcNS_11char_traitsIcEEEE DATA
 0002:00007258 00000018H .rdata$_ZTINSt3__113basic_fstreamIcNS_11char_traitsIcEEEE DATA
 0002:00007270 00000080H .rdata$_ZTVNSt3__113basic_filebufIcNS_11char_traitsIcEEEE DATA
 0002:000072f0 0000002fH .rdata$_ZTSNSt3__113basic_filebufIcNS_11char_traitsIcEEEE DATA
 0002:0000731f 00000031H .rdata$_ZTSNSt3__115basic_streambufIcNS_11char_traitsIcEEEE DATA
 0002:00007350 00000010H .rdata$_ZTINSt3__115basic_streambufIcNS_11char_traitsIcEEEE DATA
 0002:00007360 00000018H .rdata$_ZTINSt3__113basic_filebufIcNS_11char_traitsIcEEEE DATA
 0002:00007378 0000000cH .rdata$_ZTSSt8bad_cast  DATA
 0002:00007384 0000000dH .rdata$_ZTSSt9exception DATA
 0002:00007398 00000010H .rdata$_ZTISt9exception DATA
 0002:000073a8 00000018H .rdata$_ZTISt8bad_cast  DATA
 0002:000073c0 00000008H .rdata$.refptr.Form1    DATA
 0002:000073c8 00000008H .rdata$.refptr._ZN6System10_init_instE DATA
 0002:000073d0 000008f5H .rdata                  DATA
 0002:00007cd0 00000032H .rdata$_ZTR6TForm1      DATA
 0002:00007d02 00000011H .rdata$_ZTSSt12length_error DATA
 0002:00007d13 00000010H .rdata$_ZTSSt11logic_error DATA
 0002:00007d28 00000018H .rdata$_ZTISt11logic_error DATA
 0002:00007d40 00000018H .rdata$_ZTISt12length_error DATA
 0002:00007d58 00000019H .rdata$_ZTSSt20bad_array_new_length DATA
 0002:00007d71 0000000dH .rdata$_ZTSSt9bad_alloc DATA
 0002:00007d80 00000018H .rdata$_ZTISt9bad_alloc DATA
 0002:00007d98 00000018H .rdata$_ZTISt20bad_array_new_length DATA
 0002:00007db0 00000008H .rdata$.refptr.Form3    DATA
 0002:00007db8 00000008H .rdata$.refptr.Form4    DATA
 0002:00007dc0 00000001H .rdata                  DATA
 0002:00007dc8 00000008H .rdata$.refptr.Form2    DATA
 0002:00007dd0 00000008H .rdata$.refptr._ZTRN6System8Sysutils9ExceptionE DATA
 0002:00007dd8 00000008H .rdata$.refptr._ZTV6TForm1 DATA
 0002:00007de0 00000008H .rdata$.refptr._ZTV6TForm2 DATA
 0002:00007de8 00000008H .rdata$.refptr._ZTV6TForm3 DATA
 0002:00007df0 00000008H .rdata$.refptr._ZTV6TForm4 DATA
 0002:00007df8 00000008H .rdata$.refptr._ZTVN6System8Sysutils9ExceptionE DATA
 0002:00007e00 00000012H .rdata                  DATA
 0002:00007e18 00000008H .rdata$.refptr.__imp__tzset DATA
 0002:00007e20 00000008H .rdata$.refptr.__mingw_module_is_dll DATA
 0002:00007e28 00000008H .rdata$.refptr.__CTOR_LIST__ DATA
 0002:00007e30 00000038H .rdata                  DATA
 0002:00007e68 00000008H .rdata$.refptr._CRT_MT  DATA
 0002:00007e70 00000255H .rdata                  DATA
 0002:000080c8 00000008H .rdata$.refptr.__RUNTIME_PSEUDO_RELOC_LIST_END__ DATA
 0002:000080d0 00000008H .rdata$.refptr.__RUNTIME_PSEUDO_RELOC_LIST__ DATA
 0002:000080d8 00000001H .rdata                  DATA
 0002:000080e0 00000008H .rdata$.refptr._ZTRN6System8Sysutils11ERangeErrorE DATA
 0002:000080e8 00000008H .rdata$.refptr._ZTVN6System8Sysutils11ERangeErrorE DATA
 0002:000080f0 00000220H .rdata                  DATA
 0002:00008310 00000008H .rdata$.refptr.__EMBT_INIT_LIST_BEGIN__ DATA
 0002:00008318 00000008H .rdata$.refptr.__EMBT_INIT_LIST_END__ DATA
 0002:00008320 00000008H .rdata$.refptr.__isDLL  DATA
 0002:00008328 00000008H .rdata$.refptr.__isGUI  DATA
 0002:00008330 00000008H .rdata$.refptr.__isVCLPackage DATA
 0002:00008338 000003a0H .rdata                  DATA
 0002:000087d8 00000008H .CRT$XCA                DATA
 0002:000087e0 00000008H .CRT$XCAA               DATA
 0002:000087e8 00000008H .CRT$XCZ                DATA
 0002:000087f0 00000008H .CRT$XDA                DATA
 0002:000087f8 00000008H .CRT$XDZ                DATA
 0002:00008800 00000008H .CRT$XIA                DATA
 0002:00008808 00000008H .CRT$XIAA               DATA
 0002:00008810 00000008H .CRT$XIZ                DATA
 0002:00008818 00000008H .CRT$XLA                DATA
 0002:00008820 00000008H .CRT$XLC                DATA
 0002:00008828 00000008H .CRT$XLD                DATA
 0002:00008830 00000008H .CRT$XLZ                DATA
 0002:00008840 00000008H .ctors.65435            DATA
 0002:00008848 00000010H .ctors.65534            DATA
 0002:00008868 00000008H .dtors.65435            DATA
 0002:0000fc3c 00000210H .xdata                  DATA
 0002:0000fe4c 00000008H .xdata$_ZN3Vcl5Forms5TFormC3EPN6System7Classes10TComponentE DATA
 0002:0000fe54 00000008H .xdata$_ZN6TForm3D0Ev   DATA
 0002:0000fe5c 00000008H .xdata$_ZN3Vcl5Forms5TFormC3EPN6System7Classes10TComponentEi DATA
 0002:0000fe64 00000008H .xdata$_ZN3Vcl5Forms5TFormC3EPN6System7Classes10TComponentEii DATA
 0002:0000fe6c 00000008H .xdata$_ZN3Vcl5Forms5TFormD0Ev DATA
 0002:0000fe74 00000008H .xdata                  DATA
 0002:0000fe7c 00000008H .xdata$_ZN6TForm4D0Ev   DATA
 0002:0000fe84 000001e0H .xdata                  DATA
 0002:00010064 0000002cH .xdata$_ZNSt3__113basic_fstreamIcNS_11char_traitsIcEEEC1EPKcj DATA
 0002:00010090 00000028H .xdata$_ZNSt3__113basic_filebufIcNS_11char_traitsIcEEED2Ev DATA
 0002:000100b8 0000001cH .xdata$_ZNSt3__113basic_filebufIcNS_11char_traitsIcEEE5closeEv DATA
 0002:000100d4 00000020H .xdata$_ZNSt3__110unique_ptrI6_iobufPFiPS1_EEC2B6v15007ILb1EvEES2_NS_16__dependent_typeINS_27__unique_ptr_deleter_sfinaeIS4_EEXT_EE20__good_rval_ref_typeE DATA
 0002:000100f4 00000020H .xdata$_ZNSt3__110unique_ptrI6_iobufPFiPS1_EE5resetB6v15007ES2_ DATA
 0002:00010114 00000020H .xdata$_ZN6System11AnsiStringTILt0EED2Ev DATA
 0002:00010134 00000044H .xdata$_ZNSt3__124__put_character_sequenceIcNS_11char_traitsIcEEEERNS_13basic_ostreamIT_T0_EES7_PKS4_y DATA
 0002:00010178 00000024H .xdata$_ZNSt3__116__pad_and_outputIcNS_11char_traitsIcEEEENS_19ostreambuf_iteratorIT_T0_EES6_PKS4_S8_S8_RNS_8ios_baseES4_ DATA
 0002:0001019c 00000020H .xdata$_ZNSt3__119ostreambuf_iteratorIcNS_11char_traitsIcEEEC2B6v15007ERNS_13basic_ostreamIcS2_EE DATA
 0002:000101bc 0000001cH .xdata$_ZNKSt3__19basic_iosIcNS_11char_traitsIcEEE5widenB6v15007Ec DATA
 0002:000101d8 00000034H .xdata$_ZNSt3__113basic_ostreamIcNS_11char_traitsIcEEE6sentryD2Ev DATA
 0002:0001020c 0000001cH .xdata$_ZNSt3__114basic_iostreamIcNS_11char_traitsIcEEEC2B6v15007EPNS_15basic_streambufIcS2_EE DATA
 0002:00010228 0000002cH .xdata$_ZNSt3__113basic_filebufIcNS_11char_traitsIcEEEC2Ev DATA
 0002:00010254 00000020H .xdata$_ZNSt3__19has_facetB6v15007INS_7codecvtIcc9_MbstatetEEEEbRKNS_6localeE DATA
 0002:00010274 00000050H .xdata$_ZNSt3__116__input_c_stringB6v15007IcNS_11char_traitsIcEEEERNS_13basic_istreamIT_T0_EES7_PS4_y DATA
 0002:000102c4 00000024H .xdata$_ZNSt3__113basic_istreamIcNS_11char_traitsIcEEE6sentryC2ERS3_b DATA
 0002:000102e8 00000020H .xdata$_ZNSt3__119istreambuf_iteratorIcNS_11char_traitsIcEEEC2B6v15007ERNS_13basic_istreamIcS2_EE DATA
 0002:00010308 00000008H .xdata$_ZN6System3SetINS_7Uitypes10TFontStyleELS2_0ELS2_3EEC1Ev DATA
 0002:00010310 00000008H .xdata$_ZN6System3SetINS_7Uitypes10TFontStyleELS2_0ELS2_3EElsES2_ DATA
 0002:00010318 0000002cH .xdata$_ZNSt3__113basic_fstreamIcNS_11char_traitsIcEEEC1EPKcj DATA
 0002:00010344 00000008H .xdata$_ZNKSt3__113basic_fstreamIcNS_11char_traitsIcEEE7is_openEv DATA
 0002:0001034c 00000008H .xdata$_ZNKSt3__19basic_iosIcNS_11char_traitsIcEEE3eofB6v15007Ev DATA
 0002:00010354 00000008H .xdata$_ZNSt3__1rsB6v15007IcNS_11char_traitsIcEEEERNS_13basic_istreamIT_T0_EES7_PS4_ DATA
 0002:0001035c 00000008H .xdata$_ZNSt3__113basic_fstreamIcNS_11char_traitsIcEEE5closeEv DATA
 0002:00010364 00000008H .xdata$_ZNSt3__113basic_fstreamIcNS_11char_traitsIcEEED1Ev DATA
 0002:0001036c 00000008H .xdata$_ZN6System11AnsiStringTILt0EEC1ERKNS_13UnicodeStringE DATA
 0002:00010374 00000008H .xdata$_ZNK6System11AnsiStringTILt0EE5c_strEv DATA
 0002:0001037c 00000008H .xdata$_ZN6System11AnsiStringTILt0EED1Ev DATA
 0002:00010384 00000008H .xdata$_ZNSt3__1lsINS_11char_traitsIcEEEERNS_13basic_ostreamIcT_EES6_PKc DATA
 0002:0001038c 00000008H .xdata$_ZN6TForm2D0Ev   DATA
 0002:00010394 00000008H .xdata$_ZNSt3__113basic_fstreamIcNS_11char_traitsIcEEED2Ev DATA
 0002:0001039c 00000008H .xdata$_ZThn16_NSt3__113basic_fstreamIcNS_11char_traitsIcEEED1Ev DATA
 0002:000103a4 00000008H .xdata$_ZTv0_n24_NSt3__113basic_fstreamIcNS_11char_traitsIcEEED1Ev DATA
 0002:000103ac 00000008H .xdata$_ZNSt3__113basic_fstreamIcNS_11char_traitsIcEEED0Ev DATA
 0002:000103b4 00000008H .xdata$_ZThn16_NSt3__113basic_fstreamIcNS_11char_traitsIcEEED0Ev DATA
 0002:000103bc 00000008H .xdata$_ZTv0_n24_NSt3__113basic_fstreamIcNS_11char_traitsIcEEED0Ev DATA
 0002:000103c4 00000008H .xdata$_ZNSt3__113basic_filebufIcNS_11char_traitsIcEEED1Ev DATA
 0002:000103cc 00000028H .xdata$_ZNSt3__113basic_filebufIcNS_11char_traitsIcEEED2Ev DATA
 0002:000103f4 0000001cH .xdata$_ZNSt3__113basic_filebufIcNS_11char_traitsIcEEE5closeEv DATA
 0002:00010410 00000008H .xdata$_ZNSt3__113basic_filebufIcNS_11char_traitsIcEEED0Ev DATA
 0002:00010418 00000008H .xdata$_ZNSt3__113basic_filebufIcNS_11char_traitsIcEEE5imbueERKNS_6localeE DATA
 0002:00010420 00000008H .xdata$_ZNSt3__113basic_filebufIcNS_11char_traitsIcEEE6setbufEPcx DATA
 0002:00010428 00000008H .xdata$_ZNSt3__113basic_filebufIcNS_11char_traitsIcEEE7seekoffExNS_8ios_base7seekdirEj DATA
 0002:00010430 00000008H .xdata$_ZNSt3__113basic_filebufIcNS_11char_traitsIcEEE7seekposENS_4fposI9_MbstatetEEj DATA
 0002:00010438 00000008H .xdata$_ZNSt3__113basic_filebufIcNS_11char_traitsIcEEE4syncEv DATA
 0002:00010440 0000000cH .xdata$_ZNSt3__113basic_filebufIcNS_11char_traitsIcEEE9underflowEv DATA
 0002:0001044c 00000008H .xdata$_ZNSt3__113basic_filebufIcNS_11char_traitsIcEEE9pbackfailEi DATA
 0002:00010454 0000000cH .xdata$_ZNSt3__113basic_filebufIcNS_11char_traitsIcEEE8overflowEi DATA
 0002:00010460 00000008H .xdata$_ZNSt3__110unique_ptrI6_iobufPFiPS1_EEC1B6v15007ILb1EvEES2_NS_16__dependent_typeINS_27__unique_ptr_deleter_sfinaeIS4_EEXT_EE20__good_rval_ref_typeE DATA
 0002:00010468 00000008H .xdata$_ZNSt3__110unique_ptrI6_iobufPFiPS1_EE7releaseB6v15007Ev DATA
 0002:00010470 00000008H .xdata$_ZNSt3__110unique_ptrI6_iobufPFiPS1_EED1B6v15007Ev DATA
 0002:00010478 00000020H .xdata$_ZNSt3__110unique_ptrI6_iobufPFiPS1_EEC2B6v15007ILb1EvEES2_NS_16__dependent_typeINS_27__unique_ptr_deleter_sfinaeIS4_EEXT_EE20__good_rval_ref_typeE DATA
 0002:00010498 00000008H .xdata$_ZNSt3__117__compressed_pairIP6_iobufPFiS2_EEC1B6v15007IRS2_S4_EEOT_OT0_ DATA
 0002:000104a0 00000008H .xdata$_ZNSt3__117__compressed_pairIP6_iobufPFiS2_EEC2B6v15007IRS2_S4_EEOT_OT0_ DATA
 0002:000104a8 00000008H .xdata$_ZNSt3__122__compressed_pair_elemIP6_iobufLi0ELb0EEC2B6v15007IRS2_vEEOT_ DATA
 0002:000104b0 00000008H .xdata$_ZNSt3__122__compressed_pair_elemIPFiP6_iobufELi1ELb0EEC2B6v15007IS4_vEEOT_ DATA
 0002:000104b8 00000008H .xdata$_ZNSt3__117__compressed_pairIP6_iobufPFiS2_EE5firstB6v15007Ev DATA
 0002:000104c0 00000008H .xdata$_ZNSt3__122__compressed_pair_elemIP6_iobufLi0ELb0EE5__getB6v15007Ev DATA
 0002:000104c8 00000008H .xdata$_ZNSt3__110unique_ptrI6_iobufPFiPS1_EED2B6v15007Ev DATA
 0002:000104d0 00000020H .xdata$_ZNSt3__110unique_ptrI6_iobufPFiPS1_EE5resetB6v15007ES2_ DATA
 0002:000104f0 00000008H .xdata$_ZNSt3__117__compressed_pairIP6_iobufPFiS2_EE6secondB6v15007Ev DATA
 0002:000104f8 00000008H .xdata$_ZNSt3__122__compressed_pair_elemIPFiP6_iobufELi1ELb0EE5__getB6v15007Ev DATA
 0002:00010500 00000008H .xdata$_ZNSt3__19use_facetB6v15007INS_7codecvtIcc9_MbstatetEEEERKT_RKNS_6localeE DATA
 0002:00010508 00000008H .xdata$_ZNKSt3__17codecvtIcc9_MbstatetE13always_noconvB6v15007Ev DATA
 0002:00010510 00000008H .xdata$_ZNSt3__115basic_streambufIcNS_11char_traitsIcEEE4setgB6v15007EPcS4_S4_ DATA
 0002:00010518 00000008H .xdata$_ZNSt3__115basic_streambufIcNS_11char_traitsIcEEE4setpB6v15007EPcS4_ DATA
 0002:00010520 00000008H .xdata$_ZNSt3__13maxB6v15007IxEERKT_S3_S3_ DATA
 0002:00010528 00000008H .xdata$_ZNSt3__13maxB6v15007IxNS_6__lessIxxEEEERKT_S5_S5_T0_ DATA
 0002:00010530 00000008H .xdata$_ZNKSt3__16__lessIxxEclB6v15007ERKxS3_ DATA
 0002:00010538 00000008H .xdata$_ZNSt3__116__throw_bad_castB6v15007Ev DATA
 0002:00010540 00000008H .xdata$_ZNKSt3__17codecvtIcc9_MbstatetE8encodingB6v15007Ev DATA
 0002:00010548 00000008H .xdata$_ZNSt3__14fposI9_MbstatetEC1B6v15007Ex DATA
 0002:00010550 00000008H .xdata$_ZNSt3__14fposI9_MbstatetE5stateB6v15007ES1_ DATA
 0002:00010558 00000008H .xdata$_ZNSt3__14fposI9_MbstatetEC2B6v15007Ex DATA
 0002:00010560 00000008H .xdata$_ZNKSt3__14fposI9_MbstatetEcvxB6v15007Ev DATA
 0002:00010568 00000008H .xdata$_ZNKSt3__14fposI9_MbstatetE5stateB6v15007Ev DATA
 0002:00010570 00000008H .xdata$_ZNKSt3__115basic_streambufIcNS_11char_traitsIcEEE4pptrB6v15007Ev DATA
 0002:00010578 00000008H .xdata$_ZNKSt3__115basic_streambufIcNS_11char_traitsIcEEE5pbaseB6v15007Ev DATA
 0002:00010580 00000008H .xdata$_ZNKSt3__17codecvtIcc9_MbstatetE7unshiftB6v15007ERS1_PcS4_RS4_ DATA
 0002:00010588 00000008H .xdata$_ZNKSt3__115basic_streambufIcNS_11char_traitsIcEEE5egptrB6v15007Ev DATA
 0002:00010590 00000008H .xdata$_ZNKSt3__115basic_streambufIcNS_11char_traitsIcEEE4gptrB6v15007Ev DATA
 0002:00010598 00000008H .xdata$_ZNKSt3__17codecvtIcc9_MbstatetE6lengthB6v15007ERS1_PKcS5_y DATA
 0002:000105a0 00000008H .xdata$_ZNKSt3__115basic_streambufIcNS_11char_traitsIcEEE5ebackB6v15007Ev DATA
 0002:000105a8 00000008H .xdata$_ZNSt3__113basic_filebufIcNS_11char_traitsIcEEE11__read_modeEv DATA
 0002:000105b0 00000008H .xdata$_ZNSt3__13minB6v15007IyEERKT_S3_S3_ DATA
 0002:000105b8 00000008H .xdata$_ZNSt3__111char_traitsIcE11to_int_typeEc DATA
 0002:000105c0 0000000cH .xdata$_ZNKSt3__17codecvtIcc9_MbstatetE2inB6v15007ERS1_PKcS5_RS5_PcS7_RS7_ DATA
 0002:000105cc 00000008H .xdata$_ZNSt3__13minB6v15007IyNS_6__lessIyyEEEERKT_S5_S5_T0_ DATA
 0002:000105d4 00000008H .xdata$_ZNKSt3__16__lessIyyEclB6v15007ERKyS3_ DATA
 0002:000105dc 00000008H .xdata$_ZNSt3__111char_traitsIcE11eq_int_typeEii DATA
 0002:000105e4 00000008H .xdata$_ZNSt3__115basic_streambufIcNS_11char_traitsIcEEE5gbumpB6v15007Ei DATA
 0002:000105ec 00000008H .xdata$_ZNSt3__111char_traitsIcE7not_eofEi DATA
 0002:000105f4 00000008H .xdata$_ZNSt3__111char_traitsIcE2eqEcc DATA
 0002:000105fc 00000008H .xdata$_ZNSt3__111char_traitsIcE12to_char_typeEi DATA
 0002:00010604 00000008H .xdata$_ZNSt3__113basic_filebufIcNS_11char_traitsIcEEE12__write_modeEv DATA
[...]
 0002:00012bf4       $unwind$_ZN6System8Internal7Initcpp15InitializeUnitsEPNS1_20TUnitDescriptorBlockES3_ 000000014002fbf4     rtl:System.Internal.InitCPP.o
 0002:00012c00       $unwind$_ZN6System8Internal7Initcpp13FinalizeUnitsEPNS1_20TUnitDescriptorBlockES3_ 000000014002fc00     rtl:System.Internal.InitCPP.o
 0002:00012c08       $unwind$_ZN6System8Internal7Initcpp15InitializeUnitsEPPNS1_20TUnitDescriptorBlockES4_ 000000014002fc08     rtl:System.Internal.InitCPP.o
 0002:00012c14       $unwind$_ZN6System8Internal7Initcpp13FinalizeUnitsEPPNS1_20TUnitDescriptorBlockES4_ 000000014002fc14     rtl:System.Internal.InitCPP.o
 0002:00012c1c       $unwind$_ZN6System8Internal7Initcpp15InitializeUnitsEPNS1_15TUnitDescriptorES3_ 000000014002fc1c     rtl:System.Internal.InitCPP.o
 0002:00012c24       $unwind$_ZN6System8Internal7Initcpp13FinalizeUnitsEPNS1_15TUnitDescriptorES3_ 000000014002fc24     rtl:System.Internal.InitCPP.o
 0002:00012c2c       $unwind$_ZN6System8Internal7Initcpp15CalculateDegreeEPNS1_20TUnitDescriptorBlockES3_ 000000014002fc2c     rtl:System.Internal.InitCPP.o
 0002:00012c30       $unwind$_ZN6System8Internal7Initcpp15CalculateDegreeEPPNS1_20TUnitDescriptorBlockES4_ 000000014002fc30     rtl:System.Internal.InitCPP.o
 0002:00012c34       $unwind$_ZN6System8Internal7Initcpp16FinalizeUnitListEPPPNS1_15TUnitDescriptorES5_ 000000014002fc34     rtl:System.Internal.InitCPP.o
 0002:00012c70       $unwind$_ZN6System8Internal7Initcpp18InitializeRootUnitEPNS1_15TUnitDescriptorE 000000014002fc70     rtl:System.Internal.InitCPP.o
 0002:00012d24       $unwind$_ZN6System8Internal7Initcpp16FinalizeRootUnitEPNS1_15TUnitDescriptorE 000000014002fd24     rtl:System.Internal.InitCPP.o
 0002:00012d60       $unwind$_ZN6System8Internal7Initcpp12FinalizationEv 000000014002fd60     rtl:System.Internal.InitCPP.o
 0002:00012d64       $unwind$_ZN6System8Internal7Initcpp14initializationEv 000000014002fd64     rtl:System.Internal.InitCPP.o
 0004:00000000       version_string             0000000140031000     crtbegin.o
 0004:000000e8       _ZN7Sysinit6ModuleE        00000001400310e8     sysinit.o
 0004:00000120       _ZN7Sysinit7TlsProcE       0000000140031120     sysinit.o
 0004:00000140       _ZN7Sysinit21_dtors_delayhlp_65535E 0000000140031140     sysinit.o
 0004:00000160       initial_tznames            0000000140031160     libucrt:lib64_libucrt_extra_a-ucrtbase_compat.o
 0004:00000178       initial_timezone           0000000140031178     libucrt:lib64_libucrt_extra_a-ucrtbase_compat.o
 0004:00000188       initial_daylight           0000000140031188     libucrt:lib64_libucrt_extra_a-ucrtbase_compat.o
 0004:000001c8       initial_tzname0            00000001400311c8     libucrt:lib64_libucrt_extra_a-ucrtbase_compat.o
 0004:000001cc       initial_tzname1            00000001400311cc     libucrt:lib64_libucrt_extra_a-ucrtbase_compat.o
 0004:000001e0       __do_global_dtors.p        00000001400311e0     libmingw32:lib64_libmingw32_a-gccmain.o
 0004:00000200       _ZZN6System19CheckSafecallResultElE13__init_comobj 0000000140031200     rtle:syssupp.o
 0004:0000023c       managedapp                 000000014003123c     crt2u.o
 0004:00000240       startinfo                  0000000140031240     crt2u.o
 0004:00000244       argc                       0000000140031244     crt2u.o
 0004:00000248       argv                       0000000140031248     crt2u.o
 0004:00000250       envp                       0000000140031250     crt2u.o
 0004:00000258       argret                     0000000140031258     crt2u.o
 0004:0000025c       has_cctor                  000000014003125c     crt2u.o
 0004:00000260       mainret                    0000000140031260     crt2u.o
 0004:000002a8       _ZN7Sysinit2_1E            00000001400312a8     sysinit.o
 0004:000002b0       _ZN7Sysinit9tlsBufferE     00000001400312b0     sysinit.o
 0004:000002b8       _ZN7Sysinit9UseTlsAPIE     00000001400312b8     sysinit.o
 0004:000002c0       .bss.delayhlp              00000001400312c0     sysinit.o
 0004:000002c0       ..__puiHead                00000001400312c0     sysinit.o
 0004:00000450       local__initenv             0000000140031450     libucrt:lib64_libucrt_extra_a-__initenv.o
 0004:00000458       local__winitenv            0000000140031458     libucrt:lib64_libucrt_extra_a-__initenv.o
 0004:00000460       initialized                0000000140031460     libmingw32:lib64_libmingw32_a-gccmain.o
 0004:00000498       _pei386_runtime_relocator.was_init 0000000140031498     libmingw32:lib64_libmingw32_a-pseudo-reloc.o
 0004:000004a0       the_secs                   00000001400314a0     libmingw32:lib64_libmingw32_a-pseudo-reloc.o
 0004:000004a8       maxSections                00000001400314a8     libmingw32:lib64_libmingw32_a-pseudo-reloc.o
 0004:000004b0       stUserMathErr              00000001400314b0     libmingw32:lib64_libmingw32_a-usermatherr.o
 0004:000004d0       _ZZ18__delphi_type_infoE15type_info_mutex 00000001400314d0     rtle:syssupp.o
 0004:000004d8       _ZZ18__delphi_type_infoE13type_info_map 00000001400314d8     rtle:syssupp.o
 0004:00000500       _ZGVZ18__delphi_type_infoE13type_info_map 0000000140031500     rtle:syssupp.o
 0004:00000510       __mingwthr_cs_init         0000000140031510     libmingw32:lib64_libmingw32_a-tlsthrd.o
 0004:00000518       __mingwthr_cs              0000000140031518     libmingw32:lib64_libmingw32_a-tlsthrd.o
 0004:00000540       key_dtor_list              0000000140031540     libmingw32:lib64_libmingw32_a-tlsthrd.o
 0004:0000054c       _ZN6System8Internal7Strhlpr2_1E 000000014003154c     rtl:System.Internal.StrHlpr.o
 0004:00000550       _ZN6System8Internal7Initcpp2_1E 0000000140031550     rtl:System.Internal.InitCPP.o
 0005:0000006c       $pdata$_ZN7Sysinit19InterlockedExchangeERii 000000014003206c     sysinit.o
 0005:00000078       $pdata$_ZN7Sysinit26InterlockedExchangePointerERPvS0_ 0000000140032078     sysinit.o
 0005:00000084       $pdata$_ZN7Sysinit17SetDliNotifyHook2EPFPv15dliNotificationP13DelayLoadInfoE 0000000140032084     sysinit.o
 0005:00000090       $pdata$_ZN7Sysinit14DliNotifyHook2Ev 0000000140032090     sysinit.o
 0005:0000009c       $pdata$_ZN7Sysinit18SetDliFailureHook2EPFPv15dliNotificationP13DelayLoadInfoE 000000014003209c     sysinit.o
 0005:000000a8       $pdata$_ZN7Sysinit15DliFailureHook2Ev 00000001400320a8     sysinit.o
 0005:000000b4       $pdata$_ZN7Sysinit17_DelayLoadHelper2ERPvS0_ 00000001400320b4     sysinit.o
 0005:000000c0       $pdata$_ZN7Sysinit21UnloadDelayLoadedDLL2EPc 00000001400320c0     sysinit.o
 0005:000000cc       $pdata$_ZN7Sysinit20LoadAllImportsForDllEPc 00000001400320cc     sysinit.o
 0005:000000d8       $pdata$_ZN7Sysinit14AllocTlsBufferEi 00000001400320d8     sysinit.o
 0005:000000e4       $pdata$_ZN7Sysinit10GetTlsSizeEv 00000001400320e4     sysinit.o
 0005:000000f0       $pdata$_ZN7Sysinit13InitThreadTLSEv 00000001400320f0     sysinit.o
 0005:000000fc       $pdata$_ZN7Sysinit14InitProcessTLSEv 00000001400320fc     sysinit.o
 0005:00000108       $pdata$_ZN7Sysinit13ExitThreadTLSEv 0000000140032108     sysinit.o
 0005:00000114       $pdata$_ZN7Sysinit14ExitProcessTLSEv 0000000140032114     sysinit.o
 0005:00000120       $pdata$_ZN7Sysinit6isWineEv 0000000140032120     sysinit.o
 0005:0000012c       $pdata$_ZN7Sysinit7_GetTlsEv 000000014003212c     sysinit.o
 0005:00000138       $pdata$_ZN7Sysinit16InitializeModuleEv 0000000140032138     sysinit.o
 0005:00000144       $pdata$_ZN7Sysinit18UninitializeModuleEv 0000000140032144     sysinit.o
 0005:00000150       $pdata$_ZN7Sysinit7VclInitEbbyb 0000000140032150     sysinit.o
 0005:0000015c       $pdata$_ZN7Sysinit7VclExitEv 000000014003215c     sysinit.o
 0005:00000168       $pdata$_ZN7Sysinit14__dbkDummyProcEv 0000000140032168     sysinit.o
 0005:00000174       $pdata$_ZN7Sysinit14__dbkFCallArgsEPvS0_S0_S0_S0_S0_S0_S0_S0_S0_S0_S0_S0_S0_S0_S0_S0_S0_S0_S0_S0_S0_S0_S0_S0_S0_S0_S0_S0_S0_ 0000000140032174     sysinit.o
 0005:00000180       $pdata$_ZN7Sysinit19__dbk_fcall_wrapperEv 0000000140032180     sysinit.o
 0005:00000198       $pdata$_ZN7Sysinit8_InitPkgEyiPv 0000000140032198     sysinit.o
 0005:000001a4       $pdata$_ZN7Sysinit12_PackageLoadEPN6System16PackageInfoTableE 00000001400321a4     sysinit.o
 0005:000001b0       $pdata$_ZN7Sysinit14_PackageUnloadEPN6System16PackageInfoTableE 00000001400321b0     sysinit.o
 0005:000001bc       $pdata$_ZN7Sysinit8_InitLibEPN6System12TInitContextEPNS0_16PackageInfoTableEyjPv 00000001400321bc     sysinit.o
 0005:000001c8       $pdata$_ZN7Sysinit8_InitExeEPv 00000001400321c8     sysinit.o
 0005:000001d4       $pdata$delayhlp            00000001400321d4     sysinit.o
 0005:00000204       $pdata$_ZN7Sysinit12FinalizationEv 0000000140032204     sysinit.o
 0005:00000210       $pdata$_ZN7Sysinit14initializationEv 0000000140032210     sysinit.o
 0005:000025b0       $pdata$_ZN6System8Internal7Strhlpr15UnicodeFromAnsiERNS_13UnicodeStringERNS_11AnsiStringTILt65535EEE 00000001400345b0     rtl:System.Internal.StrHlpr.o
 0005:000025bc       $pdata$_ZN6System8Internal7Strhlpr16UnicodeFromPCharERNS_13UnicodeStringEPcb 00000001400345bc     rtl:System.Internal.StrHlpr.o
 0005:000025d4       $pdata$_ZN6System8Internal7Strhlpr15UnicodeFromUTF8ERNS_13UnicodeStringEPKc 00000001400345d4     rtl:System.Internal.StrHlpr.o
 0005:000025e0       $pdata$_ZN6System8Internal7Strhlpr20UnicodeFromPWideCharERNS_13UnicodeStringEPw 00000001400345e0     rtl:System.Internal.StrHlpr.o
 0005:000025ec       $pdata$_ZN6System8Internal7Strhlpr13UnicodeAppendERNS_13UnicodeStringES3_ 00000001400345ec     rtl:System.Internal.StrHlpr.o
 0005:000025f8       $pdata$_ZN6System8Internal7Strhlpr10UnicodeCatERNS_13UnicodeStringES3_ 00000001400345f8     rtl:System.Internal.StrHlpr.o
 0005:00002604       $pdata$_ZN6System8Internal7Strhlpr13UnicodeDeleteERNS_13UnicodeStringEii 0000000140034604     rtl:System.Internal.StrHlpr.o
 0005:00002610       $pdata$_ZN6System8Internal7Strhlpr16UnicodeSetLengthERNS_13UnicodeStringEi 0000000140034610     rtl:System.Internal.StrHlpr.o
 0005:0000261c       $pdata$_ZN6System8Internal7Strhlpr10UnicodePosERNS_13UnicodeStringES3_ 000000014003461c     rtl:System.Internal.StrHlpr.o
 0005:00002628       $pdata$_ZN6System8Internal7Strhlpr11UnicodeCopyERNS_13UnicodeStringEii 0000000140034628     rtl:System.Internal.StrHlpr.o
 0005:00002634       $pdata$_ZN6System8Internal7Strhlpr13UnicodeInsertERNS_13UnicodeStringES3_i 0000000140034634     rtl:System.Internal.StrHlpr.o
 0005:00002640       $pdata$_ZN6System8Internal7Strhlpr13UnicodeAssignERNS_13UnicodeStringES3_ 0000000140034640     rtl:System.Internal.StrHlpr.o
 0005:0000264c       $pdata$_ZN6System8Internal7Strhlpr11UnicodeFreeERNS_13UnicodeStringE 000000014003464c     rtl:System.Internal.StrHlpr.o
 0005:00002658       $pdata$_ZN6System8Internal7Strhlpr12UnicodeEqualERNS_13UnicodeStringES3_ 0000000140034658     rtl:System.Internal.StrHlpr.o
 0005:00002664       $pdata$_ZN6System8Internal7Strhlpr11UnicodeLessERNS_13UnicodeStringES3_ 0000000140034664     rtl:System.Internal.StrHlpr.o
 0005:00002670       $pdata$_ZN6System8Internal7Strhlpr14UnicodeGreaterERNS_13UnicodeStringES3_ 0000000140034670     rtl:System.Internal.StrHlpr.o
 0005:0000267c       $pdata$_ZN6System8Internal7Strhlpr10AnsiAppendERNS_11AnsiStringTILt65535EEES4_ 000000014003467c     rtl:System.Internal.StrHlpr.o
 0005:00002688       $pdata$_ZN6System8Internal7Strhlpr7AnsiCatERNS_11AnsiStringTILt65535EEES4_ 0000000140034688     rtl:System.Internal.StrHlpr.o
 0005:00002694       $pdata$_ZN6System8Internal7Strhlpr10AnsiDeleteERNS_11AnsiStringTILt65535EEEii 0000000140034694     rtl:System.Internal.StrHlpr.o
 0005:000026a0       $pdata$_ZN6System8Internal7Strhlpr13AnsiSetLengthERNS_11AnsiStringTILt65535EEEi 00000001400346a0     rtl:System.Internal.StrHlpr.o
 0005:000026ac       $pdata$_ZN6System8Internal7Strhlpr7AnsiPosERNS_11AnsiStringTILt65535EEES4_ 00000001400346ac     rtl:System.Internal.StrHlpr.o
 0005:000026b8       $pdata$_ZN6System8Internal7Strhlpr8AnsiCopyERNS_11AnsiStringTILt65535EEEii 00000001400346b8     rtl:System.Internal.StrHlpr.o
 0005:000026c4       $pdata$_ZN6System8Internal7Strhlpr10AnsiInsertERNS_11AnsiStringTILt65535EEES4_i 00000001400346c4     rtl:System.Internal.StrHlpr.o
 0005:000026d0       $pdata$_ZN6System8Internal7Strhlpr9AnsiEqualERNS_11AnsiStringTILt65535EEES4_ 00000001400346d0     rtl:System.Internal.StrHlpr.o
 0005:000026dc       $pdata$_ZN6System8Internal7Strhlpr11AnsiGreaterERNS_11AnsiStringTILt65535EEES4_ 00000001400346dc     rtl:System.Internal.StrHlpr.o
 0005:000026e8       $pdata$_ZN6System8Internal7Strhlpr8AnsiLessERNS_11AnsiStringTILt65535EEES4_ 00000001400346e8     rtl:System.Internal.StrHlpr.o
 0005:000026f4       $pdata$_ZN6System8Internal7Strhlpr10AnsiAssignERNS_11AnsiStringTILt65535EEES4_ 00000001400346f4     rtl:System.Internal.StrHlpr.o
 0005:00002700       $pdata$_ZN6System8Internal7Strhlpr8AnsiFreeERNS_11AnsiStringTILt65535EEE 0000000140034700     rtl:System.Internal.StrHlpr.o
 0005:0000270c       $pdata$_ZN6System8Internal7Strhlpr10WideAssignERNS_10WideStringES3_ 000000014003470c     rtl:System.Internal.StrHlpr.o
 0005:00002718       $pdata$_ZN6System8Internal7Strhlpr8WideFreeERNS_10WideStringE 0000000140034718     rtl:System.Internal.StrHlpr.o
 0005:00002724       $pdata$_ZN6System8Internal7Strhlpr12WideFromAnsiERNS_10WideStringERNS_11AnsiStringTILt65535EEE 0000000140034724     rtl:System.Internal.StrHlpr.o
 0005:00002730       $pdata$_ZN6System8Internal7Strhlpr15WideFromUnicodeERNS_10WideStringERNS_13UnicodeStringE 0000000140034730     rtl:System.Internal.StrHlpr.o
 0005:0000273c       $pdata$_ZN6System8Internal7Strhlpr13WideFromPCharERNS_10WideStringEPcb 000000014003473c     rtl:System.Internal.StrHlpr.o
 0005:00002754       $pdata$_ZN6System8Internal7Strhlpr9WideEqualERNS_10WideStringES3_ 0000000140034754     rtl:System.Internal.StrHlpr.o
 0005:00002760       $pdata$_ZN6System8Internal7Strhlpr8WideLessERNS_10WideStringES3_ 0000000140034760     rtl:System.Internal.StrHlpr.o
 0005:0000276c       $pdata$_ZN6System8Internal7Strhlpr11WideGreaterERNS_10WideStringES3_ 000000014003476c     rtl:System.Internal.StrHlpr.o
 0005:00002778       $pdata$_ZN6System8Internal7Strhlpr7WideCatERNS_10WideStringES3_ 0000000140034778     rtl:System.Internal.StrHlpr.o
 0005:00002784       $pdata$_ZN6System8Internal7Strhlpr10WideLengthERNS_10WideStringE 0000000140034784     rtl:System.Internal.StrHlpr.o
 0005:00002790       $pdata$_ZN6System8Internal7Strhlpr7WidePosERNS_10WideStringES3_ 0000000140034790     rtl:System.Internal.StrHlpr.o
 0005:0000279c       $pdata$_ZN6System8Internal7Strhlpr13WideSetLengthERNS_10WideStringEi 000000014003479c     rtl:System.Internal.StrHlpr.o
 0005:000027a8       $pdata$_ZN6System8Internal7Strhlpr10WideDeleteERNS_10WideStringEii 00000001400347a8     rtl:System.Internal.StrHlpr.o
 0005:000027b4       $pdata$_ZN6System8Internal7Strhlpr10WideInsertERNS_10WideStringES3_i 00000001400347b4     rtl:System.Internal.StrHlpr.o
 0005:000027c0       $pdata$_ZN6System8Internal7Strhlpr8WideCopyERNS_10WideStringEii 00000001400347c0     rtl:System.Internal.StrHlpr.o
 0005:000027cc       $pdata$_ZN6System8Internal7Strhlpr10WideAppendERNS_10WideStringES3_ 00000001400347cc     rtl:System.Internal.StrHlpr.o
 0005:000027d8       $pdata$_ZN6System8Internal7Strhlpr12WideFromUTF8ERNS_10WideStringEPKc 00000001400347d8     rtl:System.Internal.StrHlpr.o
 0005:000027f0       $pdata$_ZN6System8Internal7Strhlpr15UnicodeFromWideERNS_13UnicodeStringERNS_10WideStringE 00000001400347f0     rtl:System.Internal.StrHlpr.o
 0005:000027fc       $pdata$_ZN6System8Internal7Strhlpr12FinalizationEv 00000001400347fc     rtl:System.Internal.StrHlpr.o
 0005:00002808       $pdata$_ZN6System8Internal7Strhlpr14initializationEv 0000000140034808     rtl:System.Internal.StrHlpr.o
 0005:00002868       $pdata$_ZN6System8Internal7Initcpp23SelectForInitializationEPNS1_20TUnitDescriptorBlockES3_ 0000000140034868     rtl:System.Internal.InitCPP.o
 0005:00002874       $pdata$_ZN6System8Internal7Initcpp23SelectForInitializationEPPNS1_20TUnitDescriptorBlockES4_ 0000000140034874     rtl:System.Internal.InitCPP.o
 0005:00002880       $pdata$_ZN6System8Internal7Initcpp15InitializeUnitsEPNS1_20TUnitDescriptorBlockES3_ 0000000140034880     rtl:System.Internal.InitCPP.o
 0005:0000288c       $pdata$_ZN6System8Internal7Initcpp13FinalizeUnitsEPNS1_20TUnitDescriptorBlockES3_ 000000014003488c     rtl:System.Internal.InitCPP.o
 0005:00002898       $pdata$_ZN6System8Internal7Initcpp15InitializeUnitsEPPNS1_20TUnitDescriptorBlockES4_ 0000000140034898     rtl:System.Internal.InitCPP.o
 0005:000028a4       $pdata$_ZN6System8Internal7Initcpp13FinalizeUnitsEPPNS1_20TUnitDescriptorBlockES4_ 00000001400348a4     rtl:System.Internal.InitCPP.o
 0005:000028b0       $pdata$_ZN6System8Internal7Initcpp15InitializeUnitsEPNS1_15TUnitDescriptorES3_ 00000001400348b0     rtl:System.Internal.InitCPP.o
 0005:000028bc       $pdata$_ZN6System8Internal7Initcpp13FinalizeUnitsEPNS1_15TUnitDescriptorES3_ 00000001400348bc     rtl:System.Internal.InitCPP.o
 0005:000028c8       $pdata$_ZN6System8Internal7Initcpp15CalculateDegreeEPNS1_20TUnitDescriptorBlockES3_ 00000001400348c8     rtl:System.Internal.InitCPP.o
 0005:000028d4       $pdata$_ZN6System8Internal7Initcpp15CalculateDegreeEPPNS1_20TUnitDescriptorBlockES4_ 00000001400348d4     rtl:System.Internal.InitCPP.o
 0005:000028e0       $pdata$_ZN6System8Internal7Initcpp16FinalizeUnitListEPPPNS1_15TUnitDescriptorES5_ 00000001400348e0     rtl:System.Internal.InitCPP.o
 0005:000028f8       $pdata$_ZN6System8Internal7Initcpp18InitializeRootUnitEPNS1_15TUnitDescriptorE 00000001400348f8     rtl:System.Internal.InitCPP.o
 0005:00002934       $pdata$_ZN6System8Internal7Initcpp16FinalizeRootUnitEPNS1_15TUnitDescriptorE 0000000140034934     rtl:System.Internal.InitCPP.o
 0005:0000294c       $pdata$_ZN6System8Internal7Initcpp12FinalizationEv 000000014003494c     rtl:System.Internal.InitCPP.o
 0005:00002958       $pdata$_ZN6System8Internal7Initcpp14initializationEv 0000000140034958     rtl:System.Internal.InitCPP.o
 000b:00000430       $R000000                   000000014003a430     internal .obj file created from .res files
 000b:00000a20       $R000001                   000000014003aa20     internal .obj file created from .res files
 000b:00001f00       $R000002                   000000014003bf00     internal .obj file created from .res files
 000b:000025b8       $R000003                   000000014003c5b8     internal .obj file created from .res files
 000b:00003470       $R000004                   000000014003d470     internal .obj file created from .res files
 000b:00003658       $R000005                   000000014003d658     internal .obj file created from .res files
 000b:00004c80       $R000006                   000000014003ec80     internal .obj file created from .res files
 000b:00005b28       $R000007                   000000014003fb28     internal .obj file created from .res files
 000b:000063d0       $R000008                   00000001400403d0     internal .obj file created from .res files
 000b:00006938       $R000009                   0000000140040938     internal .obj file created from .res files
 000b:0000cdf8       $R00000A                   0000000140046df8     internal .obj file created from .res files
 000b:0001d620       $R00000B                   0000000140057620     internal .obj file created from .res files
 000b:00021848       $R00000C                   000000014005b848     internal .obj file created from .res files
 000b:000221d0       $R00000D                   000000014005c1d0     internal .obj file created from .res files
 000b:00022638       $R00000E                   000000014005c638     internal .obj file created from .res files
 000b:000226c0       $R00000F                   000000014005c6c0     internal .obj file created from .res files
 000b:00022dd0       $R000010                   000000014005cdd0     internal .obj file created from .res files
